gthr-default.h:229:1:int __gthread_key_delete(__gthread_key_t)	16	static
stm32f4xx.h:420:16:uint8_t gpio_baseAddr_to_code(GPIO_RegDef_t*)	16	static
stm32f446re_gpio_driver.h:121:11:u8 GPIO_Handler::get_irq_pinNum(u8)	16	static
stm32f446re_gpio_driver.cpp:18:1:GPIO_Handler::GPIO_Handler(GPIO_RegDef_t*, uint8_t, uint8_t, uint8_t, uint8_t, uint8_t, uint8_t, uint8_t)	32	static
stm32f446re_gpio_driver.cpp:42:1:GPIO_Handler::~GPIO_Handler()	16	static
stm32f446re_gpio_driver.cpp:54:6:void GPIO_Handler::GPIO_PeriClockControl()	16	static
stm32f446re_gpio_driver.cpp:82:6:void GPIO_Handler::GPIO_Init()	32	static
stm32f446re_gpio_driver.cpp:160:6:void GPIO_Handler::GPIO_DeInit()	16	static
stm32f446re_gpio_driver.cpp:188:4:u8 GPIO_Handler::GPIO_ReadFromInputPin() const	24	static
stm32f446re_gpio_driver.cpp:202:10:uint16_t GPIO_Handler::GPIO_ReadFromInputPort() const	24	static
stm32f446re_gpio_driver.cpp:216:6:void GPIO_Handler::GPIO_WriteToOutputPin(u8)	16	static
stm32f446re_gpio_driver.cpp:232:6:void GPIO_Handler::GPIO_WriteToOutputPort(uint16_t)	16	static
stm32f446re_gpio_driver.cpp:245:6:void GPIO_Handler::GPIO_ToggleOutputPin()	16	static
stm32f446re_gpio_driver.cpp:258:6:void GPIO_Handler::GPIO_IRQInterruptConfig(u8, u8)	16	static
stm32f446re_gpio_driver.cpp:294:6:void GPIO_Handler::GPIO_IRQPriorityConfig(u8, u8)	24	static
stm32f446re_gpio_driver.cpp:310:6:void GPIO_IRQHandling(u8)	16	static
stm32f446re_gpio_driver.cpp:316:1:void __static_initialization_and_destruction_0(int, int)	16	static
stm32f446re_gpio_driver.cpp:316:1:cpp)	8	static
stm32f446re_gpio_driver.cpp:316:1:cpp)	8	static
