Archive member included to satisfy reference by file (symbol)

c:/st/stm32cubeide_1.3.0/stm32cubeide/plugins/com.st.stm32cube.ide.mcu.externaltools.gnu-tools-for-stm32.7-2018-q2-update.win32_1.4.0.202007081208/tools/bin/../lib/gcc/arm-none-eabi/7.3.1/../../../../arm-none-eabi/lib/thumb/v7e-m\libc_nano.a(lib_a-errno.o)
                              Src/syscalls.o (__errno)
c:/st/stm32cubeide_1.3.0/stm32cubeide/plugins/com.st.stm32cube.ide.mcu.externaltools.gnu-tools-for-stm32.7-2018-q2-update.win32_1.4.0.202007081208/tools/bin/../lib/gcc/arm-none-eabi/7.3.1/../../../../arm-none-eabi/lib/thumb/v7e-m\libc_nano.a(lib_a-exit.o)
                              c:/st/stm32cubeide_1.3.0/stm32cubeide/plugins/com.st.stm32cube.ide.mcu.externaltools.gnu-tools-for-stm32.7-2018-q2-update.win32_1.4.0.202007081208/tools/bin/../lib/gcc/arm-none-eabi/7.3.1/../../../../arm-none-eabi/lib/thumb/v7e-m/crt0.o (exit)
c:/st/stm32cubeide_1.3.0/stm32cubeide/plugins/com.st.stm32cube.ide.mcu.externaltools.gnu-tools-for-stm32.7-2018-q2-update.win32_1.4.0.202007081208/tools/bin/../lib/gcc/arm-none-eabi/7.3.1/../../../../arm-none-eabi/lib/thumb/v7e-m\libc_nano.a(lib_a-impure.o)
                              c:/st/stm32cubeide_1.3.0/stm32cubeide/plugins/com.st.stm32cube.ide.mcu.externaltools.gnu-tools-for-stm32.7-2018-q2-update.win32_1.4.0.202007081208/tools/bin/../lib/gcc/arm-none-eabi/7.3.1/../../../../arm-none-eabi/lib/thumb/v7e-m\libc_nano.a(lib_a-exit.o) (_global_impure_ptr)
c:/st/stm32cubeide_1.3.0/stm32cubeide/plugins/com.st.stm32cube.ide.mcu.externaltools.gnu-tools-for-stm32.7-2018-q2-update.win32_1.4.0.202007081208/tools/bin/../lib/gcc/arm-none-eabi/7.3.1/../../../../arm-none-eabi/lib/thumb/v7e-m\libc_nano.a(lib_a-init.o)
                              c:/st/stm32cubeide_1.3.0/stm32cubeide/plugins/com.st.stm32cube.ide.mcu.externaltools.gnu-tools-for-stm32.7-2018-q2-update.win32_1.4.0.202007081208/tools/bin/../lib/gcc/arm-none-eabi/7.3.1/../../../../arm-none-eabi/lib/thumb/v7e-m/crt0.o (__libc_init_array)
c:/st/stm32cubeide_1.3.0/stm32cubeide/plugins/com.st.stm32cube.ide.mcu.externaltools.gnu-tools-for-stm32.7-2018-q2-update.win32_1.4.0.202007081208/tools/bin/../lib/gcc/arm-none-eabi/7.3.1/../../../../arm-none-eabi/lib/thumb/v7e-m\libc_nano.a(lib_a-memset.o)
                              c:/st/stm32cubeide_1.3.0/stm32cubeide/plugins/com.st.stm32cube.ide.mcu.externaltools.gnu-tools-for-stm32.7-2018-q2-update.win32_1.4.0.202007081208/tools/bin/../lib/gcc/arm-none-eabi/7.3.1/../../../../arm-none-eabi/lib/thumb/v7e-m/crt0.o (memset)

Discarded input sections

 .text          0x0000000000000000        0x0 c:/st/stm32cubeide_1.3.0/stm32cubeide/plugins/com.st.stm32cube.ide.mcu.externaltools.gnu-tools-for-stm32.7-2018-q2-update.win32_1.4.0.202007081208/tools/bin/../lib/gcc/arm-none-eabi/7.3.1/thumb/v7e-m/crti.o
 .data          0x0000000000000000        0x0 c:/st/stm32cubeide_1.3.0/stm32cubeide/plugins/com.st.stm32cube.ide.mcu.externaltools.gnu-tools-for-stm32.7-2018-q2-update.win32_1.4.0.202007081208/tools/bin/../lib/gcc/arm-none-eabi/7.3.1/thumb/v7e-m/crti.o
 .bss           0x0000000000000000        0x0 c:/st/stm32cubeide_1.3.0/stm32cubeide/plugins/com.st.stm32cube.ide.mcu.externaltools.gnu-tools-for-stm32.7-2018-q2-update.win32_1.4.0.202007081208/tools/bin/../lib/gcc/arm-none-eabi/7.3.1/thumb/v7e-m/crti.o
 .data          0x0000000000000000        0x4 c:/st/stm32cubeide_1.3.0/stm32cubeide/plugins/com.st.stm32cube.ide.mcu.externaltools.gnu-tools-for-stm32.7-2018-q2-update.win32_1.4.0.202007081208/tools/bin/../lib/gcc/arm-none-eabi/7.3.1/thumb/v7e-m/crtbegin.o
 .text          0x0000000000000000       0x74 c:/st/stm32cubeide_1.3.0/stm32cubeide/plugins/com.st.stm32cube.ide.mcu.externaltools.gnu-tools-for-stm32.7-2018-q2-update.win32_1.4.0.202007081208/tools/bin/../lib/gcc/arm-none-eabi/7.3.1/../../../../arm-none-eabi/lib/thumb/v7e-m/crt0.o
 .data          0x0000000000000000        0x0 c:/st/stm32cubeide_1.3.0/stm32cubeide/plugins/com.st.stm32cube.ide.mcu.externaltools.gnu-tools-for-stm32.7-2018-q2-update.win32_1.4.0.202007081208/tools/bin/../lib/gcc/arm-none-eabi/7.3.1/../../../../arm-none-eabi/lib/thumb/v7e-m/crt0.o
 .bss           0x0000000000000000        0x0 c:/st/stm32cubeide_1.3.0/stm32cubeide/plugins/com.st.stm32cube.ide.mcu.externaltools.gnu-tools-for-stm32.7-2018-q2-update.win32_1.4.0.202007081208/tools/bin/../lib/gcc/arm-none-eabi/7.3.1/../../../../arm-none-eabi/lib/thumb/v7e-m/crt0.o
 .ARM.extab     0x0000000000000000        0x0 c:/st/stm32cubeide_1.3.0/stm32cubeide/plugins/com.st.stm32cube.ide.mcu.externaltools.gnu-tools-for-stm32.7-2018-q2-update.win32_1.4.0.202007081208/tools/bin/../lib/gcc/arm-none-eabi/7.3.1/../../../../arm-none-eabi/lib/thumb/v7e-m/crt0.o
 .ARM.exidx     0x0000000000000000        0x8 c:/st/stm32cubeide_1.3.0/stm32cubeide/plugins/com.st.stm32cube.ide.mcu.externaltools.gnu-tools-for-stm32.7-2018-q2-update.win32_1.4.0.202007081208/tools/bin/../lib/gcc/arm-none-eabi/7.3.1/../../../../arm-none-eabi/lib/thumb/v7e-m/crt0.o
 .ARM.attributes
                0x0000000000000000       0x1c c:/st/stm32cubeide_1.3.0/stm32cubeide/plugins/com.st.stm32cube.ide.mcu.externaltools.gnu-tools-for-stm32.7-2018-q2-update.win32_1.4.0.202007081208/tools/bin/../lib/gcc/arm-none-eabi/7.3.1/../../../../arm-none-eabi/lib/thumb/v7e-m/crt0.o
 .group         0x0000000000000000        0x8 Src/005_blinkLEDwithTimer.o
 .group         0x0000000000000000        0xc Src/005_blinkLEDwithTimer.o
 .group         0x0000000000000000        0xc Src/005_blinkLEDwithTimer.o
 .group         0x0000000000000000        0xc Src/005_blinkLEDwithTimer.o
 .group         0x0000000000000000        0xc Src/005_blinkLEDwithTimer.o
 .group         0x0000000000000000        0xc Src/005_blinkLEDwithTimer.o
 .group         0x0000000000000000        0xc Src/005_blinkLEDwithTimer.o
 .group         0x0000000000000000        0xc Src/005_blinkLEDwithTimer.o
 .group         0x0000000000000000        0xc Src/005_blinkLEDwithTimer.o
 .group         0x0000000000000000        0xc Src/005_blinkLEDwithTimer.o
 .group         0x0000000000000000        0xc Src/005_blinkLEDwithTimer.o
 .group         0x0000000000000000        0xc Src/005_blinkLEDwithTimer.o
 .group         0x0000000000000000        0xc Src/005_blinkLEDwithTimer.o
 .group         0x0000000000000000        0xc Src/005_blinkLEDwithTimer.o
 .group         0x0000000000000000        0xc Src/005_blinkLEDwithTimer.o
 .group         0x0000000000000000        0xc Src/005_blinkLEDwithTimer.o
 .group         0x0000000000000000        0xc Src/005_blinkLEDwithTimer.o
 .group         0x0000000000000000        0xc Src/005_blinkLEDwithTimer.o
 .group         0x0000000000000000        0xc Src/005_blinkLEDwithTimer.o
 .group         0x0000000000000000        0xc Src/005_blinkLEDwithTimer.o
 .group         0x0000000000000000        0xc Src/005_blinkLEDwithTimer.o
 .group         0x0000000000000000        0xc Src/005_blinkLEDwithTimer.o
 .group         0x0000000000000000        0xc Src/005_blinkLEDwithTimer.o
 .group         0x0000000000000000        0xc Src/005_blinkLEDwithTimer.o
 .group         0x0000000000000000        0xc Src/005_blinkLEDwithTimer.o
 .group         0x0000000000000000        0xc Src/005_blinkLEDwithTimer.o
 .group         0x0000000000000000        0xc Src/005_blinkLEDwithTimer.o
 .group         0x0000000000000000        0xc Src/005_blinkLEDwithTimer.o
 .group         0x0000000000000000        0xc Src/005_blinkLEDwithTimer.o
 .group         0x0000000000000000        0xc Src/005_blinkLEDwithTimer.o
 .group         0x0000000000000000        0xc Src/005_blinkLEDwithTimer.o
 .group         0x0000000000000000        0xc Src/005_blinkLEDwithTimer.o
 .group         0x0000000000000000        0xc Src/005_blinkLEDwithTimer.o
 .group         0x0000000000000000        0xc Src/005_blinkLEDwithTimer.o
 .group         0x0000000000000000        0xc Src/005_blinkLEDwithTimer.o
 .group         0x0000000000000000        0xc Src/005_blinkLEDwithTimer.o
 .group         0x0000000000000000        0xc Src/005_blinkLEDwithTimer.o
 .group         0x0000000000000000        0xc Src/005_blinkLEDwithTimer.o
 .group         0x0000000000000000        0xc Src/005_blinkLEDwithTimer.o
 .group         0x0000000000000000        0xc Src/005_blinkLEDwithTimer.o
 .group         0x0000000000000000        0xc Src/005_blinkLEDwithTimer.o
 .group         0x0000000000000000        0xc Src/005_blinkLEDwithTimer.o
 .group         0x0000000000000000        0xc Src/005_blinkLEDwithTimer.o
 .group         0x0000000000000000        0xc Src/005_blinkLEDwithTimer.o
 .group         0x0000000000000000        0xc Src/005_blinkLEDwithTimer.o
 .group         0x0000000000000000        0xc Src/005_blinkLEDwithTimer.o
 .group         0x0000000000000000        0xc Src/005_blinkLEDwithTimer.o
 .group         0x0000000000000000        0xc Src/005_blinkLEDwithTimer.o
 .group         0x0000000000000000        0xc Src/005_blinkLEDwithTimer.o
 .group         0x0000000000000000        0xc Src/005_blinkLEDwithTimer.o
 .group         0x0000000000000000        0xc Src/005_blinkLEDwithTimer.o
 .group         0x0000000000000000        0xc Src/005_blinkLEDwithTimer.o
 .group         0x0000000000000000        0xc Src/005_blinkLEDwithTimer.o
 .group         0x0000000000000000        0xc Src/005_blinkLEDwithTimer.o
 .group         0x0000000000000000        0xc Src/005_blinkLEDwithTimer.o
 .group         0x0000000000000000        0xc Src/005_blinkLEDwithTimer.o
 .group         0x0000000000000000        0xc Src/005_blinkLEDwithTimer.o
 .group         0x0000000000000000        0xc Src/005_blinkLEDwithTimer.o
 .group         0x0000000000000000        0xc Src/005_blinkLEDwithTimer.o
 .group         0x0000000000000000        0xc Src/005_blinkLEDwithTimer.o
 .group         0x0000000000000000        0xc Src/005_blinkLEDwithTimer.o
 .group         0x0000000000000000        0xc Src/005_blinkLEDwithTimer.o
 .group         0x0000000000000000        0xc Src/005_blinkLEDwithTimer.o
 .group         0x0000000000000000        0xc Src/005_blinkLEDwithTimer.o
 .group         0x0000000000000000        0xc Src/005_blinkLEDwithTimer.o
 .group         0x0000000000000000        0xc Src/005_blinkLEDwithTimer.o
 .group         0x0000000000000000        0xc Src/005_blinkLEDwithTimer.o
 .group         0x0000000000000000        0xc Src/005_blinkLEDwithTimer.o
 .group         0x0000000000000000        0xc Src/005_blinkLEDwithTimer.o
 .group         0x0000000000000000        0xc Src/005_blinkLEDwithTimer.o
 .group         0x0000000000000000        0xc Src/005_blinkLEDwithTimer.o
 .group         0x0000000000000000        0xc Src/005_blinkLEDwithTimer.o
 .group         0x0000000000000000        0xc Src/005_blinkLEDwithTimer.o
 .group         0x0000000000000000        0xc Src/005_blinkLEDwithTimer.o
 .group         0x0000000000000000        0xc Src/005_blinkLEDwithTimer.o
 .group         0x0000000000000000        0xc Src/005_blinkLEDwithTimer.o
 .group         0x0000000000000000        0xc Src/005_blinkLEDwithTimer.o
 .group         0x0000000000000000        0xc Src/005_blinkLEDwithTimer.o
 .group         0x0000000000000000        0xc Src/005_blinkLEDwithTimer.o
 .group         0x0000000000000000        0xc Src/005_blinkLEDwithTimer.o
 .group         0x0000000000000000        0xc Src/005_blinkLEDwithTimer.o
 .group         0x0000000000000000        0xc Src/005_blinkLEDwithTimer.o
 .group         0x0000000000000000        0xc Src/005_blinkLEDwithTimer.o
 .group         0x0000000000000000        0xc Src/005_blinkLEDwithTimer.o
 .group         0x0000000000000000        0xc Src/005_blinkLEDwithTimer.o
 .group         0x0000000000000000        0xc Src/005_blinkLEDwithTimer.o
 .text          0x0000000000000000        0x0 Src/005_blinkLEDwithTimer.o
 .data          0x0000000000000000        0x0 Src/005_blinkLEDwithTimer.o
 .bss           0x0000000000000000        0x0 Src/005_blinkLEDwithTimer.o
 .bss.SysTick   0x0000000000000000        0x1 Src/005_blinkLEDwithTimer.o
 .group         0x0000000000000000        0xc Src/syscalls.o
 .group         0x0000000000000000        0xc Src/syscalls.o
 .group         0x0000000000000000        0xc Src/syscalls.o
 .group         0x0000000000000000        0xc Src/syscalls.o
 .group         0x0000000000000000        0xc Src/syscalls.o
 .group         0x0000000000000000        0xc Src/syscalls.o
 .group         0x0000000000000000        0xc Src/syscalls.o
 .group         0x0000000000000000        0xc Src/syscalls.o
 .group         0x0000000000000000        0xc Src/syscalls.o
 .group         0x0000000000000000        0xc Src/syscalls.o
 .group         0x0000000000000000        0xc Src/syscalls.o
 .group         0x0000000000000000        0xc Src/syscalls.o
 .group         0x0000000000000000        0xc Src/syscalls.o
 .group         0x0000000000000000        0xc Src/syscalls.o
 .group         0x0000000000000000        0xc Src/syscalls.o
 .group         0x0000000000000000        0xc Src/syscalls.o
 .group         0x0000000000000000        0xc Src/syscalls.o
 .group         0x0000000000000000        0xc Src/syscalls.o
 .group         0x0000000000000000        0xc Src/syscalls.o
 .group         0x0000000000000000        0xc Src/syscalls.o
 .group         0x0000000000000000        0xc Src/syscalls.o
 .group         0x0000000000000000        0xc Src/syscalls.o
 .group         0x0000000000000000        0xc Src/syscalls.o
 .group         0x0000000000000000        0xc Src/syscalls.o
 .group         0x0000000000000000        0xc Src/syscalls.o
 .group         0x0000000000000000        0xc Src/syscalls.o
 .group         0x0000000000000000        0xc Src/syscalls.o
 .group         0x0000000000000000        0xc Src/syscalls.o
 .group         0x0000000000000000        0xc Src/syscalls.o
 .group         0x0000000000000000        0xc Src/syscalls.o
 .group         0x0000000000000000        0xc Src/syscalls.o
 .group         0x0000000000000000        0xc Src/syscalls.o
 .group         0x0000000000000000        0xc Src/syscalls.o
 .group         0x0000000000000000        0xc Src/syscalls.o
 .group         0x0000000000000000        0xc Src/syscalls.o
 .group         0x0000000000000000        0xc Src/syscalls.o
 .group         0x0000000000000000        0xc Src/syscalls.o
 .group         0x0000000000000000        0xc Src/syscalls.o
 .group         0x0000000000000000        0xc Src/syscalls.o
 .group         0x0000000000000000        0xc Src/syscalls.o
 .group         0x0000000000000000        0xc Src/syscalls.o
 .group         0x0000000000000000        0xc Src/syscalls.o
 .group         0x0000000000000000        0xc Src/syscalls.o
 .group         0x0000000000000000        0xc Src/syscalls.o
 .text          0x0000000000000000        0x0 Src/syscalls.o
 .data          0x0000000000000000        0x0 Src/syscalls.o
 .bss           0x0000000000000000        0x0 Src/syscalls.o
 .text.ITM_SendChar
                0x0000000000000000       0x4c Src/syscalls.o
 .bss.__env     0x0000000000000000        0x4 Src/syscalls.o
 .data.environ  0x0000000000000000        0x4 Src/syscalls.o
 .text.initialise_monitor_handles
                0x0000000000000000        0xc Src/syscalls.o
 .text._getpid  0x0000000000000000        0xe Src/syscalls.o
 .text._kill    0x0000000000000000       0x20 Src/syscalls.o
 .text._exit    0x0000000000000000       0x14 Src/syscalls.o
 .text._read    0x0000000000000000       0x3a Src/syscalls.o
 .text._write   0x0000000000000000       0x38 Src/syscalls.o
 .text._close   0x0000000000000000       0x16 Src/syscalls.o
 .text._fstat   0x0000000000000000       0x1e Src/syscalls.o
 .text._isatty  0x0000000000000000       0x14 Src/syscalls.o
 .text._lseek   0x0000000000000000       0x18 Src/syscalls.o
 .text._open    0x0000000000000000       0x1a Src/syscalls.o
 .text._wait    0x0000000000000000       0x1e Src/syscalls.o
 .text._unlink  0x0000000000000000       0x1e Src/syscalls.o
 .text._times   0x0000000000000000       0x16 Src/syscalls.o
 .text._stat    0x0000000000000000       0x1e Src/syscalls.o
 .text._link    0x0000000000000000       0x20 Src/syscalls.o
 .text._fork    0x0000000000000000       0x16 Src/syscalls.o
 .text._execve  0x0000000000000000       0x22 Src/syscalls.o
 .debug_info    0x0000000000000000      0xefd Src/syscalls.o
 .debug_abbrev  0x0000000000000000      0x279 Src/syscalls.o
 .debug_aranges
                0x0000000000000000       0xb0 Src/syscalls.o
 .debug_ranges  0x0000000000000000       0xa0 Src/syscalls.o
 .debug_macro   0x0000000000000000      0x255 Src/syscalls.o
 .debug_macro   0x0000000000000000      0xa66 Src/syscalls.o
 .debug_macro   0x0000000000000000       0x22 Src/syscalls.o
 .debug_macro   0x0000000000000000       0x40 Src/syscalls.o
 .debug_macro   0x0000000000000000       0x18 Src/syscalls.o
 .debug_macro   0x0000000000000000       0x94 Src/syscalls.o
 .debug_macro   0x0000000000000000       0x3c Src/syscalls.o
 .debug_macro   0x0000000000000000       0x34 Src/syscalls.o
 .debug_macro   0x0000000000000000       0x57 Src/syscalls.o
 .debug_macro   0x0000000000000000      0x174 Src/syscalls.o
 .debug_macro   0x0000000000000000      0x330 Src/syscalls.o
 .debug_macro   0x0000000000000000       0x52 Src/syscalls.o
 .debug_macro   0x0000000000000000       0x1f Src/syscalls.o
 .debug_macro   0x0000000000000000       0x43 Src/syscalls.o
 .debug_macro   0x0000000000000000       0x20 Src/syscalls.o
 .debug_macro   0x0000000000000000      0x1a3 Src/syscalls.o
 .debug_macro   0x0000000000000000       0x10 Src/syscalls.o
 .debug_macro   0x0000000000000000       0x35 Src/syscalls.o
 .debug_macro   0x0000000000000000       0x10 Src/syscalls.o
 .debug_macro   0x0000000000000000       0x10 Src/syscalls.o
 .debug_macro   0x0000000000000000       0x10 Src/syscalls.o
 .debug_macro   0x0000000000000000       0x6a Src/syscalls.o
 .debug_macro   0x0000000000000000       0x1c Src/syscalls.o
 .debug_macro   0x0000000000000000       0x52 Src/syscalls.o
 .debug_macro   0x0000000000000000       0x40 Src/syscalls.o
 .debug_macro   0x0000000000000000       0x10 Src/syscalls.o
 .debug_macro   0x0000000000000000       0x40 Src/syscalls.o
 .debug_macro   0x0000000000000000       0xd7 Src/syscalls.o
 .debug_macro   0x0000000000000000       0x1c Src/syscalls.o
 .debug_macro   0x0000000000000000       0x3d Src/syscalls.o
 .debug_macro   0x0000000000000000       0x35 Src/syscalls.o
 .debug_macro   0x0000000000000000      0x122 Src/syscalls.o
 .debug_macro   0x0000000000000000       0x16 Src/syscalls.o
 .debug_macro   0x0000000000000000       0x16 Src/syscalls.o
 .debug_macro   0x0000000000000000       0x29 Src/syscalls.o
 .debug_macro   0x0000000000000000       0x10 Src/syscalls.o
 .debug_macro   0x0000000000000000      0x241 Src/syscalls.o
 .debug_macro   0x0000000000000000       0x1c Src/syscalls.o
 .debug_macro   0x0000000000000000       0x10 Src/syscalls.o
 .debug_macro   0x0000000000000000       0x10 Src/syscalls.o
 .debug_macro   0x0000000000000000       0x16 Src/syscalls.o
 .debug_macro   0x0000000000000000      0x145 Src/syscalls.o
 .debug_macro   0x0000000000000000      0x189 Src/syscalls.o
 .debug_macro   0x0000000000000000       0x16 Src/syscalls.o
 .debug_macro   0x0000000000000000       0x88 Src/syscalls.o
 .debug_line    0x0000000000000000      0x758 Src/syscalls.o
 .debug_str     0x0000000000000000     0x8946 Src/syscalls.o
 .comment       0x0000000000000000       0x7c Src/syscalls.o
 .debug_frame   0x0000000000000000      0x2d4 Src/syscalls.o
 .ARM.attributes
                0x0000000000000000       0x33 Src/syscalls.o
 .group         0x0000000000000000        0xc Src/sysmem.o
 .group         0x0000000000000000        0xc Src/sysmem.o
 .group         0x0000000000000000        0xc Src/sysmem.o
 .group         0x0000000000000000        0xc Src/sysmem.o
 .group         0x0000000000000000        0xc Src/sysmem.o
 .group         0x0000000000000000        0xc Src/sysmem.o
 .group         0x0000000000000000        0xc Src/sysmem.o
 .group         0x0000000000000000        0xc Src/sysmem.o
 .group         0x0000000000000000        0xc Src/sysmem.o
 .group         0x0000000000000000        0xc Src/sysmem.o
 .group         0x0000000000000000        0xc Src/sysmem.o
 .group         0x0000000000000000        0xc Src/sysmem.o
 .group         0x0000000000000000        0xc Src/sysmem.o
 .group         0x0000000000000000        0xc Src/sysmem.o
 .group         0x0000000000000000        0xc Src/sysmem.o
 .group         0x0000000000000000        0xc Src/sysmem.o
 .group         0x0000000000000000        0xc Src/sysmem.o
 .group         0x0000000000000000        0xc Src/sysmem.o
 .group         0x0000000000000000        0xc Src/sysmem.o
 .group         0x0000000000000000        0xc Src/sysmem.o
 .group         0x0000000000000000        0xc Src/sysmem.o
 .group         0x0000000000000000        0xc Src/sysmem.o
 .group         0x0000000000000000        0xc Src/sysmem.o
 .group         0x0000000000000000        0xc Src/sysmem.o
 .group         0x0000000000000000        0xc Src/sysmem.o
 .group         0x0000000000000000        0xc Src/sysmem.o
 .group         0x0000000000000000        0xc Src/sysmem.o
 .group         0x0000000000000000        0xc Src/sysmem.o
 .group         0x0000000000000000        0xc Src/sysmem.o
 .group         0x0000000000000000        0xc Src/sysmem.o
 .group         0x0000000000000000        0xc Src/sysmem.o
 .group         0x0000000000000000        0xc Src/sysmem.o
 .text          0x0000000000000000        0x0 Src/sysmem.o
 .data          0x0000000000000000        0x0 Src/sysmem.o
 .bss           0x0000000000000000        0x0 Src/sysmem.o
 .bss.heap_end.5149
                0x0000000000000000        0x4 Src/sysmem.o
 .text._sbrk    0x0000000000000000       0x58 Src/sysmem.o
 .debug_info    0x0000000000000000      0x91c Src/sysmem.o
 .debug_abbrev  0x0000000000000000      0x1bb Src/sysmem.o
 .debug_aranges
                0x0000000000000000       0x20 Src/sysmem.o
 .debug_ranges  0x0000000000000000       0x10 Src/sysmem.o
 .debug_macro   0x0000000000000000      0x1ae Src/sysmem.o
 .debug_macro   0x0000000000000000      0xa66 Src/sysmem.o
 .debug_macro   0x0000000000000000       0x10 Src/sysmem.o
 .debug_macro   0x0000000000000000       0x22 Src/sysmem.o
 .debug_macro   0x0000000000000000       0x40 Src/sysmem.o
 .debug_macro   0x0000000000000000       0x18 Src/sysmem.o
 .debug_macro   0x0000000000000000       0x94 Src/sysmem.o
 .debug_macro   0x0000000000000000       0x3c Src/sysmem.o
 .debug_macro   0x0000000000000000       0x34 Src/sysmem.o
 .debug_macro   0x0000000000000000      0x174 Src/sysmem.o
 .debug_macro   0x0000000000000000       0x57 Src/sysmem.o
 .debug_macro   0x0000000000000000       0x52 Src/sysmem.o
 .debug_macro   0x0000000000000000       0x1f Src/sysmem.o
 .debug_macro   0x0000000000000000       0x43 Src/sysmem.o
 .debug_macro   0x0000000000000000       0x20 Src/sysmem.o
 .debug_macro   0x0000000000000000      0x1a3 Src/sysmem.o
 .debug_macro   0x0000000000000000      0x23b Src/sysmem.o
 .debug_macro   0x0000000000000000       0x16 Src/sysmem.o
 .debug_macro   0x0000000000000000       0x35 Src/sysmem.o
 .debug_macro   0x0000000000000000      0x330 Src/sysmem.o
 .debug_macro   0x0000000000000000       0x10 Src/sysmem.o
 .debug_macro   0x0000000000000000       0x10 Src/sysmem.o
 .debug_macro   0x0000000000000000       0x6a Src/sysmem.o
 .debug_macro   0x0000000000000000       0x1c Src/sysmem.o
 .debug_macro   0x0000000000000000       0x52 Src/sysmem.o
 .debug_macro   0x0000000000000000       0x40 Src/sysmem.o
 .debug_macro   0x0000000000000000       0x10 Src/sysmem.o
 .debug_macro   0x0000000000000000       0x40 Src/sysmem.o
 .debug_macro   0x0000000000000000       0xd7 Src/sysmem.o
 .debug_macro   0x0000000000000000       0x1c Src/sysmem.o
 .debug_macro   0x0000000000000000       0x3d Src/sysmem.o
 .debug_macro   0x0000000000000000       0x16 Src/sysmem.o
 .debug_macro   0x0000000000000000      0x145 Src/sysmem.o
 .debug_line    0x0000000000000000      0x559 Src/sysmem.o
 .debug_str     0x0000000000000000     0x7ae4 Src/sysmem.o
 .comment       0x0000000000000000       0x7c Src/sysmem.o
 .debug_frame   0x0000000000000000       0x34 Src/sysmem.o
 .ARM.attributes
                0x0000000000000000       0x33 Src/sysmem.o
 .text          0x0000000000000000       0x14 Startup/startup_stm32f446retx.o
 .data          0x0000000000000000        0x0 Startup/startup_stm32f446retx.o
 .bss           0x0000000000000000        0x0 Startup/startup_stm32f446retx.o
 .text          0x0000000000000000        0x0 c:/st/stm32cubeide_1.3.0/stm32cubeide/plugins/com.st.stm32cube.ide.mcu.externaltools.gnu-tools-for-stm32.7-2018-q2-update.win32_1.4.0.202007081208/tools/bin/../lib/gcc/arm-none-eabi/7.3.1/../../../../arm-none-eabi/lib/thumb/v7e-m\libc_nano.a(lib_a-errno.o)
 .data          0x0000000000000000        0x0 c:/st/stm32cubeide_1.3.0/stm32cubeide/plugins/com.st.stm32cube.ide.mcu.externaltools.gnu-tools-for-stm32.7-2018-q2-update.win32_1.4.0.202007081208/tools/bin/../lib/gcc/arm-none-eabi/7.3.1/../../../../arm-none-eabi/lib/thumb/v7e-m\libc_nano.a(lib_a-errno.o)
 .bss           0x0000000000000000        0x0 c:/st/stm32cubeide_1.3.0/stm32cubeide/plugins/com.st.stm32cube.ide.mcu.externaltools.gnu-tools-for-stm32.7-2018-q2-update.win32_1.4.0.202007081208/tools/bin/../lib/gcc/arm-none-eabi/7.3.1/../../../../arm-none-eabi/lib/thumb/v7e-m\libc_nano.a(lib_a-errno.o)
 .text.__errno  0x0000000000000000        0xc c:/st/stm32cubeide_1.3.0/stm32cubeide/plugins/com.st.stm32cube.ide.mcu.externaltools.gnu-tools-for-stm32.7-2018-q2-update.win32_1.4.0.202007081208/tools/bin/../lib/gcc/arm-none-eabi/7.3.1/../../../../arm-none-eabi/lib/thumb/v7e-m\libc_nano.a(lib_a-errno.o)
 .debug_frame   0x0000000000000000       0x20 c:/st/stm32cubeide_1.3.0/stm32cubeide/plugins/com.st.stm32cube.ide.mcu.externaltools.gnu-tools-for-stm32.7-2018-q2-update.win32_1.4.0.202007081208/tools/bin/../lib/gcc/arm-none-eabi/7.3.1/../../../../arm-none-eabi/lib/thumb/v7e-m\libc_nano.a(lib_a-errno.o)
 .ARM.attributes
                0x0000000000000000       0x2e c:/st/stm32cubeide_1.3.0/stm32cubeide/plugins/com.st.stm32cube.ide.mcu.externaltools.gnu-tools-for-stm32.7-2018-q2-update.win32_1.4.0.202007081208/tools/bin/../lib/gcc/arm-none-eabi/7.3.1/../../../../arm-none-eabi/lib/thumb/v7e-m\libc_nano.a(lib_a-errno.o)
 .text          0x0000000000000000        0x0 c:/st/stm32cubeide_1.3.0/stm32cubeide/plugins/com.st.stm32cube.ide.mcu.externaltools.gnu-tools-for-stm32.7-2018-q2-update.win32_1.4.0.202007081208/tools/bin/../lib/gcc/arm-none-eabi/7.3.1/../../../../arm-none-eabi/lib/thumb/v7e-m\libc_nano.a(lib_a-exit.o)
 .data          0x0000000000000000        0x0 c:/st/stm32cubeide_1.3.0/stm32cubeide/plugins/com.st.stm32cube.ide.mcu.externaltools.gnu-tools-for-stm32.7-2018-q2-update.win32_1.4.0.202007081208/tools/bin/../lib/gcc/arm-none-eabi/7.3.1/../../../../arm-none-eabi/lib/thumb/v7e-m\libc_nano.a(lib_a-exit.o)
 .bss           0x0000000000000000        0x0 c:/st/stm32cubeide_1.3.0/stm32cubeide/plugins/com.st.stm32cube.ide.mcu.externaltools.gnu-tools-for-stm32.7-2018-q2-update.win32_1.4.0.202007081208/tools/bin/../lib/gcc/arm-none-eabi/7.3.1/../../../../arm-none-eabi/lib/thumb/v7e-m\libc_nano.a(lib_a-exit.o)
 .text.exit     0x0000000000000000       0x28 c:/st/stm32cubeide_1.3.0/stm32cubeide/plugins/com.st.stm32cube.ide.mcu.externaltools.gnu-tools-for-stm32.7-2018-q2-update.win32_1.4.0.202007081208/tools/bin/../lib/gcc/arm-none-eabi/7.3.1/../../../../arm-none-eabi/lib/thumb/v7e-m\libc_nano.a(lib_a-exit.o)
 .debug_frame   0x0000000000000000       0x28 c:/st/stm32cubeide_1.3.0/stm32cubeide/plugins/com.st.stm32cube.ide.mcu.externaltools.gnu-tools-for-stm32.7-2018-q2-update.win32_1.4.0.202007081208/tools/bin/../lib/gcc/arm-none-eabi/7.3.1/../../../../arm-none-eabi/lib/thumb/v7e-m\libc_nano.a(lib_a-exit.o)
 .ARM.attributes
                0x0000000000000000       0x2e c:/st/stm32cubeide_1.3.0/stm32cubeide/plugins/com.st.stm32cube.ide.mcu.externaltools.gnu-tools-for-stm32.7-2018-q2-update.win32_1.4.0.202007081208/tools/bin/../lib/gcc/arm-none-eabi/7.3.1/../../../../arm-none-eabi/lib/thumb/v7e-m\libc_nano.a(lib_a-exit.o)
 .text          0x0000000000000000        0x0 c:/st/stm32cubeide_1.3.0/stm32cubeide/plugins/com.st.stm32cube.ide.mcu.externaltools.gnu-tools-for-stm32.7-2018-q2-update.win32_1.4.0.202007081208/tools/bin/../lib/gcc/arm-none-eabi/7.3.1/../../../../arm-none-eabi/lib/thumb/v7e-m\libc_nano.a(lib_a-impure.o)
 .data          0x0000000000000000        0x0 c:/st/stm32cubeide_1.3.0/stm32cubeide/plugins/com.st.stm32cube.ide.mcu.externaltools.gnu-tools-for-stm32.7-2018-q2-update.win32_1.4.0.202007081208/tools/bin/../lib/gcc/arm-none-eabi/7.3.1/../../../../arm-none-eabi/lib/thumb/v7e-m\libc_nano.a(lib_a-impure.o)
 .bss           0x0000000000000000        0x0 c:/st/stm32cubeide_1.3.0/stm32cubeide/plugins/com.st.stm32cube.ide.mcu.externaltools.gnu-tools-for-stm32.7-2018-q2-update.win32_1.4.0.202007081208/tools/bin/../lib/gcc/arm-none-eabi/7.3.1/../../../../arm-none-eabi/lib/thumb/v7e-m\libc_nano.a(lib_a-impure.o)
 .data._impure_ptr
                0x0000000000000000        0x4 c:/st/stm32cubeide_1.3.0/stm32cubeide/plugins/com.st.stm32cube.ide.mcu.externaltools.gnu-tools-for-stm32.7-2018-q2-update.win32_1.4.0.202007081208/tools/bin/../lib/gcc/arm-none-eabi/7.3.1/../../../../arm-none-eabi/lib/thumb/v7e-m\libc_nano.a(lib_a-impure.o)
 .data.impure_data
                0x0000000000000000       0x60 c:/st/stm32cubeide_1.3.0/stm32cubeide/plugins/com.st.stm32cube.ide.mcu.externaltools.gnu-tools-for-stm32.7-2018-q2-update.win32_1.4.0.202007081208/tools/bin/../lib/gcc/arm-none-eabi/7.3.1/../../../../arm-none-eabi/lib/thumb/v7e-m\libc_nano.a(lib_a-impure.o)
 .rodata._global_impure_ptr
                0x0000000000000000        0x4 c:/st/stm32cubeide_1.3.0/stm32cubeide/plugins/com.st.stm32cube.ide.mcu.externaltools.gnu-tools-for-stm32.7-2018-q2-update.win32_1.4.0.202007081208/tools/bin/../lib/gcc/arm-none-eabi/7.3.1/../../../../arm-none-eabi/lib/thumb/v7e-m\libc_nano.a(lib_a-impure.o)
 .ARM.attributes
                0x0000000000000000       0x2e c:/st/stm32cubeide_1.3.0/stm32cubeide/plugins/com.st.stm32cube.ide.mcu.externaltools.gnu-tools-for-stm32.7-2018-q2-update.win32_1.4.0.202007081208/tools/bin/../lib/gcc/arm-none-eabi/7.3.1/../../../../arm-none-eabi/lib/thumb/v7e-m\libc_nano.a(lib_a-impure.o)
 .text          0x0000000000000000        0x0 c:/st/stm32cubeide_1.3.0/stm32cubeide/plugins/com.st.stm32cube.ide.mcu.externaltools.gnu-tools-for-stm32.7-2018-q2-update.win32_1.4.0.202007081208/tools/bin/../lib/gcc/arm-none-eabi/7.3.1/../../../../arm-none-eabi/lib/thumb/v7e-m\libc_nano.a(lib_a-init.o)
 .data          0x0000000000000000        0x0 c:/st/stm32cubeide_1.3.0/stm32cubeide/plugins/com.st.stm32cube.ide.mcu.externaltools.gnu-tools-for-stm32.7-2018-q2-update.win32_1.4.0.202007081208/tools/bin/../lib/gcc/arm-none-eabi/7.3.1/../../../../arm-none-eabi/lib/thumb/v7e-m\libc_nano.a(lib_a-init.o)
 .bss           0x0000000000000000        0x0 c:/st/stm32cubeide_1.3.0/stm32cubeide/plugins/com.st.stm32cube.ide.mcu.externaltools.gnu-tools-for-stm32.7-2018-q2-update.win32_1.4.0.202007081208/tools/bin/../lib/gcc/arm-none-eabi/7.3.1/../../../../arm-none-eabi/lib/thumb/v7e-m\libc_nano.a(lib_a-init.o)
 .text          0x0000000000000000        0x0 c:/st/stm32cubeide_1.3.0/stm32cubeide/plugins/com.st.stm32cube.ide.mcu.externaltools.gnu-tools-for-stm32.7-2018-q2-update.win32_1.4.0.202007081208/tools/bin/../lib/gcc/arm-none-eabi/7.3.1/../../../../arm-none-eabi/lib/thumb/v7e-m\libc_nano.a(lib_a-memset.o)
 .data          0x0000000000000000        0x0 c:/st/stm32cubeide_1.3.0/stm32cubeide/plugins/com.st.stm32cube.ide.mcu.externaltools.gnu-tools-for-stm32.7-2018-q2-update.win32_1.4.0.202007081208/tools/bin/../lib/gcc/arm-none-eabi/7.3.1/../../../../arm-none-eabi/lib/thumb/v7e-m\libc_nano.a(lib_a-memset.o)
 .bss           0x0000000000000000        0x0 c:/st/stm32cubeide_1.3.0/stm32cubeide/plugins/com.st.stm32cube.ide.mcu.externaltools.gnu-tools-for-stm32.7-2018-q2-update.win32_1.4.0.202007081208/tools/bin/../lib/gcc/arm-none-eabi/7.3.1/../../../../arm-none-eabi/lib/thumb/v7e-m\libc_nano.a(lib_a-memset.o)
 .text.memset   0x0000000000000000       0x10 c:/st/stm32cubeide_1.3.0/stm32cubeide/plugins/com.st.stm32cube.ide.mcu.externaltools.gnu-tools-for-stm32.7-2018-q2-update.win32_1.4.0.202007081208/tools/bin/../lib/gcc/arm-none-eabi/7.3.1/../../../../arm-none-eabi/lib/thumb/v7e-m\libc_nano.a(lib_a-memset.o)
 .debug_frame   0x0000000000000000       0x20 c:/st/stm32cubeide_1.3.0/stm32cubeide/plugins/com.st.stm32cube.ide.mcu.externaltools.gnu-tools-for-stm32.7-2018-q2-update.win32_1.4.0.202007081208/tools/bin/../lib/gcc/arm-none-eabi/7.3.1/../../../../arm-none-eabi/lib/thumb/v7e-m\libc_nano.a(lib_a-memset.o)
 .ARM.attributes
                0x0000000000000000       0x2e c:/st/stm32cubeide_1.3.0/stm32cubeide/plugins/com.st.stm32cube.ide.mcu.externaltools.gnu-tools-for-stm32.7-2018-q2-update.win32_1.4.0.202007081208/tools/bin/../lib/gcc/arm-none-eabi/7.3.1/../../../../arm-none-eabi/lib/thumb/v7e-m\libc_nano.a(lib_a-memset.o)
 .text          0x0000000000000000        0x0 c:/st/stm32cubeide_1.3.0/stm32cubeide/plugins/com.st.stm32cube.ide.mcu.externaltools.gnu-tools-for-stm32.7-2018-q2-update.win32_1.4.0.202007081208/tools/bin/../lib/gcc/arm-none-eabi/7.3.1/thumb/v7e-m/crtend.o
 .data          0x0000000000000000        0x0 c:/st/stm32cubeide_1.3.0/stm32cubeide/plugins/com.st.stm32cube.ide.mcu.externaltools.gnu-tools-for-stm32.7-2018-q2-update.win32_1.4.0.202007081208/tools/bin/../lib/gcc/arm-none-eabi/7.3.1/thumb/v7e-m/crtend.o
 .bss           0x0000000000000000        0x0 c:/st/stm32cubeide_1.3.0/stm32cubeide/plugins/com.st.stm32cube.ide.mcu.externaltools.gnu-tools-for-stm32.7-2018-q2-update.win32_1.4.0.202007081208/tools/bin/../lib/gcc/arm-none-eabi/7.3.1/thumb/v7e-m/crtend.o
 .eh_frame      0x0000000000000000        0x4 c:/st/stm32cubeide_1.3.0/stm32cubeide/plugins/com.st.stm32cube.ide.mcu.externaltools.gnu-tools-for-stm32.7-2018-q2-update.win32_1.4.0.202007081208/tools/bin/../lib/gcc/arm-none-eabi/7.3.1/thumb/v7e-m/crtend.o
 .ARM.attributes
                0x0000000000000000       0x2e c:/st/stm32cubeide_1.3.0/stm32cubeide/plugins/com.st.stm32cube.ide.mcu.externaltools.gnu-tools-for-stm32.7-2018-q2-update.win32_1.4.0.202007081208/tools/bin/../lib/gcc/arm-none-eabi/7.3.1/thumb/v7e-m/crtend.o
 .text          0x0000000000000000        0x0 c:/st/stm32cubeide_1.3.0/stm32cubeide/plugins/com.st.stm32cube.ide.mcu.externaltools.gnu-tools-for-stm32.7-2018-q2-update.win32_1.4.0.202007081208/tools/bin/../lib/gcc/arm-none-eabi/7.3.1/thumb/v7e-m/crtn.o
 .data          0x0000000000000000        0x0 c:/st/stm32cubeide_1.3.0/stm32cubeide/plugins/com.st.stm32cube.ide.mcu.externaltools.gnu-tools-for-stm32.7-2018-q2-update.win32_1.4.0.202007081208/tools/bin/../lib/gcc/arm-none-eabi/7.3.1/thumb/v7e-m/crtn.o
 .bss           0x0000000000000000        0x0 c:/st/stm32cubeide_1.3.0/stm32cubeide/plugins/com.st.stm32cube.ide.mcu.externaltools.gnu-tools-for-stm32.7-2018-q2-update.win32_1.4.0.202007081208/tools/bin/../lib/gcc/arm-none-eabi/7.3.1/thumb/v7e-m/crtn.o

Memory Configuration

Name             Origin             Length             Attributes
RAM              0x0000000020000000 0x0000000000020000 xrw
ROM              0x0000000008000000 0x0000000000080000 xr
*default*        0x0000000000000000 0xffffffffffffffff

Linker script and memory map

LOAD c:/st/stm32cubeide_1.3.0/stm32cubeide/plugins/com.st.stm32cube.ide.mcu.externaltools.gnu-tools-for-stm32.7-2018-q2-update.win32_1.4.0.202007081208/tools/bin/../lib/gcc/arm-none-eabi/7.3.1/thumb/v7e-m/crti.o
LOAD c:/st/stm32cubeide_1.3.0/stm32cubeide/plugins/com.st.stm32cube.ide.mcu.externaltools.gnu-tools-for-stm32.7-2018-q2-update.win32_1.4.0.202007081208/tools/bin/../lib/gcc/arm-none-eabi/7.3.1/thumb/v7e-m/crtbegin.o
LOAD c:/st/stm32cubeide_1.3.0/stm32cubeide/plugins/com.st.stm32cube.ide.mcu.externaltools.gnu-tools-for-stm32.7-2018-q2-update.win32_1.4.0.202007081208/tools/bin/../lib/gcc/arm-none-eabi/7.3.1/../../../../arm-none-eabi/lib/thumb/v7e-m/crt0.o
LOAD Src/005_blinkLEDwithTimer.o
LOAD Src/syscalls.o
LOAD Src/sysmem.o
LOAD Startup/startup_stm32f446retx.o
START GROUP
LOAD c:/st/stm32cubeide_1.3.0/stm32cubeide/plugins/com.st.stm32cube.ide.mcu.externaltools.gnu-tools-for-stm32.7-2018-q2-update.win32_1.4.0.202007081208/tools/bin/../lib/gcc/arm-none-eabi/7.3.1/../../../../arm-none-eabi/lib/thumb/v7e-m\libstdc++_nano.a
LOAD c:/st/stm32cubeide_1.3.0/stm32cubeide/plugins/com.st.stm32cube.ide.mcu.externaltools.gnu-tools-for-stm32.7-2018-q2-update.win32_1.4.0.202007081208/tools/bin/../lib/gcc/arm-none-eabi/7.3.1/../../../../arm-none-eabi/lib/thumb/v7e-m\libsupc++_nano.a
END GROUP
LOAD c:/st/stm32cubeide_1.3.0/stm32cubeide/plugins/com.st.stm32cube.ide.mcu.externaltools.gnu-tools-for-stm32.7-2018-q2-update.win32_1.4.0.202007081208/tools/bin/../lib/gcc/arm-none-eabi/7.3.1/../../../../arm-none-eabi/lib/thumb/v7e-m\libstdc++_nano.a
LOAD c:/st/stm32cubeide_1.3.0/stm32cubeide/plugins/com.st.stm32cube.ide.mcu.externaltools.gnu-tools-for-stm32.7-2018-q2-update.win32_1.4.0.202007081208/tools/bin/../lib/gcc/arm-none-eabi/7.3.1/../../../../arm-none-eabi/lib/thumb/v7e-m\libm.a
LOAD c:/st/stm32cubeide_1.3.0/stm32cubeide/plugins/com.st.stm32cube.ide.mcu.externaltools.gnu-tools-for-stm32.7-2018-q2-update.win32_1.4.0.202007081208/tools/bin/../lib/gcc/arm-none-eabi/7.3.1/../../../../arm-none-eabi/lib/thumb/v7e-m\libc_nano.a
START GROUP
LOAD c:/st/stm32cubeide_1.3.0/stm32cubeide/plugins/com.st.stm32cube.ide.mcu.externaltools.gnu-tools-for-stm32.7-2018-q2-update.win32_1.4.0.202007081208/tools/bin/../lib/gcc/arm-none-eabi/7.3.1/thumb/v7e-m\libgcc.a
LOAD c:/st/stm32cubeide_1.3.0/stm32cubeide/plugins/com.st.stm32cube.ide.mcu.externaltools.gnu-tools-for-stm32.7-2018-q2-update.win32_1.4.0.202007081208/tools/bin/../lib/gcc/arm-none-eabi/7.3.1/../../../../arm-none-eabi/lib/thumb/v7e-m\libc_nano.a
END GROUP
START GROUP
LOAD c:/st/stm32cubeide_1.3.0/stm32cubeide/plugins/com.st.stm32cube.ide.mcu.externaltools.gnu-tools-for-stm32.7-2018-q2-update.win32_1.4.0.202007081208/tools/bin/../lib/gcc/arm-none-eabi/7.3.1/thumb/v7e-m\libgcc.a
LOAD c:/st/stm32cubeide_1.3.0/stm32cubeide/plugins/com.st.stm32cube.ide.mcu.externaltools.gnu-tools-for-stm32.7-2018-q2-update.win32_1.4.0.202007081208/tools/bin/../lib/gcc/arm-none-eabi/7.3.1/../../../../arm-none-eabi/lib/thumb/v7e-m\libc_nano.a
LOAD c:/st/stm32cubeide_1.3.0/stm32cubeide/plugins/com.st.stm32cube.ide.mcu.externaltools.gnu-tools-for-stm32.7-2018-q2-update.win32_1.4.0.202007081208/tools/bin/../lib/gcc/arm-none-eabi/7.3.1/../../../../arm-none-eabi/lib/thumb/v7e-m\libnosys.a
END GROUP
START GROUP
LOAD c:/st/stm32cubeide_1.3.0/stm32cubeide/plugins/com.st.stm32cube.ide.mcu.externaltools.gnu-tools-for-stm32.7-2018-q2-update.win32_1.4.0.202007081208/tools/bin/../lib/gcc/arm-none-eabi/7.3.1/thumb/v7e-m\libgcc.a
LOAD c:/st/stm32cubeide_1.3.0/stm32cubeide/plugins/com.st.stm32cube.ide.mcu.externaltools.gnu-tools-for-stm32.7-2018-q2-update.win32_1.4.0.202007081208/tools/bin/../lib/gcc/arm-none-eabi/7.3.1/../../../../arm-none-eabi/lib/thumb/v7e-m\libc_nano.a
LOAD c:/st/stm32cubeide_1.3.0/stm32cubeide/plugins/com.st.stm32cube.ide.mcu.externaltools.gnu-tools-for-stm32.7-2018-q2-update.win32_1.4.0.202007081208/tools/bin/../lib/gcc/arm-none-eabi/7.3.1/../../../../arm-none-eabi/lib/thumb/v7e-m\libnosys.a
END GROUP
LOAD c:/st/stm32cubeide_1.3.0/stm32cubeide/plugins/com.st.stm32cube.ide.mcu.externaltools.gnu-tools-for-stm32.7-2018-q2-update.win32_1.4.0.202007081208/tools/bin/../lib/gcc/arm-none-eabi/7.3.1/thumb/v7e-m/crtend.o
LOAD c:/st/stm32cubeide_1.3.0/stm32cubeide/plugins/com.st.stm32cube.ide.mcu.externaltools.gnu-tools-for-stm32.7-2018-q2-update.win32_1.4.0.202007081208/tools/bin/../lib/gcc/arm-none-eabi/7.3.1/thumb/v7e-m/crtn.o
                0x0000000020020000                _estack = (ORIGIN (RAM) + LENGTH (RAM))
                0x0000000000000200                _Min_Heap_Size = 0x200
                0x0000000000000400                _Min_Stack_Size = 0x400

.isr_vector     0x0000000008000000      0x1c4
                0x0000000008000000                . = ALIGN (0x4)
 *(.isr_vector)
 .isr_vector    0x0000000008000000      0x1c4 Startup/startup_stm32f446retx.o
                0x0000000008000000                g_pfnVectors
                0x00000000080001c4                . = ALIGN (0x4)

.text           0x00000000080001c4      0x2d8
                0x00000000080001c4                . = ALIGN (0x4)
 *(.text)
 .text          0x00000000080001c4       0x40 c:/st/stm32cubeide_1.3.0/stm32cubeide/plugins/com.st.stm32cube.ide.mcu.externaltools.gnu-tools-for-stm32.7-2018-q2-update.win32_1.4.0.202007081208/tools/bin/../lib/gcc/arm-none-eabi/7.3.1/thumb/v7e-m/crtbegin.o
 *(.text*)
 .text.SysTick_Handler
                0x0000000008000204       0x18 Src/005_blinkLEDwithTimer.o
                0x0000000008000204                SysTick_Handler
 .text.startup.main
                0x000000000800021c       0x24 Src/005_blinkLEDwithTimer.o
                0x000000000800021c                main
 .text._ZN12GPIO_HandlerILh5ELh1ELh0ELh0ELh0ELh15ELh0EE12gpio_de_initEv
                0x0000000008000240       0xf8 Src/005_blinkLEDwithTimer.o
                0x0000000008000240                GPIO_Handler<(unsigned char)5, (unsigned char)1, (unsigned char)0, (unsigned char)0, (unsigned char)0, (unsigned char)15, (unsigned char)0>::gpio_de_init()
 .text.startup._GLOBAL__sub_I_SysTick_Handler
                0x0000000008000338       0x8c Src/005_blinkLEDwithTimer.o
 .text.exit._GLOBAL__sub_D_SysTick_Handler
                0x00000000080003c4       0x24 Src/005_blinkLEDwithTimer.o
 .text.Reset_Handler
                0x00000000080003e8       0x50 Startup/startup_stm32f446retx.o
                0x00000000080003e8                Reset_Handler
 .text.Default_Handler
                0x0000000008000438        0x2 Startup/startup_stm32f446retx.o
                0x0000000008000438                RTC_Alarm_IRQHandler
                0x0000000008000438                EXTI2_IRQHandler
                0x0000000008000438                TIM8_CC_IRQHandler
                0x0000000008000438                SPDIF_Rx_IRQHandler
                0x0000000008000438                DebugMon_Handler
                0x0000000008000438                SPI4_IRQHandler
                0x0000000008000438                TIM1_CC_IRQHandler
                0x0000000008000438                QuadSPI_IRQHandler
                0x0000000008000438                DMA2_Stream5_IRQHandler
                0x0000000008000438                HardFault_Handler
                0x0000000008000438                DMA1_Stream5_IRQHandler
                0x0000000008000438                PVD_IRQHandler
                0x0000000008000438                SDIO_IRQHandler
                0x0000000008000438                TAMP_STAMP_IRQHandler
                0x0000000008000438                PendSV_Handler
                0x0000000008000438                NMI_Handler
                0x0000000008000438                CAN2_RX1_IRQHandler
                0x0000000008000438                EXTI3_IRQHandler
                0x0000000008000438                TIM8_TRG_COM_TIM14_IRQHandler
                0x0000000008000438                TIM1_UP_TIM10_IRQHandler
                0x0000000008000438                FMPI2C1_error_IRQHandler
                0x0000000008000438                TIM8_UP_TIM13_IRQHandler
                0x0000000008000438                I2C3_ER_IRQHandler
                0x0000000008000438                EXTI0_IRQHandler
                0x0000000008000438                I2C2_EV_IRQHandler
                0x0000000008000438                DMA1_Stream2_IRQHandler
                0x0000000008000438                CAN1_RX0_IRQHandler
                0x0000000008000438                FPU_IRQHandler
                0x0000000008000438                OTG_HS_WKUP_IRQHandler
                0x0000000008000438                UsageFault_Handler
                0x0000000008000438                CAN2_SCE_IRQHandler
                0x0000000008000438                DMA2_Stream2_IRQHandler
                0x0000000008000438                SPI1_IRQHandler
                0x0000000008000438                TIM6_DAC_IRQHandler
                0x0000000008000438                TIM1_BRK_TIM9_IRQHandler
                0x0000000008000438                DCMI_IRQHandler
                0x0000000008000438                CAN2_RX0_IRQHandler
                0x0000000008000438                DMA2_Stream3_IRQHandler
                0x0000000008000438                FMPI2C1_IRQHandler
                0x0000000008000438                SAI2_IRQHandler
                0x0000000008000438                USART6_IRQHandler
                0x0000000008000438                USART3_IRQHandler
                0x0000000008000438                CAN1_RX1_IRQHandler
                0x0000000008000438                UART5_IRQHandler
                0x0000000008000438                DMA2_Stream0_IRQHandler
                0x0000000008000438                TIM4_IRQHandler
                0x0000000008000438                I2C1_EV_IRQHandler
                0x0000000008000438                HDMI_CEC_IRQHandler
                0x0000000008000438                DMA1_Stream6_IRQHandler
                0x0000000008000438                DMA1_Stream1_IRQHandler
                0x0000000008000438                UART4_IRQHandler
                0x0000000008000438                TIM3_IRQHandler
                0x0000000008000438                RCC_IRQHandler
                0x0000000008000438                TIM8_BRK_TIM12_IRQHandler
                0x0000000008000438                Default_Handler
                0x0000000008000438                EXTI15_10_IRQHandler
                0x0000000008000438                ADC_IRQHandler
                0x0000000008000438                DMA1_Stream7_IRQHandler
                0x0000000008000438                TIM7_IRQHandler
                0x0000000008000438                CAN2_TX_IRQHandler
                0x0000000008000438                TIM5_IRQHandler
                0x0000000008000438                DMA2_Stream7_IRQHandler
                0x0000000008000438                I2C3_EV_IRQHandler
                0x0000000008000438                EXTI9_5_IRQHandler
                0x0000000008000438                RTC_WKUP_IRQHandler
                0x0000000008000438                SPI2_IRQHandler
                0x0000000008000438                OTG_HS_EP1_IN_IRQHandler
                0x0000000008000438                MemManage_Handler
                0x0000000008000438                DMA1_Stream0_IRQHandler
                0x0000000008000438                CAN1_TX_IRQHandler
                0x0000000008000438                SVC_Handler
                0x0000000008000438                EXTI4_IRQHandler
                0x0000000008000438                OTG_HS_EP1_OUT_IRQHandler
                0x0000000008000438                WWDG_IRQHandler
                0x0000000008000438                TIM2_IRQHandler
                0x0000000008000438                OTG_FS_WKUP_IRQHandler
                0x0000000008000438                TIM1_TRG_COM_TIM11_IRQHandler
                0x0000000008000438                OTG_HS_IRQHandler
                0x0000000008000438                EXTI1_IRQHandler
                0x0000000008000438                USART2_IRQHandler
                0x0000000008000438                I2C2_ER_IRQHandler
                0x0000000008000438                DMA2_Stream1_IRQHandler
                0x0000000008000438                CAN1_SCE_IRQHandler
                0x0000000008000438                FLASH_IRQHandler
                0x0000000008000438                DMA2_Stream4_IRQHandler
                0x0000000008000438                BusFault_Handler
                0x0000000008000438                USART1_IRQHandler
                0x0000000008000438                OTG_FS_IRQHandler
                0x0000000008000438                SPI3_IRQHandler
                0x0000000008000438                DMA1_Stream4_IRQHandler
                0x0000000008000438                I2C1_ER_IRQHandler
                0x0000000008000438                FMC_IRQHandler
                0x0000000008000438                DMA2_Stream6_IRQHandler
                0x0000000008000438                SAI1_IRQHandler
                0x0000000008000438                DMA1_Stream3_IRQHandler
 *fill*         0x000000000800043a        0x2 
 .text.__libc_init_array
                0x000000000800043c       0x48 c:/st/stm32cubeide_1.3.0/stm32cubeide/plugins/com.st.stm32cube.ide.mcu.externaltools.gnu-tools-for-stm32.7-2018-q2-update.win32_1.4.0.202007081208/tools/bin/../lib/gcc/arm-none-eabi/7.3.1/../../../../arm-none-eabi/lib/thumb/v7e-m\libc_nano.a(lib_a-init.o)
                0x000000000800043c                __libc_init_array
 *(.glue_7)
 .glue_7        0x0000000008000484        0x0 linker stubs
 *(.glue_7t)
 .glue_7t       0x0000000008000484        0x0 linker stubs
 *(.eh_frame)
 .eh_frame      0x0000000008000484        0x0 c:/st/stm32cubeide_1.3.0/stm32cubeide/plugins/com.st.stm32cube.ide.mcu.externaltools.gnu-tools-for-stm32.7-2018-q2-update.win32_1.4.0.202007081208/tools/bin/../lib/gcc/arm-none-eabi/7.3.1/thumb/v7e-m/crtbegin.o
 *(.init)
 .init          0x0000000008000484        0x4 c:/st/stm32cubeide_1.3.0/stm32cubeide/plugins/com.st.stm32cube.ide.mcu.externaltools.gnu-tools-for-stm32.7-2018-q2-update.win32_1.4.0.202007081208/tools/bin/../lib/gcc/arm-none-eabi/7.3.1/thumb/v7e-m/crti.o
                0x0000000008000484                _init
 .init          0x0000000008000488        0x8 c:/st/stm32cubeide_1.3.0/stm32cubeide/plugins/com.st.stm32cube.ide.mcu.externaltools.gnu-tools-for-stm32.7-2018-q2-update.win32_1.4.0.202007081208/tools/bin/../lib/gcc/arm-none-eabi/7.3.1/thumb/v7e-m/crtn.o
 *(.fini)
 .fini          0x0000000008000490        0x4 c:/st/stm32cubeide_1.3.0/stm32cubeide/plugins/com.st.stm32cube.ide.mcu.externaltools.gnu-tools-for-stm32.7-2018-q2-update.win32_1.4.0.202007081208/tools/bin/../lib/gcc/arm-none-eabi/7.3.1/thumb/v7e-m/crti.o
                0x0000000008000490                _fini
 .fini          0x0000000008000494        0x8 c:/st/stm32cubeide_1.3.0/stm32cubeide/plugins/com.st.stm32cube.ide.mcu.externaltools.gnu-tools-for-stm32.7-2018-q2-update.win32_1.4.0.202007081208/tools/bin/../lib/gcc/arm-none-eabi/7.3.1/thumb/v7e-m/crtn.o
                0x000000000800049c                . = ALIGN (0x4)
                0x000000000800049c                _etext = .

.vfp11_veneer   0x000000000800049c        0x0
 .vfp11_veneer  0x000000000800049c        0x0 linker stubs

.v4_bx          0x000000000800049c        0x0
 .v4_bx         0x000000000800049c        0x0 linker stubs

.iplt           0x000000000800049c        0x0
 .iplt          0x000000000800049c        0x0 c:/st/stm32cubeide_1.3.0/stm32cubeide/plugins/com.st.stm32cube.ide.mcu.externaltools.gnu-tools-for-stm32.7-2018-q2-update.win32_1.4.0.202007081208/tools/bin/../lib/gcc/arm-none-eabi/7.3.1/thumb/v7e-m/crtbegin.o

.rodata         0x000000000800049c        0x8
                0x000000000800049c                . = ALIGN (0x4)
 *(.rodata)
 .rodata        0x000000000800049c        0x6 Src/005_blinkLEDwithTimer.o
 *(.rodata*)
                0x00000000080004a4                . = ALIGN (0x4)
 *fill*         0x00000000080004a2        0x2 

.rel.dyn        0x00000000080004a4        0x0
 .rel.iplt      0x00000000080004a4        0x0 c:/st/stm32cubeide_1.3.0/stm32cubeide/plugins/com.st.stm32cube.ide.mcu.externaltools.gnu-tools-for-stm32.7-2018-q2-update.win32_1.4.0.202007081208/tools/bin/../lib/gcc/arm-none-eabi/7.3.1/thumb/v7e-m/crtbegin.o

.ARM.extab      0x00000000080004a4        0x0
                0x00000000080004a4                . = ALIGN (0x4)
 *(.ARM.extab* .gnu.linkonce.armextab.*)
                0x00000000080004a4                . = ALIGN (0x4)

.ARM            0x00000000080004a4        0x0
                0x00000000080004a4                . = ALIGN (0x4)
                0x00000000080004a4                __exidx_start = .
 *(.ARM.exidx*)
                0x00000000080004a4                __exidx_end = .
                0x00000000080004a4                . = ALIGN (0x4)

.preinit_array  0x00000000080004a4        0x0
                0x00000000080004a4                . = ALIGN (0x4)
                0x00000000080004a4                PROVIDE (__preinit_array_start = .)
 *(.preinit_array*)
                0x00000000080004a4                PROVIDE (__preinit_array_end = .)
                0x00000000080004a4                . = ALIGN (0x4)

.init_array     0x00000000080004a4        0x8
                0x00000000080004a4                . = ALIGN (0x4)
                0x00000000080004a4                PROVIDE (__init_array_start = .)
 *(SORT_BY_NAME(.init_array.*))
 *(.init_array*)
 .init_array    0x00000000080004a4        0x4 c:/st/stm32cubeide_1.3.0/stm32cubeide/plugins/com.st.stm32cube.ide.mcu.externaltools.gnu-tools-for-stm32.7-2018-q2-update.win32_1.4.0.202007081208/tools/bin/../lib/gcc/arm-none-eabi/7.3.1/thumb/v7e-m/crtbegin.o
 .init_array    0x00000000080004a8        0x4 Src/005_blinkLEDwithTimer.o
                0x00000000080004ac                PROVIDE (__init_array_end = .)
                0x00000000080004ac                . = ALIGN (0x4)

.fini_array     0x00000000080004ac        0x8
                0x00000000080004ac                . = ALIGN (0x4)
                [!provide]                        PROVIDE (__fini_array_start = .)
 *(SORT_BY_NAME(.fini_array.*))
 *(.fini_array*)
 .fini_array    0x00000000080004ac        0x4 c:/st/stm32cubeide_1.3.0/stm32cubeide/plugins/com.st.stm32cube.ide.mcu.externaltools.gnu-tools-for-stm32.7-2018-q2-update.win32_1.4.0.202007081208/tools/bin/../lib/gcc/arm-none-eabi/7.3.1/thumb/v7e-m/crtbegin.o
 .fini_array    0x00000000080004b0        0x4 Src/005_blinkLEDwithTimer.o
                [!provide]                        PROVIDE (__fini_array_end = .)
                0x00000000080004b4                . = ALIGN (0x4)
                0x00000000080004b4                _sidata = LOADADDR (.data)

.data           0x0000000020000000        0x0 load address 0x00000000080004b4
                0x0000000020000000                . = ALIGN (0x4)
                0x0000000020000000                _sdata = .
 *(.data)
 *(.data*)
                0x0000000020000000                . = ALIGN (0x4)
                0x0000000020000000                _edata = .

.igot.plt       0x0000000020000000        0x0 load address 0x00000000080004b4
 .igot.plt      0x0000000020000000        0x0 c:/st/stm32cubeide_1.3.0/stm32cubeide/plugins/com.st.stm32cube.ide.mcu.externaltools.gnu-tools-for-stm32.7-2018-q2-update.win32_1.4.0.202007081208/tools/bin/../lib/gcc/arm-none-eabi/7.3.1/thumb/v7e-m/crtbegin.o
                0x0000000020000000                . = ALIGN (0x4)

.bss            0x0000000020000000       0x2c load address 0x00000000080004b4
                0x0000000020000000                _sbss = .
                0x0000000020000000                __bss_start__ = _sbss
 *(.bss)
 .bss           0x0000000020000000       0x1c c:/st/stm32cubeide_1.3.0/stm32cubeide/plugins/com.st.stm32cube.ide.mcu.externaltools.gnu-tools-for-stm32.7-2018-q2-update.win32_1.4.0.202007081208/tools/bin/../lib/gcc/arm-none-eabi/7.3.1/thumb/v7e-m/crtbegin.o
 *(.bss*)
 .bss.LED2      0x000000002000001c        0xc Src/005_blinkLEDwithTimer.o
                0x000000002000001c                LED2
 .bss._ZL5utick
                0x0000000020000028        0x4 Src/005_blinkLEDwithTimer.o
 *(COMMON)
                0x000000002000002c                . = ALIGN (0x4)
                0x000000002000002c                _ebss = .
                0x000000002000002c                __bss_end__ = _ebss

._user_heap_stack
                0x000000002000002c      0x604 load address 0x00000000080004b4
                0x0000000020000030                . = ALIGN (0x8)
 *fill*         0x000000002000002c        0x4 
                0x0000000020000030                PROVIDE (end = .)
                [!provide]                        PROVIDE (_end = .)
                0x0000000020000230                . = (. + _Min_Heap_Size)
 *fill*         0x0000000020000030      0x200 
                0x0000000020000630                . = (. + _Min_Stack_Size)
 *fill*         0x0000000020000230      0x400 
                0x0000000020000630                . = ALIGN (0x8)

/DISCARD/
 libc.a(*)
 libm.a(*)
 libgcc.a(*)

.ARM.attributes
                0x0000000000000000       0x2a
 *(.ARM.attributes)
 .ARM.attributes
                0x0000000000000000       0x1e c:/st/stm32cubeide_1.3.0/stm32cubeide/plugins/com.st.stm32cube.ide.mcu.externaltools.gnu-tools-for-stm32.7-2018-q2-update.win32_1.4.0.202007081208/tools/bin/../lib/gcc/arm-none-eabi/7.3.1/thumb/v7e-m/crti.o
 .ARM.attributes
                0x000000000000001e       0x2e c:/st/stm32cubeide_1.3.0/stm32cubeide/plugins/com.st.stm32cube.ide.mcu.externaltools.gnu-tools-for-stm32.7-2018-q2-update.win32_1.4.0.202007081208/tools/bin/../lib/gcc/arm-none-eabi/7.3.1/thumb/v7e-m/crtbegin.o
 .ARM.attributes
                0x000000000000004c       0x33 Src/005_blinkLEDwithTimer.o
 .ARM.attributes
                0x000000000000007f       0x21 Startup/startup_stm32f446retx.o
 .ARM.attributes
                0x00000000000000a0       0x2e c:/st/stm32cubeide_1.3.0/stm32cubeide/plugins/com.st.stm32cube.ide.mcu.externaltools.gnu-tools-for-stm32.7-2018-q2-update.win32_1.4.0.202007081208/tools/bin/../lib/gcc/arm-none-eabi/7.3.1/../../../../arm-none-eabi/lib/thumb/v7e-m\libc_nano.a(lib_a-init.o)
 .ARM.attributes
                0x00000000000000ce       0x1e c:/st/stm32cubeide_1.3.0/stm32cubeide/plugins/com.st.stm32cube.ide.mcu.externaltools.gnu-tools-for-stm32.7-2018-q2-update.win32_1.4.0.202007081208/tools/bin/../lib/gcc/arm-none-eabi/7.3.1/thumb/v7e-m/crtn.o
OUTPUT(GPIO_driver.elf elf32-littlearm)

.debug_info     0x0000000000000000     0x3237
 .debug_info    0x0000000000000000     0x3215 Src/005_blinkLEDwithTimer.o
 .debug_info    0x0000000000003215       0x22 Startup/startup_stm32f446retx.o

.debug_abbrev   0x0000000000000000      0x645
 .debug_abbrev  0x0000000000000000      0x633 Src/005_blinkLEDwithTimer.o
 .debug_abbrev  0x0000000000000633       0x12 Startup/startup_stm32f446retx.o

.debug_loc      0x0000000000000000      0x106
 .debug_loc     0x0000000000000000      0x106 Src/005_blinkLEDwithTimer.o

.debug_aranges  0x0000000000000000       0x68
 .debug_aranges
                0x0000000000000000       0x40 Src/005_blinkLEDwithTimer.o
 .debug_aranges
                0x0000000000000040       0x28 Startup/startup_stm32f446retx.o

.debug_ranges   0x0000000000000000      0x100
 .debug_ranges  0x0000000000000000       0xe0 Src/005_blinkLEDwithTimer.o
 .debug_ranges  0x00000000000000e0       0x20 Startup/startup_stm32f446retx.o

.debug_macro    0x0000000000000000     0x3a20
 .debug_macro   0x0000000000000000      0x761 Src/005_blinkLEDwithTimer.o
 .debug_macro   0x0000000000000761      0xb38 Src/005_blinkLEDwithTimer.o
 .debug_macro   0x0000000000001299      0x17b Src/005_blinkLEDwithTimer.o
 .debug_macro   0x0000000000001414       0x1c Src/005_blinkLEDwithTimer.o
 .debug_macro   0x0000000000001430       0x22 Src/005_blinkLEDwithTimer.o
 .debug_macro   0x0000000000001452       0x8e Src/005_blinkLEDwithTimer.o
 .debug_macro   0x00000000000014e0       0x51 Src/005_blinkLEDwithTimer.o
 .debug_macro   0x0000000000001531       0xef Src/005_blinkLEDwithTimer.o
 .debug_macro   0x0000000000001620       0x6a Src/005_blinkLEDwithTimer.o
 .debug_macro   0x000000000000168a      0x1df Src/005_blinkLEDwithTimer.o
 .debug_macro   0x0000000000001869      0x168 Src/005_blinkLEDwithTimer.o
 .debug_macro   0x00000000000019d1       0x10 Src/005_blinkLEDwithTimer.o
 .debug_macro   0x00000000000019e1      0x3f4 Src/005_blinkLEDwithTimer.o
 .debug_macro   0x0000000000001dd5       0x46 Src/005_blinkLEDwithTimer.o
 .debug_macro   0x0000000000001e1b       0x18 Src/005_blinkLEDwithTimer.o
 .debug_macro   0x0000000000001e33       0x3c Src/005_blinkLEDwithTimer.o
 .debug_macro   0x0000000000001e6f       0x34 Src/005_blinkLEDwithTimer.o
 .debug_macro   0x0000000000001ea3       0x52 Src/005_blinkLEDwithTimer.o
 .debug_macro   0x0000000000001ef5       0x1f Src/005_blinkLEDwithTimer.o
 .debug_macro   0x0000000000001f14       0x43 Src/005_blinkLEDwithTimer.o
 .debug_macro   0x0000000000001f57       0x20 Src/005_blinkLEDwithTimer.o
 .debug_macro   0x0000000000001f77      0x1a3 Src/005_blinkLEDwithTimer.o
 .debug_macro   0x000000000000211a       0x1c Src/005_blinkLEDwithTimer.o
 .debug_macro   0x0000000000002136       0x3c Src/005_blinkLEDwithTimer.o
 .debug_macro   0x0000000000002172      0x353 Src/005_blinkLEDwithTimer.o
 .debug_macro   0x00000000000024c5       0x10 Src/005_blinkLEDwithTimer.o
 .debug_macro   0x00000000000024d5       0x10 Src/005_blinkLEDwithTimer.o
 .debug_macro   0x00000000000024e5       0x33 Src/005_blinkLEDwithTimer.o
 .debug_macro   0x0000000000002518      0x173 Src/005_blinkLEDwithTimer.o
 .debug_macro   0x000000000000268b       0x11 Src/005_blinkLEDwithTimer.o
 .debug_macro   0x000000000000269c       0x2f Src/005_blinkLEDwithTimer.o
 .debug_macro   0x00000000000026cb       0x16 Src/005_blinkLEDwithTimer.o
 .debug_macro   0x00000000000026e1       0x35 Src/005_blinkLEDwithTimer.o
 .debug_macro   0x0000000000002716       0x5e Src/005_blinkLEDwithTimer.o
 .debug_macro   0x0000000000002774       0x16 Src/005_blinkLEDwithTimer.o
 .debug_macro   0x000000000000278a       0x4c Src/005_blinkLEDwithTimer.o
 .debug_macro   0x00000000000027d6       0x5e Src/005_blinkLEDwithTimer.o
 .debug_macro   0x0000000000002834       0x1c Src/005_blinkLEDwithTimer.o
 .debug_macro   0x0000000000002850       0x18 Src/005_blinkLEDwithTimer.o
 .debug_macro   0x0000000000002868       0x6e Src/005_blinkLEDwithTimer.o
 .debug_macro   0x00000000000028d6       0x28 Src/005_blinkLEDwithTimer.o
 .debug_macro   0x00000000000028fe       0x41 Src/005_blinkLEDwithTimer.o
 .debug_macro   0x000000000000293f       0x12 Src/005_blinkLEDwithTimer.o
 .debug_macro   0x0000000000002951       0x2e Src/005_blinkLEDwithTimer.o
 .debug_macro   0x000000000000297f       0x19 Src/005_blinkLEDwithTimer.o
 .debug_macro   0x0000000000002998       0x76 Src/005_blinkLEDwithTimer.o
 .debug_macro   0x0000000000002a0e       0x19 Src/005_blinkLEDwithTimer.o
 .debug_macro   0x0000000000002a27       0x10 Src/005_blinkLEDwithTimer.o
 .debug_macro   0x0000000000002a37       0x17 Src/005_blinkLEDwithTimer.o
 .debug_macro   0x0000000000002a4e       0x11 Src/005_blinkLEDwithTimer.o
 .debug_macro   0x0000000000002a5f       0x10 Src/005_blinkLEDwithTimer.o
 .debug_macro   0x0000000000002a6f       0x10 Src/005_blinkLEDwithTimer.o
 .debug_macro   0x0000000000002a7f       0x16 Src/005_blinkLEDwithTimer.o
 .debug_macro   0x0000000000002a95       0x16 Src/005_blinkLEDwithTimer.o
 .debug_macro   0x0000000000002aab       0x29 Src/005_blinkLEDwithTimer.o
 .debug_macro   0x0000000000002ad4       0x1c Src/005_blinkLEDwithTimer.o
 .debug_macro   0x0000000000002af0       0xde Src/005_blinkLEDwithTimer.o
 .debug_macro   0x0000000000002bce       0x1c Src/005_blinkLEDwithTimer.o
 .debug_macro   0x0000000000002bea       0x10 Src/005_blinkLEDwithTimer.o
 .debug_macro   0x0000000000002bfa       0x1c Src/005_blinkLEDwithTimer.o
 .debug_macro   0x0000000000002c16       0x52 Src/005_blinkLEDwithTimer.o
 .debug_macro   0x0000000000002c68       0x40 Src/005_blinkLEDwithTimer.o
 .debug_macro   0x0000000000002ca8       0x10 Src/005_blinkLEDwithTimer.o
 .debug_macro   0x0000000000002cb8       0x40 Src/005_blinkLEDwithTimer.o
 .debug_macro   0x0000000000002cf8       0xd7 Src/005_blinkLEDwithTimer.o
 .debug_macro   0x0000000000002dcf       0x1c Src/005_blinkLEDwithTimer.o
 .debug_macro   0x0000000000002deb       0x3d Src/005_blinkLEDwithTimer.o
 .debug_macro   0x0000000000002e28       0x16 Src/005_blinkLEDwithTimer.o
 .debug_macro   0x0000000000002e3e      0x130 Src/005_blinkLEDwithTimer.o
 .debug_macro   0x0000000000002f6e      0x11d Src/005_blinkLEDwithTimer.o
 .debug_macro   0x000000000000308b       0x10 Src/005_blinkLEDwithTimer.o
 .debug_macro   0x000000000000309b      0x241 Src/005_blinkLEDwithTimer.o
 .debug_macro   0x00000000000032dc       0x17 Src/005_blinkLEDwithTimer.o
 .debug_macro   0x00000000000032f3       0x10 Src/005_blinkLEDwithTimer.o
 .debug_macro   0x0000000000003303       0x10 Src/005_blinkLEDwithTimer.o
 .debug_macro   0x0000000000003313       0x76 Src/005_blinkLEDwithTimer.o
 .debug_macro   0x0000000000003389       0x16 Src/005_blinkLEDwithTimer.o
 .debug_macro   0x000000000000339f       0x16 Src/005_blinkLEDwithTimer.o
 .debug_macro   0x00000000000033b5       0x10 Src/005_blinkLEDwithTimer.o
 .debug_macro   0x00000000000033c5       0x41 Src/005_blinkLEDwithTimer.o
 .debug_macro   0x0000000000003406       0x40 Src/005_blinkLEDwithTimer.o
 .debug_macro   0x0000000000003446       0x20 Src/005_blinkLEDwithTimer.o
 .debug_macro   0x0000000000003466      0x3f2 Src/005_blinkLEDwithTimer.o
 .debug_macro   0x0000000000003858       0x9a Src/005_blinkLEDwithTimer.o
 .debug_macro   0x00000000000038f2      0x11e Src/005_blinkLEDwithTimer.o
 .debug_macro   0x0000000000003a10       0x10 Src/005_blinkLEDwithTimer.o

.debug_line     0x0000000000000000     0x13ef
 .debug_line    0x0000000000000000     0x136b Src/005_blinkLEDwithTimer.o
 .debug_line    0x000000000000136b       0x84 Startup/startup_stm32f446retx.o

.debug_str      0x0000000000000000     0xf777
 .debug_str     0x0000000000000000     0xf746 Src/005_blinkLEDwithTimer.o
                                       0xfdb0 (size before relaxing)
 .debug_str     0x000000000000f746       0x31 Startup/startup_stm32f446retx.o
                                         0x71 (size before relaxing)

.comment        0x0000000000000000       0x7b
 .comment       0x0000000000000000       0x7b Src/005_blinkLEDwithTimer.o
                                         0x7c (size before relaxing)

.debug_frame    0x0000000000000000       0xa8
 .debug_frame   0x0000000000000000       0x7c Src/005_blinkLEDwithTimer.o
 .debug_frame   0x000000000000007c       0x2c c:/st/stm32cubeide_1.3.0/stm32cubeide/plugins/com.st.stm32cube.ide.mcu.externaltools.gnu-tools-for-stm32.7-2018-q2-update.win32_1.4.0.202007081208/tools/bin/../lib/gcc/arm-none-eabi/7.3.1/../../../../arm-none-eabi/lib/thumb/v7e-m\libc_nano.a(lib_a-init.o)
