syscalls.c:43:6:ITM_SendChar	16	static
syscalls.c:70:6:initialise_monitor_handles	4	static
syscalls.c:74:5:_getpid	4	static
syscalls.c:79:5:_kill	16	static
syscalls.c:85:6:_exit	16	static
syscalls.c:91:27:_read	32	static
syscalls.c:103:27:_write	32	static
syscalls.c:115:5:_close	16	static
syscalls.c:121:5:_fstat	16	static
syscalls.c:127:5:_isatty	16	static
syscalls.c:132:5:_lseek	24	static
syscalls.c:137:5:_open	12	static
syscalls.c:143:5:_wait	16	static
syscalls.c:149:5:_unlink	16	static
syscalls.c:155:5:_times	16	static
syscalls.c:160:5:_stat	16	static
syscalls.c:166:5:_link	16	static
syscalls.c:172:5:_fork	8	static
syscalls.c:178:5:_execve	24	static
