gthr-default.h:229:1:int __gthread_key_delete(__gthread_key_t)	16	static
stm32f4xx.h:420:16:uint8_t gpio_baseAddr_to_code(GPIO_RegDef_t*)	16	static
stm32f446re_gpio_driver.h:122:11:u8 GPIO_Handler::get_irq_pin_num(u8)	16	static
stm32f446re_gpio_driver.cpp:19:1:GPIO_Handler::GPIO_Handler(GPIO_RegDef_t*, uint8_t, uint8_t, uint8_t, uint8_t, uint8_t, uint8_t, uint8_t)	32	static
stm32f446re_gpio_driver.cpp:43:1:GPIO_Handler::~GPIO_Handler()	16	static
stm32f446re_gpio_driver.cpp:55:6:void GPIO_Handler::gpio_peripheral_clk_control()	16	static
stm32f446re_gpio_driver.cpp:83:6:void GPIO_Handler::gpio_init()	32	static
stm32f446re_gpio_driver.cpp:161:6:void GPIO_Handler::gpio_deinit()	16	static
stm32f446re_gpio_driver.cpp:189:4:u8 GPIO_Handler::gpio_read_from_input_pin() const	24	static
stm32f446re_gpio_driver.cpp:203:10:uint16_t GPIO_Handler::gpio_read_from_input_port() const	24	static
stm32f446re_gpio_driver.cpp:217:6:void GPIO_Handler::gpio_write_to_output_pin(u8)	16	static
stm32f446re_gpio_driver.cpp:233:6:void GPIO_Handler::gpio_write_to_output_port(uint16_t)	16	static
stm32f446re_gpio_driver.cpp:246:6:void GPIO_Handler::gpio_toggle_output_pin()	16	static
stm32f446re_gpio_driver.cpp:259:6:void GPIO_Handler::gpio_irq_config(uint8_t, uint8_t)	16	static
stm32f446re_gpio_driver.cpp:294:6:void GPIO_Handler::gpio_irq_priority_config(uint8_t, uint8_t)	24	static
stm32f446re_gpio_driver.cpp:310:6:void GPIO_Handler::gpio_irq_handling()	16	static
stm32f446re_gpio_driver.cpp:316:1:void __static_initialization_and_destruction_0(int, int)	16	static
stm32f446re_gpio_driver.cpp:316:1:cpp)	8	static
stm32f446re_gpio_driver.cpp:316:1:cpp)	8	static
