gthr-default.h:229:1:int __gthread_key_delete(__gthread_key_t)	16	static
std_function.h:271:5:std::_Function_base::_Function_base()	16	static
std_function.h:273:5:std::_Function_base::~_Function_base()	16	static
std_function.h:279:10:bool std::_Function_base::_M_empty() const	16	static
std_function.h:389:11:std::function<unsigned char(unsigned char, unsigned char*, long unsigned int)>::~function()	16	static
std_function.h:389:11:std::function<unsigned char(unsigned char, const unsigned char*, long unsigned int)>::~function()	16	static
bme280_driver.cpp:14:1:BMESensor_Handler::BMESensor_Handler(BMESensor_Handler::read_fnc, BMESensor_Handler::write_fnc)	24	static
bme280_driver.cpp:21:13:BME280_Stat BMESensor_Handler::init_BME280()	24	static
bme280_driver.cpp:35:13:BME280_Stat BMESensor_Handler::getRegData(u8, u8*, u32)	24	static
bme280_driver.cpp:42:9:uint8_t BMESensor_Handler::getChipID()	16	static
bme280_driver.cpp:46:9:uint8_t BMESensor_Handler::testFunctionPtr()	24	static
std_function.h:414:7:)>::function() [with _Res = unsigned char; _ArgTypes = {unsigned char, unsigned char*, long unsigned int}]	16	static
std_function.h:414:7:)>::function() [with _Res = unsigned char; _ArgTypes = {unsigned char, const unsigned char*, long unsigned int}]	16	static
std_function.h:414:7:)>::function() [with _Res = void; _ArgTypes = {long unsigned int}]	16	static
std_function.h:480:7:)>&) [with _Res = unsigned char; _ArgTypes = {unsigned char, unsigned char*, long unsigned int}]	32	static
std_function.h:480:7:)>&) [with _Res = unsigned char; _ArgTypes = {unsigned char, const unsigned char*, long unsigned int}]	32	static
std_function.h:701:5:) const [with _Res = unsigned char; _ArgTypes = {unsigned char, unsigned char*, long unsigned int}]	40	static
std_function.h:671:5:)>&) [with _Res = unsigned char; _ArgTypes = {unsigned char, unsigned char*, long unsigned int}]	16	static
std_function.h:565:12:)>&) [with _Res = unsigned char; _ArgTypes = {unsigned char, unsigned char*, long unsigned int}]	16	static
std_function.h:671:5:)>&) [with _Res = unsigned char; _ArgTypes = {unsigned char, const unsigned char*, long unsigned int}]	16	static
std_function.h:565:12:)>&) [with _Res = unsigned char; _ArgTypes = {unsigned char, const unsigned char*, long unsigned int}]	16	static
move.h:73:5:constexpr _Tp&& std::forward(typename std::remove_reference<_From>::type&) [with _Tp = unsigned char]	16	static
move.h:73:5:constexpr _Tp&& std::forward(typename std::remove_reference<_From>::type&) [with _Tp = unsigned char*]	16	static
move.h:73:5:constexpr _Tp&& std::forward(typename std::remove_reference<_From>::type&) [with _Tp = long unsigned int]	16	static
std_function.h:582:16:)>::operator bool() const [with _Res = unsigned char; _ArgTypes = {unsigned char, unsigned char*, long unsigned int}]	16	static
move.h:98:5:constexpr typename std::remove_reference< <template-parameter-1-1> >::type&& std::move(_Tp&&) [with _Tp = std::_Any_data&]	16	static
move.h:187:5:typename std::enable_if<std::__and_<std::__not_<std::__is_tuple_like<_Tp> >, std::is_move_constructible<_Tp>, std::is_move_assignable<_Tp> >::value>::type std::swap(_Tp&, _Tp&) [with _Tp = std::_Any_data]	24	static
move.h:98:5:constexpr typename std::remove_reference< <template-parameter-1-1> >::type&& std::move(_Tp&&) [with _Tp = bool (*&)(std::_Any_data&, const std::_Any_data&, std::_Manager_operation)]	16	static
move.h:187:5:typename std::enable_if<std::__and_<std::__not_<std::__is_tuple_like<_Tp> >, std::is_move_constructible<_Tp>, std::is_move_assignable<_Tp> >::value>::type std::swap(_Tp&, _Tp&) [with _Tp = bool (*)(std::_Any_data&, const std::_Any_data&, std::_Manager_operation)]	24	static
move.h:98:5:constexpr typename std::remove_reference< <template-parameter-1-1> >::type&& std::move(_Tp&&) [with _Tp = unsigned char (*&)(const std::_Any_data&, unsigned char&&, unsigned char*&&, long unsigned int&&)]	16	static
move.h:187:5:typename std::enable_if<std::__and_<std::__not_<std::__is_tuple_like<_Tp> >, std::is_move_constructible<_Tp>, std::is_move_assignable<_Tp> >::value>::type std::swap(_Tp&, _Tp&) [with _Tp = unsigned char (*)(const std::_Any_data&, unsigned char&&, unsigned char*&&, long unsigned int&&)]	24	static
std_function.h:582:16:)>::operator bool() const [with _Res = unsigned char; _ArgTypes = {unsigned char, const unsigned char*, long unsigned int}]	16	static
move.h:98:5:constexpr typename std::remove_reference< <template-parameter-1-1> >::type&& std::move(_Tp&&) [with _Tp = unsigned char (*&)(const std::_Any_data&, unsigned char&&, const unsigned char*&&, long unsigned int&&)]	16	static
move.h:187:5:typename std::enable_if<std::__and_<std::__not_<std::__is_tuple_like<_Tp> >, std::is_move_constructible<_Tp>, std::is_move_assignable<_Tp> >::value>::type std::swap(_Tp&, _Tp&) [with _Tp = unsigned char (*)(const std::_Any_data&, unsigned char&&, const unsigned char*&&, long unsigned int&&)]	24	static
