stm32f4xx.h:266:16:uint8_t gpio_baseAddr_to_code(GPIO_RegDef_t*)	16	static
stm32f446re_gpio_driver.cpp:17:1:GPIO_Handler::GPIO_Handler(GPIO_RegDef_t*, uint8_t, uint8_t, uint8_t, uint8_t, uint8_t, uint8_t, uint8_t)	32	static
stm32f446re_gpio_driver.cpp:54:1:GPIO_Handler::~GPIO_Handler()	16	static
stm32f446re_gpio_driver.cpp:59:6:void GPIO_Handler::GPIO_PeriClockControl()	16	static
stm32f446re_gpio_driver.cpp:88:6:void GPIO_Handler::GPIO_Init()	32	static
stm32f446re_gpio_driver.cpp:168:6:void GPIO_Handler::GPIO_DeInit()	16	static
stm32f446re_gpio_driver.cpp:202:9:uint8_t GPIO_Handler::GPIO_ReadFromInputPin() const	24	static
stm32f446re_gpio_driver.cpp:215:10:uint16_t GPIO_Handler::GPIO_ReadFromInputPort() const	24	static
stm32f446re_gpio_driver.cpp:228:6:void GPIO_Handler::GPIO_WriteToOutputPin(uint8_t)	16	static
stm32f446re_gpio_driver.cpp:244:6:void GPIO_Handler::GPIO_WriteToOutputPort(uint16_t)	16	static
stm32f446re_gpio_driver.cpp:250:6:void GPIO_Handler::GPIO_ToggleOutputPin()	16	static
stm32f446re_gpio_driver.cpp:264:6:void GPIO_Handler::GPIO_IRQInterruptConfig(uint8_t, uint8_t)	16	static
stm32f446re_gpio_driver.cpp:302:6:void GPIO_Handler::GPIO_IRQPriorityConfig(uint8_t, uint8_t)	24	static
stm32f446re_gpio_driver.cpp:320:6:void GPIO_IRQHandling(uint8_t)	16	static
stm32f446re_gpio_driver.cpp:332:23:uint8_t get_irq_pinNum(uint8_t)	16	static
