gthr-default.h:229:1:int __gthread_key_delete(__gthread_key_t)	16	static
stm32f446re_spi_driver.cpp:15:1:SPI_Handler::SPI_Handler(SPI_RegDef_t*, u8, u8, u8, u8, u8, u8, u8)	24	static
stm32f446re_spi_driver.cpp:54:1:SPI_Handler::~SPI_Handler()	16	static
stm32f446re_spi_driver.cpp:69:6:void SPI_Handler::SPI_PeriClockControl()	16	static
stm32f446re_spi_driver.cpp:94:6:void SPI_Handler::SPI_GPIOs_Init()	48	static
stm32f446re_spi_driver.cpp:147:6:void SPI_Handler::SPI_Init()	24	static
stm32f446re_spi_driver.cpp:197:6:void SPI_Handler::SPI_DeInit()	16	static
stm32f446re_spi_driver.cpp:221:6:void SPI_Handler::SPI_PeripheralControl(u8)	16	static
stm32f446re_spi_driver.cpp:239:11:u8 SPI_Handler::SPI_GetFlagStatus(u8)	16	static
stm32f446re_spi_driver.cpp:253:6:void SPI_Handler::SPI_SendData(const u8*, u32)	24	static
stm32f446re_spi_driver.cpp:290:6:void SPI_Handler::SPI_ReceiveData(u8*, u32)	24	static
stm32f446re_spi_driver.cpp:329:6:void SPI_Handler::SPI_SendAndReceiveData(const u8*, u8*, u32)	24	static
stm32f446re_spi_driver.cpp:371:6:void SPI_Handler::SPI_SSOEConfig(u8)	16	static
stm32f446re_spi_driver.cpp:390:6:void SPI_Handler::SPI_SSIConfig(u8)	16	static
stm32f446re_spi_driver.cpp:413:6:void SPI_Handler::SPI_IRQInterruptConfig(u8, u8)	16	static
stm32f446re_spi_driver.cpp:451:6:void SPI_Handler::SPI_IRQPriorityConfig(u8, u8)	24	static
stm32f446re_spi_driver.cpp:461:4:u8 SPI_Handler::SPI_SendDataIT(const u8*, u32)	24	static
stm32f446re_spi_driver.cpp:480:4:u8 SPI_Handler::SPI_ReceiveDataIT(u8*, u32)	24	static
stm32f446re_spi_driver.cpp:501:6:void SPI_Handler::SPI_IRQHandling()	24	static
stm32f446re_spi_driver.cpp:533:6:void SPI_Handler::spi_txe_interrupt_handle()	16	static
stm32f446re_spi_driver.cpp:559:6:void SPI_Handler::spi_rxne_interrupt_handle()	16	static
stm32f446re_spi_driver.cpp:587:6:void SPI_Handler::spi_ovr_err_interrupt_handle()	16	static
stm32f446re_spi_driver.cpp:595:6:void SPI_Handler::SPI_ClearOVRFlag()	24	static
stm32f446re_spi_driver.cpp:602:6:void SPI_Handler::SPI_CloseTransmission()	16	static
stm32f446re_spi_driver.cpp:611:6:void SPI_Handler::SPI_CloseReception()	16	static
stm32f446re_spi_driver.cpp:618:13:void SPI_ApplicationEventCallback(SPI_Handle_t*, u8)	16	static
tuple:919:17:constexpr std::tuple<_T1, _T2>::tuple() [with _U1 = GPIO_Handler*; _U2 = std::default_delete<GPIO_Handler>; typename std::enable_if<std::__and_<std::__is_implicitly_default_constructible<_U1>, std::__is_implicitly_default_constructible<_U2> >::value, bool>::type <anonymous> = 1; _T1 = GPIO_Handler*; _T2 = std::default_delete<GPIO_Handler>]	16	static
unique_ptr.h:139:7:constexpr std::__uniq_ptr_impl<_Tp, _Dp>::__uniq_ptr_impl() [with _Tp = GPIO_Handler; _Dp = std::default_delete<GPIO_Handler>]	16	static
unique_ptr.h:188:12:constexpr std::unique_ptr<_Tp, _Dp>::unique_ptr() [with _Up = std::default_delete<GPIO_Handler>; <template-parameter-2-2> = void; _Tp = GPIO_Handler; _Dp = std::default_delete<GPIO_Handler>]	16	static
unique_ptr.h:264:7:std::unique_ptr<_Tp, _Dp>::~unique_ptr() [with _Tp = GPIO_Handler; _Dp = std::default_delete<GPIO_Handler>]	24	static
unique_ptr.h:371:7:void std::unique_ptr<_Tp, _Dp>::reset(std::unique_ptr<_Tp, _Dp>::pointer) [with _Tp = GPIO_Handler; _Dp = std::default_delete<GPIO_Handler>]	16	static
tuple:206:17:>::_Tuple_impl() [with unsigned int _Idx = 0; _Head = GPIO_Handler*; _Tail = {std::default_delete<GPIO_Handler>}]	16	static
unique_ptr.h:146:18:std::__uniq_ptr_impl<_Tp, _Dp>::pointer& std::__uniq_ptr_impl<_Tp, _Dp>::_M_ptr() [with _Tp = GPIO_Handler; _Dp = std::default_delete<GPIO_Handler>]	16	static
unique_ptr.h:341:7:std::unique_ptr<_Tp, _Dp>::deleter_type& std::unique_ptr<_Tp, _Dp>::get_deleter() [with _Tp = GPIO_Handler; _Dp = std::default_delete<GPIO_Handler>]	16	static
unique_ptr.h:72:7:void std::default_delete<_Tp>::operator()(_Tp*) const [with _Tp = GPIO_Handler]	24	static
move.h:98:5:constexpr typename std::remove_reference< <template-parameter-1-1> >::type&& std::move(_Tp&&) [with _Tp = GPIO_Handler*&]	16	static
move.h:187:5:typename std::enable_if<std::__and_<std::__not_<std::__is_tuple_like<_Tp> >, std::is_move_constructible<_Tp>, std::is_move_assignable<_Tp> >::value>::type std::swap(_Tp&, _Tp&) [with _Tp = GPIO_Handler*]	24	static
tuple:356:17:constexpr std::_Tuple_impl<_Idx, _Head>::_Tuple_impl() [with unsigned int _Idx = 1; _Head = std::default_delete<GPIO_Handler>]	16	static
tuple:122:17:constexpr std::_Head_base<_Idx, _Head, false>::_Head_base() [with unsigned int _Idx = 0; _Head = GPIO_Handler*]	16	static
tuple:1314:5:>&) [with unsigned int __i = 0; _Elements = {GPIO_Handler*, std::default_delete<GPIO_Handler>}]	16	static
unique_ptr.h:148:18:_Dp& std::__uniq_ptr_impl<_Tp, _Dp>::_M_deleter() [with _Tp = GPIO_Handler; _Dp = std::default_delete<GPIO_Handler>]	16	static
tuple:76:17:constexpr std::_Head_base<_Idx, _Head, true>::_Head_base() [with unsigned int _Idx = 1; _Head = std::default_delete<GPIO_Handler>]	16	static
tuple:1303:5:>&) [with unsigned int __i = 0; _Head = GPIO_Handler*; _Tail = {std::default_delete<GPIO_Handler>}]	16	static
tuple:1314:5:>&) [with unsigned int __i = 1; _Elements = {GPIO_Handler*, std::default_delete<GPIO_Handler>}]	16	static
tuple:195:7:>&) [with unsigned int _Idx = 0; _Head = GPIO_Handler*; _Tail = {std::default_delete<GPIO_Handler>}]	16	static
tuple:1303:5:>&) [with unsigned int __i = 1; _Head = std::default_delete<GPIO_Handler>; _Tail = {}]	16	static
tuple:160:7:static constexpr _Head& std::_Head_base<_Idx, _Head, false>::_M_head(std::_Head_base<_Idx, _Head, false>&) [with unsigned int _Idx = 0; _Head = GPIO_Handler*]	16	static
tuple:351:7:static constexpr _Head& std::_Tuple_impl<_Idx, _Head>::_M_head(std::_Tuple_impl<_Idx, _Head>&) [with unsigned int _Idx = 1; _Head = std::default_delete<GPIO_Handler>]	16	static
tuple:113:7:static constexpr _Head& std::_Head_base<_Idx, _Head, true>::_M_head(std::_Head_base<_Idx, _Head, true>&) [with unsigned int _Idx = 1; _Head = std::default_delete<GPIO_Handler>]	16	static
stm32f446re_spi_driver.cpp:620:1:void __static_initialization_and_destruction_0(int, int)	16	static
stm32f446re_spi_driver.cpp:620:1:cpp)	8	static
stm32f446re_spi_driver.cpp:620:1:cpp)	8	static
