Archive member included to satisfy reference by file (symbol)

/Applications/STM32CubeIDE.app/Contents/Eclipse/plugins/com.st.stm32cube.ide.mcu.externaltools.gnu-tools-for-stm32.7-2018-q2-update.macos64_1.0.0.201904181610/tools/bin/../lib/gcc/arm-none-eabi/7.3.1/../../../../arm-none-eabi/lib/thumb/v7e-m/libstdc++_nano.a(del_ops.o)
                              driver/src/stm32f446re_spi_driver.o (operator delete(void*, unsigned int))
/Applications/STM32CubeIDE.app/Contents/Eclipse/plugins/com.st.stm32cube.ide.mcu.externaltools.gnu-tools-for-stm32.7-2018-q2-update.macos64_1.0.0.201904181610/tools/bin/../lib/gcc/arm-none-eabi/7.3.1/../../../../arm-none-eabi/lib/thumb/v7e-m/libstdc++_nano.a(new_op.o)
                              Src/spi_readSensordata.o (operator new(unsigned int))
/Applications/STM32CubeIDE.app/Contents/Eclipse/plugins/com.st.stm32cube.ide.mcu.externaltools.gnu-tools-for-stm32.7-2018-q2-update.macos64_1.0.0.201904181610/tools/bin/../lib/gcc/arm-none-eabi/7.3.1/../../../../arm-none-eabi/lib/thumb/v7e-m/libstdc++_nano.a(del_op.o)
                              /Applications/STM32CubeIDE.app/Contents/Eclipse/plugins/com.st.stm32cube.ide.mcu.externaltools.gnu-tools-for-stm32.7-2018-q2-update.macos64_1.0.0.201904181610/tools/bin/../lib/gcc/arm-none-eabi/7.3.1/../../../../arm-none-eabi/lib/thumb/v7e-m/libstdc++_nano.a(del_ops.o) (operator delete(void*))
/Applications/STM32CubeIDE.app/Contents/Eclipse/plugins/com.st.stm32cube.ide.mcu.externaltools.gnu-tools-for-stm32.7-2018-q2-update.macos64_1.0.0.201904181610/tools/bin/../lib/gcc/arm-none-eabi/7.3.1/../../../../arm-none-eabi/lib/thumb/v7e-m/libstdc++_nano.a(new_handler.o)
                              /Applications/STM32CubeIDE.app/Contents/Eclipse/plugins/com.st.stm32cube.ide.mcu.externaltools.gnu-tools-for-stm32.7-2018-q2-update.macos64_1.0.0.201904181610/tools/bin/../lib/gcc/arm-none-eabi/7.3.1/../../../../arm-none-eabi/lib/thumb/v7e-m/libstdc++_nano.a(new_op.o) (std::get_new_handler())
/Applications/STM32CubeIDE.app/Contents/Eclipse/plugins/com.st.stm32cube.ide.mcu.externaltools.gnu-tools-for-stm32.7-2018-q2-update.macos64_1.0.0.201904181610/tools/bin/../lib/gcc/arm-none-eabi/7.3.1/../../../../arm-none-eabi/lib/thumb/v7e-m/libc_nano.a(lib_a-abort.o)
                              /Applications/STM32CubeIDE.app/Contents/Eclipse/plugins/com.st.stm32cube.ide.mcu.externaltools.gnu-tools-for-stm32.7-2018-q2-update.macos64_1.0.0.201904181610/tools/bin/../lib/gcc/arm-none-eabi/7.3.1/../../../../arm-none-eabi/lib/thumb/v7e-m/libstdc++_nano.a(new_op.o) (abort)
/Applications/STM32CubeIDE.app/Contents/Eclipse/plugins/com.st.stm32cube.ide.mcu.externaltools.gnu-tools-for-stm32.7-2018-q2-update.macos64_1.0.0.201904181610/tools/bin/../lib/gcc/arm-none-eabi/7.3.1/../../../../arm-none-eabi/lib/thumb/v7e-m/libc_nano.a(lib_a-errno.o)
                              Src/syscalls.o (__errno)
/Applications/STM32CubeIDE.app/Contents/Eclipse/plugins/com.st.stm32cube.ide.mcu.externaltools.gnu-tools-for-stm32.7-2018-q2-update.macos64_1.0.0.201904181610/tools/bin/../lib/gcc/arm-none-eabi/7.3.1/../../../../arm-none-eabi/lib/thumb/v7e-m/libc_nano.a(lib_a-exit.o)
                              /Applications/STM32CubeIDE.app/Contents/Eclipse/plugins/com.st.stm32cube.ide.mcu.externaltools.gnu-tools-for-stm32.7-2018-q2-update.macos64_1.0.0.201904181610/tools/bin/../lib/gcc/arm-none-eabi/7.3.1/../../../../arm-none-eabi/lib/thumb/v7e-m/crt0.o (exit)
/Applications/STM32CubeIDE.app/Contents/Eclipse/plugins/com.st.stm32cube.ide.mcu.externaltools.gnu-tools-for-stm32.7-2018-q2-update.macos64_1.0.0.201904181610/tools/bin/../lib/gcc/arm-none-eabi/7.3.1/../../../../arm-none-eabi/lib/thumb/v7e-m/libc_nano.a(lib_a-impure.o)
                              /Applications/STM32CubeIDE.app/Contents/Eclipse/plugins/com.st.stm32cube.ide.mcu.externaltools.gnu-tools-for-stm32.7-2018-q2-update.macos64_1.0.0.201904181610/tools/bin/../lib/gcc/arm-none-eabi/7.3.1/../../../../arm-none-eabi/lib/thumb/v7e-m/libc_nano.a(lib_a-exit.o) (_global_impure_ptr)
/Applications/STM32CubeIDE.app/Contents/Eclipse/plugins/com.st.stm32cube.ide.mcu.externaltools.gnu-tools-for-stm32.7-2018-q2-update.macos64_1.0.0.201904181610/tools/bin/../lib/gcc/arm-none-eabi/7.3.1/../../../../arm-none-eabi/lib/thumb/v7e-m/libc_nano.a(lib_a-init.o)
                              /Applications/STM32CubeIDE.app/Contents/Eclipse/plugins/com.st.stm32cube.ide.mcu.externaltools.gnu-tools-for-stm32.7-2018-q2-update.macos64_1.0.0.201904181610/tools/bin/../lib/gcc/arm-none-eabi/7.3.1/../../../../arm-none-eabi/lib/thumb/v7e-m/crt0.o (__libc_init_array)
/Applications/STM32CubeIDE.app/Contents/Eclipse/plugins/com.st.stm32cube.ide.mcu.externaltools.gnu-tools-for-stm32.7-2018-q2-update.macos64_1.0.0.201904181610/tools/bin/../lib/gcc/arm-none-eabi/7.3.1/../../../../arm-none-eabi/lib/thumb/v7e-m/libc_nano.a(lib_a-malloc.o)
[...]
Memory Configuration

Name             Origin             Length             Attributes
RAM              0x0000000020000000 0x0000000000020000 xrw
ROM              0x0000000008000000 0x0000000000080000 xr
*default*        0x0000000000000000 0xffffffffffffffff

Linker script and memory map

LOAD /Applications/STM32CubeIDE.app/Contents/Eclipse/plugins/com.st.stm32cube.ide.mcu.externaltools.gnu-tools-for-stm32.7-2018-q2-update.macos64_1.0.0.201904181610/tools/bin/../lib/gcc/arm-none-eabi/7.3.1/thumb/v7e-m/crti.o
LOAD /Applications/STM32CubeIDE.app/Contents/Eclipse/plugins/com.st.stm32cube.ide.mcu.externaltools.gnu-tools-for-stm32.7-2018-q2-update.macos64_1.0.0.201904181610/tools/bin/../lib/gcc/arm-none-eabi/7.3.1/thumb/v7e-m/crtbegin.o
LOAD /Applications/STM32CubeIDE.app/Contents/Eclipse/plugins/com.st.stm32cube.ide.mcu.externaltools.gnu-tools-for-stm32.7-2018-q2-update.macos64_1.0.0.201904181610/tools/bin/../lib/gcc/arm-none-eabi/7.3.1/../../../../arm-none-eabi/lib/thumb/v7e-m/crt0.o
LOAD Src/spi_readSensordata.o
LOAD Src/syscalls.o
LOAD Src/sysmem.o
LOAD Startup/startup_stm32f446retx.o
LOAD driver/src/stm32f446re_gpio_driver.o
LOAD driver/src/stm32f446re_spi_driver.o
START GROUP
LOAD /Applications/STM32CubeIDE.app/Contents/Eclipse/plugins/com.st.stm32cube.ide.mcu.externaltools.gnu-tools-for-stm32.7-2018-q2-update.macos64_1.0.0.201904181610/tools/bin/../lib/gcc/arm-none-eabi/7.3.1/../../../../arm-none-eabi/lib/thumb/v7e-m/libstdc++_nano.a
LOAD /Applications/STM32CubeIDE.app/Contents/Eclipse/plugins/com.st.stm32cube.ide.mcu.externaltools.gnu-tools-for-stm32.7-2018-q2-update.macos64_1.0.0.201904181610/tools/bin/../lib/gcc/arm-none-eabi/7.3.1/../../../../arm-none-eabi/lib/thumb/v7e-m/libsupc++_nano.a
END GROUP
LOAD /Applications/STM32CubeIDE.app/Contents/Eclipse/plugins/com.st.stm32cube.ide.mcu.externaltools.gnu-tools-for-stm32.7-2018-q2-update.macos64_1.0.0.201904181610/tools/bin/../lib/gcc/arm-none-eabi/7.3.1/../../../../arm-none-eabi/lib/thumb/v7e-m/libstdc++_nano.a
LOAD /Applications/STM32CubeIDE.app/Contents/Eclipse/plugins/com.st.stm32cube.ide.mcu.externaltools.gnu-tools-for-stm32.7-2018-q2-update.macos64_1.0.0.201904181610/tools/bin/../lib/gcc/arm-none-eabi/7.3.1/../../../../arm-none-eabi/lib/thumb/v7e-m/libm.a
LOAD /Applications/STM32CubeIDE.app/Contents/Eclipse/plugins/com.st.stm32cube.ide.mcu.externaltools.gnu-tools-for-stm32.7-2018-q2-update.macos64_1.0.0.201904181610/tools/bin/../lib/gcc/arm-none-eabi/7.3.1/../../../../arm-none-eabi/lib/thumb/v7e-m/libc_nano.a
START GROUP
LOAD /Applications/STM32CubeIDE.app/Contents/Eclipse/plugins/com.st.stm32cube.ide.mcu.externaltools.gnu-tools-for-stm32.7-2018-q2-update.macos64_1.0.0.201904181610/tools/bin/../lib/gcc/arm-none-eabi/7.3.1/thumb/v7e-m/libgcc.a
LOAD /Applications/STM32CubeIDE.app/Contents/Eclipse/plugins/com.st.stm32cube.ide.mcu.externaltools.gnu-tools-for-stm32.7-2018-q2-update.macos64_1.0.0.201904181610/tools/bin/../lib/gcc/arm-none-eabi/7.3.1/../../../../arm-none-eabi/lib/thumb/v7e-m/libc_nano.a
END GROUP
START GROUP
LOAD /Applications/STM32CubeIDE.app/Contents/Eclipse/plugins/com.st.stm32cube.ide.mcu.externaltools.gnu-tools-for-stm32.7-2018-q2-update.macos64_1.0.0.201904181610/tools/bin/../lib/gcc/arm-none-eabi/7.3.1/thumb/v7e-m/libgcc.a
LOAD /Applications/STM32CubeIDE.app/Contents/Eclipse/plugins/com.st.stm32cube.ide.mcu.externaltools.gnu-tools-for-stm32.7-2018-q2-update.macos64_1.0.0.201904181610/tools/bin/../lib/gcc/arm-none-eabi/7.3.1/../../../../arm-none-eabi/lib/thumb/v7e-m/libc_nano.a
LOAD /Applications/STM32CubeIDE.app/Contents/Eclipse/plugins/com.st.stm32cube.ide.mcu.externaltools.gnu-tools-for-stm32.7-2018-q2-update.macos64_1.0.0.201904181610/tools/bin/../lib/gcc/arm-none-eabi/7.3.1/../../../../arm-none-eabi/lib/thumb/v7e-m/libnosys.a
END GROUP
START GROUP
LOAD /Applications/STM32CubeIDE.app/Contents/Eclipse/plugins/com.st.stm32cube.ide.mcu.externaltools.gnu-tools-for-stm32.7-2018-q2-update.macos64_1.0.0.201904181610/tools/bin/../lib/gcc/arm-none-eabi/7.3.1/thumb/v7e-m/libgcc.a
LOAD /Applications/STM32CubeIDE.app/Contents/Eclipse/plugins/com.st.stm32cube.ide.mcu.externaltools.gnu-tools-for-stm32.7-2018-q2-update.macos64_1.0.0.201904181610/tools/bin/../lib/gcc/arm-none-eabi/7.3.1/../../../../arm-none-eabi/lib/thumb/v7e-m/libc_nano.a
LOAD /Applications/STM32CubeIDE.app/Contents/Eclipse/plugins/com.st.stm32cube.ide.mcu.externaltools.gnu-tools-for-stm32.7-2018-q2-update.macos64_1.0.0.201904181610/tools/bin/../lib/gcc/arm-none-eabi/7.3.1/../../../../arm-none-eabi/lib/thumb/v7e-m/libnosys.a
END GROUP
LOAD /Applications/STM32CubeIDE.app/Contents/Eclipse/plugins/com.st.stm32cube.ide.mcu.externaltools.gnu-tools-for-stm32.7-2018-q2-update.macos64_1.0.0.201904181610/tools/bin/../lib/gcc/arm-none-eabi/7.3.1/thumb/v7e-m/crtend.o
LOAD /Applications/STM32CubeIDE.app/Contents/Eclipse/plugins/com.st.stm32cube.ide.mcu.externaltools.gnu-tools-for-stm32.7-2018-q2-update.macos64_1.0.0.201904181610/tools/bin/../lib/gcc/arm-none-eabi/7.3.1/thumb/v7e-m/crtn.o
                0x0000000020020000                _estack = (ORIGIN (RAM) + LENGTH (RAM))
                0x0000000000000200                _Min_Heap_Size = 0x200
                0x0000000000000400                _Min_Stack_Size = 0x400

.isr_vector     0x0000000008000000      0x1c4
                0x0000000008000000                . = ALIGN (0x4)
 *(.isr_vector)
 .isr_vector    0x0000000008000000      0x1c4 Startup/startup_stm32f446retx.o
                0x0000000008000000                g_pfnVectors
                0x00000000080001c4                . = ALIGN (0x4)

.text           0x00000000080001c4      0xef0
                0x00000000080001c4                . = ALIGN (0x4)
 *(.text)
 .text          0x00000000080001c4       0x40 /Applications/STM32CubeIDE.app/Contents/Eclipse/plugins/com.st.stm32cube.ide.mcu.externaltools.gnu-tools-for-stm32.7-2018-q2-update.macos64_1.0.0.201904181610/tools/bin/../lib/gcc/arm-none-eabi/7.3.1/thumb/v7e-m/crtbegin.o
 *(.text*)
 .text.main     0x0000000008000204       0x90 Src/spi_readSensordata.o
                0x0000000008000204                main
 .text._getpid  0x0000000008000294        0xe Src/syscalls.o
                0x0000000008000294                _getpid
 .text._kill    0x00000000080002a2       0x20 Src/syscalls.o
                0x00000000080002a2                _kill
 .text._exit    0x00000000080002c2       0x14 Src/syscalls.o
                0x00000000080002c2                _exit
 *fill*         0x00000000080002d6        0x2 
 .text._sbrk    0x00000000080002d8       0x58 Src/sysmem.o
                0x00000000080002d8                _sbrk
 .text.Reset_Handler
                0x0000000008000330       0x50 Startup/startup_stm32f446retx.o
                0x0000000008000330                Reset_Handler
 .text.Default_Handler
                0x0000000008000380        0x2 Startup/startup_stm32f446retx.o
                0x0000000008000380                DMA1_Stream3_IRQHandler
                0x0000000008000380                EXTI2_IRQHandler
                0x0000000008000380                TIM8_CC_IRQHandler
                0x0000000008000380                SPDIF_Rx_IRQHandler
                0x0000000008000380                DebugMon_Handler
                0x0000000008000380                SPI4_IRQHandler
                0x0000000008000380                TIM1_CC_IRQHandler
                0x0000000008000380                QuadSPI_IRQHandler
                0x0000000008000380                DMA2_Stream5_IRQHandler
                0x0000000008000380                HardFault_Handler
                0x0000000008000380                DMA1_Stream5_IRQHandler
                0x0000000008000380                SysTick_Handler
                0x0000000008000380                PVD_IRQHandler
                0x0000000008000380                SDIO_IRQHandler
                0x0000000008000380                TAMP_STAMP_IRQHandler
                0x0000000008000380                PendSV_Handler
                0x0000000008000380                NMI_Handler
                0x0000000008000380                CAN2_RX1_IRQHandler
                0x0000000008000380                EXTI3_IRQHandler
                0x0000000008000380                TIM8_TRG_COM_TIM14_IRQHandler
                0x0000000008000380                TIM1_UP_TIM10_IRQHandler
                0x0000000008000380                FMPI2C1_error_IRQHandler
                0x0000000008000380                TIM8_UP_TIM13_IRQHandler
                0x0000000008000380                I2C3_ER_IRQHandler
                0x0000000008000380                EXTI0_IRQHandler
                0x0000000008000380                I2C2_EV_IRQHandler
                0x0000000008000380                DMA1_Stream2_IRQHandler
                0x0000000008000380                CAN1_RX0_IRQHandler
                0x0000000008000380                FPU_IRQHandler
                0x0000000008000380                OTG_HS_WKUP_IRQHandler
                0x0000000008000380                UsageFault_Handler
                0x0000000008000380                CAN2_SCE_IRQHandler
                0x0000000008000380                DMA2_Stream2_IRQHandler
                0x0000000008000380                SPI1_IRQHandler
                0x0000000008000380                TIM6_DAC_IRQHandler
                0x0000000008000380                TIM1_BRK_TIM9_IRQHandler
                0x0000000008000380                DCMI_IRQHandler
                0x0000000008000380                CAN2_RX0_IRQHandler
                0x0000000008000380                DMA2_Stream3_IRQHandler
                0x0000000008000380                FMPI2C1_IRQHandler
                0x0000000008000380                SAI2_IRQHandler
                0x0000000008000380                USART6_IRQHandler
                0x0000000008000380                USART3_IRQHandler
                0x0000000008000380                CAN1_RX1_IRQHandler
                0x0000000008000380                UART5_IRQHandler
                0x0000000008000380                DMA2_Stream0_IRQHandler
                0x0000000008000380                TIM4_IRQHandler
                0x0000000008000380                I2C1_EV_IRQHandler
                0x0000000008000380                HDMI_CEC_IRQHandler
                0x0000000008000380                DMA1_Stream6_IRQHandler
                0x0000000008000380                DMA1_Stream1_IRQHandler
                0x0000000008000380                UART4_IRQHandler
                0x0000000008000380                TIM3_IRQHandler
                0x0000000008000380                RCC_IRQHandler
                0x0000000008000380                TIM8_BRK_TIM12_IRQHandler
                0x0000000008000380                Default_Handler
                0x0000000008000380                EXTI15_10_IRQHandler
                0x0000000008000380                ADC_IRQHandler
                0x0000000008000380                DMA1_Stream7_IRQHandler
                0x0000000008000380                TIM7_IRQHandler
                0x0000000008000380                CAN2_TX_IRQHandler
                0x0000000008000380                TIM5_IRQHandler
                0x0000000008000380                DMA2_Stream7_IRQHandler
                0x0000000008000380                I2C3_EV_IRQHandler
                0x0000000008000380                EXTI9_5_IRQHandler
                0x0000000008000380                RTC_WKUP_IRQHandler
                0x0000000008000380                SPI2_IRQHandler
                0x0000000008000380                OTG_HS_EP1_IN_IRQHandler
                0x0000000008000380                MemManage_Handler
                0x0000000008000380                DMA1_Stream0_IRQHandler
                0x0000000008000380                CAN1_TX_IRQHandler
                0x0000000008000380                SVC_Handler
                0x0000000008000380                EXTI4_IRQHandler
                0x0000000008000380                OTG_HS_EP1_OUT_IRQHandler
                0x0000000008000380                WWDG_IRQHandler
                0x0000000008000380                TIM2_IRQHandler
                0x0000000008000380                OTG_FS_WKUP_IRQHandler
                0x0000000008000380                TIM1_TRG_COM_TIM11_IRQHandler
                0x0000000008000380                OTG_HS_IRQHandler
                0x0000000008000380                EXTI1_IRQHandler
                0x0000000008000380                USART2_IRQHandler
                0x0000000008000380                I2C2_ER_IRQHandler
                0x0000000008000380                DMA2_Stream1_IRQHandler
                0x0000000008000380                CAN1_SCE_IRQHandler
                0x0000000008000380                FLASH_IRQHandler
                0x0000000008000380                DMA2_Stream4_IRQHandler
                0x0000000008000380                BusFault_Handler
                0x0000000008000380                USART1_IRQHandler
                0x0000000008000380                OTG_FS_IRQHandler
                0x0000000008000380                SPI3_IRQHandler
                0x0000000008000380                DMA1_Stream4_IRQHandler
                0x0000000008000380                I2C1_ER_IRQHandler
                0x0000000008000380                FMC_IRQHandler
                0x0000000008000380                DMA2_Stream6_IRQHandler
                0x0000000008000380                SAI1_IRQHandler
                0x0000000008000380                RTC_Alarm_IRQHandler
 *fill*         0x0000000008000382        0x2 
 .text._Z21gpio_baseAddr_to_codeP13GPIO_RegDef_t
                0x0000000008000384       0x94 driver/src/stm32f446re_gpio_driver.o
                0x0000000008000384                gpio_baseAddr_to_code(GPIO_RegDef_t*)
 .text._ZN12GPIO_HandlerC2EP13GPIO_RegDef_thhhhhhh
                0x0000000008000418       0x96 driver/src/stm32f446re_gpio_driver.o
                0x0000000008000418                GPIO_Handler::GPIO_Handler(GPIO_RegDef_t*, unsigned char, unsigned char, unsigned char, unsigned char, unsigned char, unsigned char, unsigned char)
                0x0000000008000418                GPIO_Handler::GPIO_Handler(GPIO_RegDef_t*, unsigned char, unsigned char, unsigned char, unsigned char, unsigned char, unsigned char, unsigned char)
 *fill*         0x00000000080004ae        0x2 
 .text._ZN12GPIO_Handler21GPIO_PeriClockControlEv
                0x00000000080004b0       0xf4 driver/src/stm32f446re_gpio_driver.o
                0x00000000080004b0                GPIO_Handler::GPIO_PeriClockControl()
 .text._ZN12GPIO_Handler9GPIO_InitEv
                0x00000000080005a4      0x2ac driver/src/stm32f446re_gpio_driver.o
                0x00000000080005a4                GPIO_Handler::GPIO_Init()
 .text._ZN12GPIO_Handler23GPIO_IRQInterruptConfigEhh
                0x0000000008000850      0x108 driver/src/stm32f446re_gpio_driver.o
                0x0000000008000850                GPIO_Handler::GPIO_IRQInterruptConfig(unsigned char, unsigned char)
 .text._ZN12GPIO_Handler22GPIO_IRQPriorityConfigEhh
                0x0000000008000958       0x5e driver/src/stm32f446re_gpio_driver.o
                0x0000000008000958                GPIO_Handler::GPIO_IRQPriorityConfig(unsigned char, unsigned char)
 .text._ZL14get_irq_pinNumh
                0x00000000080009b6       0x38 driver/src/stm32f446re_gpio_driver.o
 .text._ZN11SPI_HandlerC2EP12SPI_RegDef_thhhhhhh
                0x00000000080009ee       0x98 driver/src/stm32f446re_spi_driver.o
                0x00000000080009ee                SPI_Handler::SPI_Handler(SPI_RegDef_t*, unsigned char, unsigned char, unsigned char, unsigned char, unsigned char, unsigned char, unsigned char)
                0x00000000080009ee                SPI_Handler::SPI_Handler(SPI_RegDef_t*, unsigned char, unsigned char, unsigned char, unsigned char, unsigned char, unsigned char, unsigned char)
 *fill*         0x0000000008000a86        0x2 
 .text._ZN11SPI_Handler20SPI_PeriClockControlEv
                0x0000000008000a88       0x84 driver/src/stm32f446re_spi_driver.o
                0x0000000008000a88                SPI_Handler::SPI_PeriClockControl()
 .text._ZN11SPI_Handler14SPI_GPIOs_InitEv
                0x0000000008000b0c       0xcc driver/src/stm32f446re_spi_driver.o
                0x0000000008000b0c                SPI_Handler::SPI_GPIOs_Init()
 .text._ZN11SPI_Handler8SPI_InitEv
                0x0000000008000bd8       0xb4 driver/src/stm32f446re_spi_driver.o
                0x0000000008000bd8                SPI_Handler::SPI_Init()
 .text._ZN11SPI_Handler21SPI_PeripheralControlEh
                0x0000000008000c8c       0x3e driver/src/stm32f446re_spi_driver.o
                0x0000000008000c8c                SPI_Handler::SPI_PeripheralControl(unsigned char)
 .text._ZN11SPI_Handler17SPI_GetFlagStatusEh
                0x0000000008000cca       0x34 driver/src/stm32f446re_spi_driver.o
                0x0000000008000cca                SPI_Handler::SPI_GetFlagStatus(unsigned char)
 .text._ZN11SPI_Handler12SPI_SendDataEPhm
                0x0000000008000cfe       0x84 driver/src/stm32f446re_spi_driver.o
                0x0000000008000cfe                SPI_Handler::SPI_SendData(unsigned char*, unsigned long)
 .text._ZN11SPI_Handler14SPI_SSOEConfigEh
                0x0000000008000d82       0x3e driver/src/stm32f446re_spi_driver.o
                0x0000000008000d82                SPI_Handler::SPI_SSOEConfig(unsigned char)
 .text._ZN11SPI_Handler13SPI_SSIConfigEh
                0x0000000008000dc0       0x3e driver/src/stm32f446re_spi_driver.o
                0x0000000008000dc0                SPI_Handler::SPI_SSIConfig(unsigned char)
 .text._ZN11SPI_Handler15SPI_ReceiveDataEPhm
                0x0000000008000dfe       0x86 driver/src/stm32f446re_spi_driver.o
                0x0000000008000dfe                SPI_Handler::SPI_ReceiveData(unsigned char*, unsigned long)
 .text._Znwj    0x0000000008000e84       0x22 /Applications/STM32CubeIDE.app/Contents/Eclipse/plugins/com.st.stm32cube.ide.mcu.externaltools.gnu-tools-for-stm32.7-2018-q2-update.macos64_1.0.0.201904181610/tools/bin/../lib/gcc/arm-none-eabi/7.3.1/../../../../arm-none-eabi/lib/thumb/v7e-m/libstdc++_nano.a(new_op.o)
                0x0000000008000e84                operator new(unsigned int)
 *fill*         0x0000000008000ea6        0x2 
 .text._ZSt15get_new_handlerv
                0x0000000008000ea8       0x10 /Applications/STM32CubeIDE.app/Contents/Eclipse/plugins/com.st.stm32cube.ide.mcu.externaltools.gnu-tools-for-stm32.7-2018-q2-update.macos64_1.0.0.201904181610/tools/bin/../lib/gcc/arm-none-eabi/7.3.1/../../../../arm-none-eabi/lib/thumb/v7e-m/libstdc++_nano.a(new_handler.o)
                0x0000000008000ea8                std::get_new_handler()
 .text.abort    0x0000000008000eb8        0xe /Applications/STM32CubeIDE.app/Contents/Eclipse/plugins/com.st.stm32cube.ide.mcu.externaltools.gnu-tools-for-stm32.7-2018-q2-update.macos64_1.0.0.201904181610/tools/bin/../lib/gcc/arm-none-eabi/7.3.1/../../../../arm-none-eabi/lib/thumb/v7e-m/libc_nano.a(lib_a-abort.o)
                0x0000000008000eb8                abort
 *fill*         0x0000000008000ec6        0x2 
 .text.__errno  0x0000000008000ec8        0xc /Applications/STM32CubeIDE.app/Contents/Eclipse/plugins/com.st.stm32cube.ide.mcu.externaltools.gnu-tools-for-stm32.7-2018-q2-update.macos64_1.0.0.201904181610/tools/bin/../lib/gcc/arm-none-eabi/7.3.1/../../../../arm-none-eabi/lib/thumb/v7e-m/libc_nano.a(lib_a-errno.o)
                0x0000000008000ec8                __errno
 .text.__libc_init_array
                0x0000000008000ed4       0x48 /Applications/STM32CubeIDE.app/Contents/Eclipse/plugins/com.st.stm32cube.ide.mcu.externaltools.gnu-tools-for-stm32.7-2018-q2-update.macos64_1.0.0.201904181610/tools/bin/../lib/gcc/arm-none-eabi/7.3.1/../../../../arm-none-eabi/lib/thumb/v7e-m/libc_nano.a(lib_a-init.o)
                0x0000000008000ed4                __libc_init_array
 .text.malloc   0x0000000008000f1c       0x10 /Applications/STM32CubeIDE.app/Contents/Eclipse/plugins/com.st.stm32cube.ide.mcu.externaltools.gnu-tools-for-stm32.7-2018-q2-update.macos64_1.0.0.201904181610/tools/bin/../lib/gcc/arm-none-eabi/7.3.1/../../../../arm-none-eabi/lib/thumb/v7e-m/libc_nano.a(lib_a-malloc.o)
                0x0000000008000f1c                malloc
 .text.memset   0x0000000008000f2c       0x10 /Applications/STM32CubeIDE.app/Contents/Eclipse/plugins/com.st.stm32cube.ide.mcu.externaltools.gnu-tools-for-stm32.7-2018-q2-update.macos64_1.0.0.201904181610/tools/bin/../lib/gcc/arm-none-eabi/7.3.1/../../../../arm-none-eabi/lib/thumb/v7e-m/libc_nano.a(lib_a-memset.o)
                0x0000000008000f2c                memset
 .text._malloc_r
                0x0000000008000f3c       0xb4 /Applications/STM32CubeIDE.app/Contents/Eclipse/plugins/com.st.stm32cube.ide.mcu.externaltools.gnu-tools-for-stm32.7-2018-q2-update.macos64_1.0.0.201904181610/tools/bin/../lib/gcc/arm-none-eabi/7.3.1/../../../../arm-none-eabi/lib/thumb/v7e-m/libc_nano.a(lib_a-nano-mallocr.o)
                0x0000000008000f3c                _malloc_r
 .text._sbrk_r  0x0000000008000ff0       0x20 /Applications/STM32CubeIDE.app/Contents/Eclipse/plugins/com.st.stm32cube.ide.mcu.externaltools.gnu-tools-for-stm32.7-2018-q2-update.macos64_1.0.0.201904181610/tools/bin/../lib/gcc/arm-none-eabi/7.3.1/../../../../arm-none-eabi/lib/thumb/v7e-m/libc_nano.a(lib_a-sbrkr.o)
                0x0000000008000ff0                _sbrk_r
 .text._raise_r
                0x0000000008001010       0x50 /Applications/STM32CubeIDE.app/Contents/Eclipse/plugins/com.st.stm32cube.ide.mcu.externaltools.gnu-tools-for-stm32.7-2018-q2-update.macos64_1.0.0.201904181610/tools/bin/../lib/gcc/arm-none-eabi/7.3.1/../../../../arm-none-eabi/lib/thumb/v7e-m/libc_nano.a(lib_a-signal.o)
                0x0000000008001010                _raise_r
 .text.raise    0x0000000008001060       0x10 /Applications/STM32CubeIDE.app/Contents/Eclipse/plugins/com.st.stm32cube.ide.mcu.externaltools.gnu-tools-for-stm32.7-2018-q2-update.macos64_1.0.0.201904181610/tools/bin/../lib/gcc/arm-none-eabi/7.3.1/../../../../arm-none-eabi/lib/thumb/v7e-m/libc_nano.a(lib_a-signal.o)
                0x0000000008001060                raise
 .text._kill_r  0x0000000008001070       0x24 /Applications/STM32CubeIDE.app/Contents/Eclipse/plugins/com.st.stm32cube.ide.mcu.externaltools.gnu-tools-for-stm32.7-2018-q2-update.macos64_1.0.0.201904181610/tools/bin/../lib/gcc/arm-none-eabi/7.3.1/../../../../arm-none-eabi/lib/thumb/v7e-m/libc_nano.a(lib_a-signalr.o)
                0x0000000008001070                _kill_r
 .text._getpid_r
                0x0000000008001094        0x4 /Applications/STM32CubeIDE.app/Contents/Eclipse/plugins/com.st.stm32cube.ide.mcu.externaltools.gnu-tools-for-stm32.7-2018-q2-update.macos64_1.0.0.201904181610/tools/bin/../lib/gcc/arm-none-eabi/7.3.1/../../../../arm-none-eabi/lib/thumb/v7e-m/libc_nano.a(lib_a-signalr.o)
                0x0000000008001094                _getpid_r
 .text.__malloc_lock
                0x0000000008001098        0x2 /Applications/STM32CubeIDE.app/Contents/Eclipse/plugins/com.st.stm32cube.ide.mcu.externaltools.gnu-tools-for-stm32.7-2018-q2-update.macos64_1.0.0.201904181610/tools/bin/../lib/gcc/arm-none-eabi/7.3.1/../../../../arm-none-eabi/lib/thumb/v7e-m/libc_nano.a(lib_a-mlock.o)
                0x0000000008001098                __malloc_lock
 .text.__malloc_unlock
                0x000000000800109a        0x2 /Applications/STM32CubeIDE.app/Contents/Eclipse/plugins/com.st.stm32cube.ide.mcu.externaltools.gnu-tools-for-stm32.7-2018-q2-update.macos64_1.0.0.201904181610/tools/bin/../lib/gcc/arm-none-eabi/7.3.1/../../../../arm-none-eabi/lib/thumb/v7e-m/libc_nano.a(lib_a-mlock.o)
                0x000000000800109a                __malloc_unlock
 *(.glue_7)
 .glue_7        0x000000000800109c        0x0 linker stubs
 *(.glue_7t)
 .glue_7t       0x000000000800109c        0x0 linker stubs
 *(.eh_frame)
 .eh_frame      0x000000000800109c        0x0 /Applications/STM32CubeIDE.app/Contents/Eclipse/plugins/com.st.stm32cube.ide.mcu.externaltools.gnu-tools-for-stm32.7-2018-q2-update.macos64_1.0.0.201904181610/tools/bin/../lib/gcc/arm-none-eabi/7.3.1/thumb/v7e-m/crtbegin.o
 *(.init)
 .init          0x000000000800109c        0x4 /Applications/STM32CubeIDE.app/Contents/Eclipse/plugins/com.st.stm32cube.ide.mcu.externaltools.gnu-tools-for-stm32.7-2018-q2-update.macos64_1.0.0.201904181610/tools/bin/../lib/gcc/arm-none-eabi/7.3.1/thumb/v7e-m/crti.o
                0x000000000800109c                _init
 .init          0x00000000080010a0        0x8 /Applications/STM32CubeIDE.app/Contents/Eclipse/plugins/com.st.stm32cube.ide.mcu.externaltools.gnu-tools-for-stm32.7-2018-q2-update.macos64_1.0.0.201904181610/tools/bin/../lib/gcc/arm-none-eabi/7.3.1/thumb/v7e-m/crtn.o
 *(.fini)
 .fini          0x00000000080010a8        0x4 /Applications/STM32CubeIDE.app/Contents/Eclipse/plugins/com.st.stm32cube.ide.mcu.externaltools.gnu-tools-for-stm32.7-2018-q2-update.macos64_1.0.0.201904181610/tools/bin/../lib/gcc/arm-none-eabi/7.3.1/thumb/v7e-m/crti.o
                0x00000000080010a8                _fini
 .fini          0x00000000080010ac        0x8 /Applications/STM32CubeIDE.app/Contents/Eclipse/plugins/com.st.stm32cube.ide.mcu.externaltools.gnu-tools-for-stm32.7-2018-q2-update.macos64_1.0.0.201904181610/tools/bin/../lib/gcc/arm-none-eabi/7.3.1/thumb/v7e-m/crtn.o
                0x00000000080010b4                . = ALIGN (0x4)
                0x00000000080010b4                _etext = .

.vfp11_veneer   0x00000000080010b4        0x0
 .vfp11_veneer  0x00000000080010b4        0x0 linker stubs

.v4_bx          0x00000000080010b4        0x0
 .v4_bx         0x00000000080010b4        0x0 linker stubs

.iplt           0x00000000080010b4        0x0
 .iplt          0x00000000080010b4        0x0 /Applications/STM32CubeIDE.app/Contents/Eclipse/plugins/com.st.stm32cube.ide.mcu.externaltools.gnu-tools-for-stm32.7-2018-q2-update.macos64_1.0.0.201904181610/tools/bin/../lib/gcc/arm-none-eabi/7.3.1/thumb/v7e-m/crtbegin.o

.rel.dyn        0x00000000080010b4        0x0
 .rel.iplt      0x00000000080010b4        0x0 /Applications/STM32CubeIDE.app/Contents/Eclipse/plugins/com.st.stm32cube.ide.mcu.externaltools.gnu-tools-for-stm32.7-2018-q2-update.macos64_1.0.0.201904181610/tools/bin/../lib/gcc/arm-none-eabi/7.3.1/thumb/v7e-m/crtbegin.o

.rodata         0x00000000080010b4        0x0
                0x00000000080010b4                . = ALIGN (0x4)
 *(.rodata)
 *(.rodata*)
                0x00000000080010b4                . = ALIGN (0x4)

.ARM.extab      0x00000000080010b4        0x0
                0x00000000080010b4                . = ALIGN (0x4)
 *(.ARM.extab* .gnu.linkonce.armextab.*)
                0x00000000080010b4                . = ALIGN (0x4)

.ARM            0x00000000080010b4        0x0
                0x00000000080010b4                . = ALIGN (0x4)
                0x00000000080010b4                __exidx_start = .
 *(.ARM.exidx*)
                0x00000000080010b4                __exidx_end = .
                0x00000000080010b4                . = ALIGN (0x4)

.preinit_array  0x00000000080010b4        0x0
                0x00000000080010b4                . = ALIGN (0x4)
                0x00000000080010b4                PROVIDE (__preinit_array_start = .)
 *(.preinit_array*)
                0x00000000080010b4                PROVIDE (__preinit_array_end = .)
                0x00000000080010b4                . = ALIGN (0x4)

.init_array     0x00000000080010b4        0x4
                0x00000000080010b4                . = ALIGN (0x4)
                0x00000000080010b4                PROVIDE (__init_array_start = .)
 *(SORT_BY_NAME(.init_array.*))
 *(.init_array*)
 .init_array    0x00000000080010b4        0x4 /Applications/STM32CubeIDE.app/Contents/Eclipse/plugins/com.st.stm32cube.ide.mcu.externaltools.gnu-tools-for-stm32.7-2018-q2-update.macos64_1.0.0.201904181610/tools/bin/../lib/gcc/arm-none-eabi/7.3.1/thumb/v7e-m/crtbegin.o
                0x00000000080010b8                PROVIDE (__init_array_end = .)
                0x00000000080010b8                . = ALIGN (0x4)

.fini_array     0x00000000080010b8        0x4
                0x00000000080010b8                . = ALIGN (0x4)
                [!provide]                        PROVIDE (__fini_array_start = .)
 *(SORT_BY_NAME(.fini_array.*))
 *(.fini_array*)
 .fini_array    0x00000000080010b8        0x4 /Applications/STM32CubeIDE.app/Contents/Eclipse/plugins/com.st.stm32cube.ide.mcu.externaltools.gnu-tools-for-stm32.7-2018-q2-update.macos64_1.0.0.201904181610/tools/bin/../lib/gcc/arm-none-eabi/7.3.1/thumb/v7e-m/crtbegin.o
                [!provide]                        PROVIDE (__fini_array_end = .)
                0x00000000080010bc                . = ALIGN (0x4)
                0x00000000080010bc                _sidata = LOADADDR (.data)

.data           0x0000000020000000       0x64 load address 0x00000000080010bc
                0x0000000020000000                . = ALIGN (0x4)
                0x0000000020000000                _sdata = .
 *(.data)
 *(.data*)
 .data._impure_ptr
                0x0000000020000000        0x4 /Applications/STM32CubeIDE.app/Contents/Eclipse/plugins/com.st.stm32cube.ide.mcu.externaltools.gnu-tools-for-stm32.7-2018-q2-update.macos64_1.0.0.201904181610/tools/bin/../lib/gcc/arm-none-eabi/7.3.1/../../../../arm-none-eabi/lib/thumb/v7e-m/libc_nano.a(lib_a-impure.o)
                0x0000000020000000                _impure_ptr
 .data.impure_data
                0x0000000020000004       0x60 /Applications/STM32CubeIDE.app/Contents/Eclipse/plugins/com.st.stm32cube.ide.mcu.externaltools.gnu-tools-for-stm32.7-2018-q2-update.macos64_1.0.0.201904181610/tools/bin/../lib/gcc/arm-none-eabi/7.3.1/../../../../arm-none-eabi/lib/thumb/v7e-m/libc_nano.a(lib_a-impure.o)
                0x0000000020000064                . = ALIGN (0x4)
                0x0000000020000064                _edata = .

.igot.plt       0x0000000020000064        0x0 load address 0x0000000008001120
 .igot.plt      0x0000000020000064        0x0 /Applications/STM32CubeIDE.app/Contents/Eclipse/plugins/com.st.stm32cube.ide.mcu.externaltools.gnu-tools-for-stm32.7-2018-q2-update.macos64_1.0.0.201904181610/tools/bin/../lib/gcc/arm-none-eabi/7.3.1/thumb/v7e-m/crtbegin.o
                0x0000000020000064                . = ALIGN (0x4)

.bss            0x0000000020000064       0x34 load address 0x0000000008001120
                0x0000000020000064                _sbss = .
                0x0000000020000064                __bss_start__ = _sbss
 *(.bss)
 .bss           0x0000000020000064       0x1c /Applications/STM32CubeIDE.app/Contents/Eclipse/plugins/com.st.stm32cube.ide.mcu.externaltools.gnu-tools-for-stm32.7-2018-q2-update.macos64_1.0.0.201904181610/tools/bin/../lib/gcc/arm-none-eabi/7.3.1/thumb/v7e-m/crtbegin.o
 *(.bss*)
 .bss.SPI1_Handler
                0x0000000020000080        0x4 Src/spi_readSensordata.o
                0x0000000020000080                SPI1_Handler
 .bss.heap_end.5149
                0x0000000020000084        0x4 Src/sysmem.o
 .bss._ZN12_GLOBAL__N_113__new_handlerE
                0x0000000020000088        0x4 /Applications/STM32CubeIDE.app/Contents/Eclipse/plugins/com.st.stm32cube.ide.mcu.externaltools.gnu-tools-for-stm32.7-2018-q2-update.macos64_1.0.0.201904181610/tools/bin/../lib/gcc/arm-none-eabi/7.3.1/../../../../arm-none-eabi/lib/thumb/v7e-m/libstdc++_nano.a(new_handler.o)
 .bss.__malloc_free_list
                0x000000002000008c        0x4 /Applications/STM32CubeIDE.app/Contents/Eclipse/plugins/com.st.stm32cube.ide.mcu.externaltools.gnu-tools-for-stm32.7-2018-q2-update.macos64_1.0.0.201904181610/tools/bin/../lib/gcc/arm-none-eabi/7.3.1/../../../../arm-none-eabi/lib/thumb/v7e-m/libc_nano.a(lib_a-nano-mallocr.o)
                0x000000002000008c                __malloc_free_list
 .bss.__malloc_sbrk_start
                0x0000000020000090        0x4 /Applications/STM32CubeIDE.app/Contents/Eclipse/plugins/com.st.stm32cube.ide.mcu.externaltools.gnu-tools-for-stm32.7-2018-q2-update.macos64_1.0.0.201904181610/tools/bin/../lib/gcc/arm-none-eabi/7.3.1/../../../../arm-none-eabi/lib/thumb/v7e-m/libc_nano.a(lib_a-nano-mallocr.o)
                0x0000000020000090                __malloc_sbrk_start
 *(COMMON)
 COMMON         0x0000000020000094        0x4 /Applications/STM32CubeIDE.app/Contents/Eclipse/plugins/com.st.stm32cube.ide.mcu.externaltools.gnu-tools-for-stm32.7-2018-q2-update.macos64_1.0.0.201904181610/tools/bin/../lib/gcc/arm-none-eabi/7.3.1/../../../../arm-none-eabi/lib/thumb/v7e-m/libc_nano.a(lib_a-reent.o)
                0x0000000020000094                errno
                0x0000000020000098                . = ALIGN (0x4)
                0x0000000020000098                _ebss = .
                0x0000000020000098                __bss_end__ = _ebss

._user_heap_stack
                0x0000000020000098      0x600 load address 0x0000000008001120
                0x0000000020000098                . = ALIGN (0x8)
                0x0000000020000098                PROVIDE (end = .)
                [!provide]                        PROVIDE (_end = .)
                0x0000000020000298                . = (. + _Min_Heap_Size)
 *fill*         0x0000000020000098      0x200 
                0x0000000020000698                . = (. + _Min_Stack_Size)
 *fill*         0x0000000020000298      0x400 
                0x0000000020000698                . = ALIGN (0x8)

/DISCARD/
 libc.a(*)
 libm.a(*)
 libgcc.a(*)

.ARM.attributes
                0x0000000000000000       0x2a
 *(.ARM.attributes)
 .ARM.attributes
                0x0000000000000000       0x1e /Applications/STM32CubeIDE.app/Contents/Eclipse/plugins/com.st.stm32cube.ide.mcu.externaltools.gnu-tools-for-stm32.7-2018-q2-update.macos64_1.0.0.201904181610/tools/bin/../lib/gcc/arm-none-eabi/7.3.1/thumb/v7e-m/crti.o
 .ARM.attributes
                0x000000000000001e       0x2e /Applications/STM32CubeIDE.app/Contents/Eclipse/plugins/com.st.stm32cube.ide.mcu.externaltools.gnu-tools-for-stm32.7-2018-q2-update.macos64_1.0.0.201904181610/tools/bin/../lib/gcc/arm-none-eabi/7.3.1/thumb/v7e-m/crtbegin.o
 .ARM.attributes
                0x000000000000004c       0x33 Src/spi_readSensordata.o
 .ARM.attributes
                0x000000000000007f       0x33 Src/syscalls.o
 .ARM.attributes
                0x00000000000000b2       0x33 Src/sysmem.o
 .ARM.attributes
                0x00000000000000e5       0x21 Startup/startup_stm32f446retx.o
 .ARM.attributes
                0x0000000000000106       0x33 driver/src/stm32f446re_gpio_driver.o
 .ARM.attributes
                0x0000000000000139       0x33 driver/src/stm32f446re_spi_driver.o
 .ARM.attributes
                0x000000000000016c       0x2e /Applications/STM32CubeIDE.app/Contents/Eclipse/plugins/com.st.stm32cube.ide.mcu.externaltools.gnu-tools-for-stm32.7-2018-q2-update.macos64_1.0.0.201904181610/tools/bin/../lib/gcc/arm-none-eabi/7.3.1/../../../../arm-none-eabi/lib/thumb/v7e-m/libstdc++_nano.a(new_op.o)
 .ARM.attributes
                0x000000000000019a       0x2e /Applications/STM32CubeIDE.app/Contents/Eclipse/plugins/com.st.stm32cube.ide.mcu.externaltools.gnu-tools-for-stm32.7-2018-q2-update.macos64_1.0.0.201904181610/tools/bin/../lib/gcc/arm-none-eabi/7.3.1/../../../../arm-none-eabi/lib/thumb/v7e-m/libstdc++_nano.a(new_handler.o)
 .ARM.attributes
                0x00000000000001c8       0x2e /Applications/STM32CubeIDE.app/Contents/Eclipse/plugins/com.st.stm32cube.ide.mcu.externaltools.gnu-tools-for-stm32.7-2018-q2-update.macos64_1.0.0.201904181610/tools/bin/../lib/gcc/arm-none-eabi/7.3.1/../../../../arm-none-eabi/lib/thumb/v7e-m/libc_nano.a(lib_a-abort.o)
 .ARM.attributes
                0x00000000000001f6       0x2e /Applications/STM32CubeIDE.app/Contents/Eclipse/plugins/com.st.stm32cube.ide.mcu.externaltools.gnu-tools-for-stm32.7-2018-q2-update.macos64_1.0.0.201904181610/tools/bin/../lib/gcc/arm-none-eabi/7.3.1/../../../../arm-none-eabi/lib/thumb/v7e-m/libc_nano.a(lib_a-errno.o)
 .ARM.attributes
                0x0000000000000224       0x2e /Applications/STM32CubeIDE.app/Contents/Eclipse/plugins/com.st.stm32cube.ide.mcu.externaltools.gnu-tools-for-stm32.7-2018-q2-update.macos64_1.0.0.201904181610/tools/bin/../lib/gcc/arm-none-eabi/7.3.1/../../../../arm-none-eabi/lib/thumb/v7e-m/libc_nano.a(lib_a-impure.o)
 .ARM.attributes
                0x0000000000000252       0x2e /Applications/STM32CubeIDE.app/Contents/Eclipse/plugins/com.st.stm32cube.ide.mcu.externaltools.gnu-tools-for-stm32.7-2018-q2-update.macos64_1.0.0.201904181610/tools/bin/../lib/gcc/arm-none-eabi/7.3.1/../../../../arm-none-eabi/lib/thumb/v7e-m/libc_nano.a(lib_a-init.o)
 .ARM.attributes
                0x0000000000000280       0x2e /Applications/STM32CubeIDE.app/Contents/Eclipse/plugins/com.st.stm32cube.ide.mcu.externaltools.gnu-tools-for-stm32.7-2018-q2-update.macos64_1.0.0.201904181610/tools/bin/../lib/gcc/arm-none-eabi/7.3.1/../../../../arm-none-eabi/lib/thumb/v7e-m/libc_nano.a(lib_a-malloc.o)
 .ARM.attributes
                0x00000000000002ae       0x2e /Applications/STM32CubeIDE.app/Contents/Eclipse/plugins/com.st.stm32cube.ide.mcu.externaltools.gnu-tools-for-stm32.7-2018-q2-update.macos64_1.0.0.201904181610/tools/bin/../lib/gcc/arm-none-eabi/7.3.1/../../../../arm-none-eabi/lib/thumb/v7e-m/libc_nano.a(lib_a-memset.o)
 .ARM.attributes
                0x00000000000002dc       0x2e /Applications/STM32CubeIDE.app/Contents/Eclipse/plugins/com.st.stm32cube.ide.mcu.externaltools.gnu-tools-for-stm32.7-2018-q2-update.macos64_1.0.0.201904181610/tools/bin/../lib/gcc/arm-none-eabi/7.3.1/../../../../arm-none-eabi/lib/thumb/v7e-m/libc_nano.a(lib_a-nano-mallocr.o)
 .ARM.attributes
                0x000000000000030a       0x2e /Applications/STM32CubeIDE.app/Contents/Eclipse/plugins/com.st.stm32cube.ide.mcu.externaltools.gnu-tools-for-stm32.7-2018-q2-update.macos64_1.0.0.201904181610/tools/bin/../lib/gcc/arm-none-eabi/7.3.1/../../../../arm-none-eabi/lib/thumb/v7e-m/libc_nano.a(lib_a-sbrkr.o)
 .ARM.attributes
                0x0000000000000338       0x2e /Applications/STM32CubeIDE.app/Contents/Eclipse/plugins/com.st.stm32cube.ide.mcu.externaltools.gnu-tools-for-stm32.7-2018-q2-update.macos64_1.0.0.201904181610/tools/bin/../lib/gcc/arm-none-eabi/7.3.1/../../../../arm-none-eabi/lib/thumb/v7e-m/libc_nano.a(lib_a-signal.o)
 .ARM.attributes
                0x0000000000000366       0x2e /Applications/STM32CubeIDE.app/Contents/Eclipse/plugins/com.st.stm32cube.ide.mcu.externaltools.gnu-tools-for-stm32.7-2018-q2-update.macos64_1.0.0.201904181610/tools/bin/../lib/gcc/arm-none-eabi/7.3.1/../../../../arm-none-eabi/lib/thumb/v7e-m/libc_nano.a(lib_a-signalr.o)
 .ARM.attributes
                0x0000000000000394       0x2e /Applications/STM32CubeIDE.app/Contents/Eclipse/plugins/com.st.stm32cube.ide.mcu.externaltools.gnu-tools-for-stm32.7-2018-q2-update.macos64_1.0.0.201904181610/tools/bin/../lib/gcc/arm-none-eabi/7.3.1/../../../../arm-none-eabi/lib/thumb/v7e-m/libc_nano.a(lib_a-mlock.o)
 .ARM.attributes
                0x00000000000003c2       0x2e /Applications/STM32CubeIDE.app/Contents/Eclipse/plugins/com.st.stm32cube.ide.mcu.externaltools.gnu-tools-for-stm32.7-2018-q2-update.macos64_1.0.0.201904181610/tools/bin/../lib/gcc/arm-none-eabi/7.3.1/../../../../arm-none-eabi/lib/thumb/v7e-m/libc_nano.a(lib_a-reent.o)
 .ARM.attributes
                0x00000000000003f0       0x1e /Applications/STM32CubeIDE.app/Contents/Eclipse/plugins/com.st.stm32cube.ide.mcu.externaltools.gnu-tools-for-stm32.7-2018-q2-update.macos64_1.0.0.201904181610/tools/bin/../lib/gcc/arm-none-eabi/7.3.1/thumb/v7e-m/crtn.o
OUTPUT(004_SPI_driver_CPP.elf elf32-littlearm)

.debug_info     0x0000000000000000     0x40e5
 .debug_info    0x0000000000000000     0x10f0 Src/spi_readSensordata.o
 .debug_info    0x00000000000010f0      0xebd Src/syscalls.o
 .debug_info    0x0000000000001fad      0x91c Src/sysmem.o
 .debug_info    0x00000000000028c9       0x22 Startup/startup_stm32f446retx.o
 .debug_info    0x00000000000028eb      0xb04 driver/src/stm32f446re_gpio_driver.o
 .debug_info    0x00000000000033ef      0xcf6 driver/src/stm32f446re_spi_driver.o

.debug_abbrev   0x0000000000000000      0xbac
 .debug_abbrev  0x0000000000000000      0x27f Src/spi_readSensordata.o
 .debug_abbrev  0x000000000000027f      0x261 Src/syscalls.o
 .debug_abbrev  0x00000000000004e0      0x1bb Src/sysmem.o
 .debug_abbrev  0x000000000000069b       0x12 Startup/startup_stm32f446retx.o
 .debug_abbrev  0x00000000000006ad      0x2ac driver/src/stm32f446re_gpio_driver.o
 .debug_abbrev  0x0000000000000959      0x253 driver/src/stm32f446re_spi_driver.o

.debug_aranges  0x0000000000000000      0x230
 .debug_aranges
                0x0000000000000000       0x30 Src/spi_readSensordata.o
 .debug_aranges
                0x0000000000000030       0xa8 Src/syscalls.o
 .debug_aranges
                0x00000000000000d8       0x20 Src/sysmem.o
 .debug_aranges
                0x00000000000000f8       0x28 Startup/startup_stm32f446retx.o
 .debug_aranges
                0x0000000000000120       0x90 driver/src/stm32f446re_gpio_driver.o
 .debug_aranges
                0x00000000000001b0       0x80 driver/src/stm32f446re_spi_driver.o

.debug_ranges   0x0000000000000000      0x1d8
 .debug_ranges  0x0000000000000000       0x20 Src/spi_readSensordata.o
 .debug_ranges  0x0000000000000020       0x98 Src/syscalls.o
 .debug_ranges  0x00000000000000b8       0x10 Src/sysmem.o
 .debug_ranges  0x00000000000000c8       0x20 Startup/startup_stm32f446retx.o
 .debug_ranges  0x00000000000000e8       0x80 driver/src/stm32f446re_gpio_driver.o
 .debug_ranges  0x0000000000000168       0x70 driver/src/stm32f446re_spi_driver.o

.debug_macro    0x0000000000000000     0x4142
 .debug_macro   0x0000000000000000      0x15f Src/spi_readSensordata.o
 .debug_macro   0x000000000000015f      0xb38 Src/spi_readSensordata.o
 .debug_macro   0x0000000000000c97      0x17b Src/spi_readSensordata.o
 .debug_macro   0x0000000000000e12       0x1c Src/spi_readSensordata.o
 .debug_macro   0x0000000000000e2e       0x22 Src/spi_readSensordata.o
 .debug_macro   0x0000000000000e50       0x8e Src/spi_readSensordata.o
 .debug_macro   0x0000000000000ede       0x51 Src/spi_readSensordata.o
 .debug_macro   0x0000000000000f2f       0xef Src/spi_readSensordata.o
 .debug_macro   0x000000000000101e       0x6a Src/spi_readSensordata.o
 .debug_macro   0x0000000000001088      0x1df Src/spi_readSensordata.o
 .debug_macro   0x0000000000001267      0x320 Src/spi_readSensordata.o
 .debug_macro   0x0000000000001587       0x94 Src/spi_readSensordata.o
 .debug_macro   0x000000000000161b       0xca Src/spi_readSensordata.o
 .debug_macro   0x00000000000016e5       0x46 Src/spi_readSensordata.o
 .debug_macro   0x000000000000172b       0x18 Src/spi_readSensordata.o
 .debug_macro   0x0000000000001743       0x3c Src/spi_readSensordata.o
 .debug_macro   0x000000000000177f       0x34 Src/spi_readSensordata.o
 .debug_macro   0x00000000000017b3       0x52 Src/spi_readSensordata.o
 .debug_macro   0x0000000000001805       0x1f Src/spi_readSensordata.o
 .debug_macro   0x0000000000001824       0x43 Src/spi_readSensordata.o
 .debug_macro   0x0000000000001867       0x20 Src/spi_readSensordata.o
 .debug_macro   0x0000000000001887      0x1a3 Src/spi_readSensordata.o
 .debug_macro   0x0000000000001a2a      0x353 Src/spi_readSensordata.o
 .debug_macro   0x0000000000001d7d       0x10 Src/spi_readSensordata.o
 .debug_macro   0x0000000000001d8d       0x35 Src/spi_readSensordata.o
 .debug_macro   0x0000000000001dc2       0x20 Src/spi_readSensordata.o
 .debug_macro   0x0000000000001de2      0x243 Src/syscalls.o
 .debug_macro   0x0000000000002025      0xa66 Src/syscalls.o
 .debug_macro   0x0000000000002a8b       0x40 Src/syscalls.o
 .debug_macro   0x0000000000002acb       0x94 Src/syscalls.o
 .debug_macro   0x0000000000002b5f       0x34 Src/syscalls.o
 .debug_macro   0x0000000000002b93       0x57 Src/syscalls.o
 .debug_macro   0x0000000000002bea      0x174 Src/syscalls.o
 .debug_macro   0x0000000000002d5e      0x330 Src/syscalls.o
 .debug_macro   0x000000000000308e       0x43 Src/syscalls.o
 .debug_macro   0x00000000000030d1       0x10 Src/syscalls.o
 .debug_macro   0x00000000000030e1       0x35 Src/syscalls.o
 .debug_macro   0x0000000000003116       0x10 Src/syscalls.o
 .debug_macro   0x0000000000003126       0x10 Src/syscalls.o
 .debug_macro   0x0000000000003136       0x10 Src/syscalls.o
 .debug_macro   0x0000000000003146       0x1c Src/syscalls.o
 .debug_macro   0x0000000000003162       0x52 Src/syscalls.o
 .debug_macro   0x00000000000031b4       0x40 Src/syscalls.o
 .debug_macro   0x00000000000031f4       0x10 Src/syscalls.o
 .debug_macro   0x0000000000003204       0x40 Src/syscalls.o
 .debug_macro   0x0000000000003244       0xd7 Src/syscalls.o
 .debug_macro   0x000000000000331b       0x1c Src/syscalls.o
 .debug_macro   0x0000000000003337       0x3d Src/syscalls.o
 .debug_macro   0x0000000000003374       0x35 Src/syscalls.o
 .debug_macro   0x00000000000033a9      0x122 Src/syscalls.o
 .debug_macro   0x00000000000034cb       0x16 Src/syscalls.o
 .debug_macro   0x00000000000034e1       0x16 Src/syscalls.o
 .debug_macro   0x00000000000034f7       0x29 Src/syscalls.o
 .debug_macro   0x0000000000003520       0x10 Src/syscalls.o
 .debug_macro   0x0000000000003530      0x241 Src/syscalls.o
 .debug_macro   0x0000000000003771       0x1c Src/syscalls.o
 .debug_macro   0x000000000000378d       0x10 Src/syscalls.o
 .debug_macro   0x000000000000379d       0x10 Src/syscalls.o
 .debug_macro   0x00000000000037ad       0x16 Src/syscalls.o
 .debug_macro   0x00000000000037c3      0x145 Src/syscalls.o
 .debug_macro   0x0000000000003908      0x189 Src/syscalls.o
 .debug_macro   0x0000000000003a91       0x16 Src/syscalls.o
 .debug_macro   0x0000000000003aa7       0x88 Src/syscalls.o
 .debug_macro   0x0000000000003b2f      0x1ae Src/sysmem.o
 .debug_macro   0x0000000000003cdd      0x23b Src/sysmem.o
 .debug_macro   0x0000000000003f18       0x16 Src/sysmem.o
 .debug_macro   0x0000000000003f2e       0xa8 driver/src/stm32f446re_gpio_driver.o
 .debug_macro   0x0000000000003fd6       0xc4 driver/src/stm32f446re_gpio_driver.o
 .debug_macro   0x000000000000409a       0xa8 driver/src/stm32f446re_spi_driver.o

.debug_line     0x0000000000000000     0x1fb1
 .debug_line    0x0000000000000000      0x5ef Src/spi_readSensordata.o
 .debug_line    0x00000000000005ef      0x775 Src/syscalls.o
 .debug_line    0x0000000000000d64      0x595 Src/sysmem.o
 .debug_line    0x00000000000012f9       0x84 Startup/startup_stm32f446retx.o
 .debug_line    0x000000000000137d      0x68e driver/src/stm32f446re_gpio_driver.o
 .debug_line    0x0000000000001a0b      0x5a6 driver/src/stm32f446re_spi_driver.o

.debug_str      0x0000000000000000     0xb95b
 .debug_str     0x0000000000000000     0x8fb6 Src/spi_readSensordata.o
                                       0x9289 (size before relaxing)
 .debug_str     0x0000000000008fb6     0x25f0 Src/syscalls.o
                                       0x8897 (size before relaxing)
 .debug_str     0x000000000000b5a6       0x31 Src/sysmem.o
                                       0x7af0 (size before relaxing)
 .debug_str     0x000000000000b5d7       0x31 Startup/startup_stm32f446retx.o
                                         0x7d (size before relaxing)
 .debug_str     0x000000000000b608      0x2c9 driver/src/stm32f446re_gpio_driver.o
                                       0x5fd6 (size before relaxing)
 .debug_str     0x000000000000b8d1       0x8a driver/src/stm32f446re_spi_driver.o
                                       0x636d (size before relaxing)

.comment        0x0000000000000000       0x7b
 .comment       0x0000000000000000       0x7b Src/spi_readSensordata.o
                                         0x7c (size before relaxing)
 .comment       0x000000000000007b       0x7c Src/syscalls.o
 .comment       0x000000000000007b       0x7c Src/sysmem.o
 .comment       0x000000000000007b       0x7c driver/src/stm32f446re_gpio_driver.o
 .comment       0x000000000000007b       0x7c driver/src/stm32f446re_spi_driver.o

.debug_frame    0x0000000000000000      0xad8
 .debug_frame   0x0000000000000000       0x88 Src/spi_readSensordata.o
 .debug_frame   0x0000000000000088      0x2ac Src/syscalls.o
 .debug_frame   0x0000000000000334       0x34 Src/sysmem.o
 .debug_frame   0x0000000000000368      0x260 driver/src/stm32f446re_gpio_driver.o
 .debug_frame   0x00000000000005c8      0x208 driver/src/stm32f446re_spi_driver.o
 .debug_frame   0x00000000000007d0       0x28 /Applications/STM32CubeIDE.app/Contents/Eclipse/plugins/com.st.stm32cube.ide.mcu.externaltools.gnu-tools-for-stm32.7-2018-q2-update.macos64_1.0.0.201904181610/tools/bin/../lib/gcc/arm-none-eabi/7.3.1/../../../../arm-none-eabi/lib/thumb/v7e-m/libstdc++_nano.a(new_op.o)
 .debug_frame   0x00000000000007f8       0x30 /Applications/STM32CubeIDE.app/Contents/Eclipse/plugins/com.st.stm32cube.ide.mcu.externaltools.gnu-tools-for-stm32.7-2018-q2-update.macos64_1.0.0.201904181610/tools/bin/../lib/gcc/arm-none-eabi/7.3.1/../../../../arm-none-eabi/lib/thumb/v7e-m/libstdc++_nano.a(new_handler.o)
 .debug_frame   0x0000000000000828       0x28 /Applications/STM32CubeIDE.app/Contents/Eclipse/plugins/com.st.stm32cube.ide.mcu.externaltools.gnu-tools-for-stm32.7-2018-q2-update.macos64_1.0.0.201904181610/tools/bin/../lib/gcc/arm-none-eabi/7.3.1/../../../../arm-none-eabi/lib/thumb/v7e-m/libc_nano.a(lib_a-abort.o)
 .debug_frame   0x0000000000000850       0x20 /Applications/STM32CubeIDE.app/Contents/Eclipse/plugins/com.st.stm32cube.ide.mcu.externaltools.gnu-tools-for-stm32.7-2018-q2-update.macos64_1.0.0.201904181610/tools/bin/../lib/gcc/arm-none-eabi/7.3.1/../../../../arm-none-eabi/lib/thumb/v7e-m/libc_nano.a(lib_a-errno.o)
 .debug_frame   0x0000000000000870       0x2c /Applications/STM32CubeIDE.app/Contents/Eclipse/plugins/com.st.stm32cube.ide.mcu.externaltools.gnu-tools-for-stm32.7-2018-q2-update.macos64_1.0.0.201904181610/tools/bin/../lib/gcc/arm-none-eabi/7.3.1/../../../../arm-none-eabi/lib/thumb/v7e-m/libc_nano.a(lib_a-init.o)
 .debug_frame   0x000000000000089c       0x30 /Applications/STM32CubeIDE.app/Contents/Eclipse/plugins/com.st.stm32cube.ide.mcu.externaltools.gnu-tools-for-stm32.7-2018-q2-update.macos64_1.0.0.201904181610/tools/bin/../lib/gcc/arm-none-eabi/7.3.1/../../../../arm-none-eabi/lib/thumb/v7e-m/libc_nano.a(lib_a-malloc.o)
 .debug_frame   0x00000000000008cc       0x20 /Applications/STM32CubeIDE.app/Contents/Eclipse/plugins/com.st.stm32cube.ide.mcu.externaltools.gnu-tools-for-stm32.7-2018-q2-update.macos64_1.0.0.201904181610/tools/bin/../lib/gcc/arm-none-eabi/7.3.1/../../../../arm-none-eabi/lib/thumb/v7e-m/libc_nano.a(lib_a-memset.o)
 .debug_frame   0x00000000000008ec       0x2c /Applications/STM32CubeIDE.app/Contents/Eclipse/plugins/com.st.stm32cube.ide.mcu.externaltools.gnu-tools-for-stm32.7-2018-q2-update.macos64_1.0.0.201904181610/tools/bin/../lib/gcc/arm-none-eabi/7.3.1/../../../../arm-none-eabi/lib/thumb/v7e-m/libc_nano.a(lib_a-nano-mallocr.o)
 .debug_frame   0x0000000000000918       0x2c /Applications/STM32CubeIDE.app/Contents/Eclipse/plugins/com.st.stm32cube.ide.mcu.externaltools.gnu-tools-for-stm32.7-2018-q2-update.macos64_1.0.0.201904181610/tools/bin/../lib/gcc/arm-none-eabi/7.3.1/../../../../arm-none-eabi/lib/thumb/v7e-m/libc_nano.a(lib_a-sbrkr.o)
 .debug_frame   0x0000000000000944       0xcc /Applications/STM32CubeIDE.app/Contents/Eclipse/plugins/com.st.stm32cube.ide.mcu.externaltools.gnu-tools-for-stm32.7-2018-q2-update.macos64_1.0.0.201904181610/tools/bin/../lib/gcc/arm-none-eabi/7.3.1/../../../../arm-none-eabi/lib/thumb/v7e-m/libc_nano.a(lib_a-signal.o)
 .debug_frame   0x0000000000000a10       0x3c /Applications/STM32CubeIDE.app/Contents/Eclipse/plugins/com.st.stm32cube.ide.mcu.externaltools.gnu-tools-for-stm32.7-2018-q2-update.macos64_1.0.0.201904181610/tools/bin/../lib/gcc/arm-none-eabi/7.3.1/../../../../arm-none-eabi/lib/thumb/v7e-m/libc_nano.a(lib_a-signalr.o)
 .debug_frame   0x0000000000000a4c       0x30 /Applications/STM32CubeIDE.app/Contents/Eclipse/plugins/com.st.stm32cube.ide.mcu.externaltools.gnu-tools-for-stm32.7-2018-q2-update.macos64_1.0.0.201904181610/tools/bin/../lib/gcc/arm-none-eabi/7.3.1/../../../../arm-none-eabi/lib/thumb/v7e-m/libc_nano.a(lib_a-mlock.o)
 .debug_frame   0x0000000000000a7c       0x5c /Applications/STM32CubeIDE.app/Contents/Eclipse/plugins/com.st.stm32cube.ide.mcu.externaltools.gnu-tools-for-stm32.7-2018-q2-update.macos64_1.0.0.201904181610/tools/bin/../lib/gcc/arm-none-eabi/7.3.1/../../../../arm-none-eabi/lib/thumb/v7e-m/libc_nano.a(lib_a-reent.o)
