Archive member included to satisfy reference by file (symbol)

c:/st/stm32cubeide_1.3.0/stm32cubeide/plugins/com.st.stm32cube.ide.mcu.externaltools.gnu-tools-for-stm32.7-2018-q2-update.win32_1.0.0.201904181610/tools/bin/../lib/gcc/arm-none-eabi/7.3.1/../../../../arm-none-eabi/lib/thumb/v7e-m\libstdc++_nano.a(del_ops.o)
                              driver/src/stm32f446re_spi_driver.o (operator delete(void*, unsigned int))
c:/st/stm32cubeide_1.3.0/stm32cubeide/plugins/com.st.stm32cube.ide.mcu.externaltools.gnu-tools-for-stm32.7-2018-q2-update.win32_1.0.0.201904181610/tools/bin/../lib/gcc/arm-none-eabi/7.3.1/../../../../arm-none-eabi/lib/thumb/v7e-m\libstdc++_nano.a(new_op.o)
                              Src/spi_readSensordata.o (operator new(unsigned int))
c:/st/stm32cubeide_1.3.0/stm32cubeide/plugins/com.st.stm32cube.ide.mcu.externaltools.gnu-tools-for-stm32.7-2018-q2-update.win32_1.0.0.201904181610/tools/bin/../lib/gcc/arm-none-eabi/7.3.1/../../../../arm-none-eabi/lib/thumb/v7e-m\libstdc++_nano.a(new_handler.o)
                              c:/st/stm32cubeide_1.3.0/stm32cubeide/plugins/com.st.stm32cube.ide.mcu.externaltools.gnu-tools-for-stm32.7-2018-q2-update.win32_1.0.0.201904181610/tools/bin/../lib/gcc/arm-none-eabi/7.3.1/../../../../arm-none-eabi/lib/thumb/v7e-m\libstdc++_nano.a(new_op.o) (std::get_new_handler())
c:/st/stm32cubeide_1.3.0/stm32cubeide/plugins/com.st.stm32cube.ide.mcu.externaltools.gnu-tools-for-stm32.7-2018-q2-update.win32_1.0.0.201904181610/tools/bin/../lib/gcc/arm-none-eabi/7.3.1/../../../../arm-none-eabi/lib/thumb/v7e-m\libstdc++_nano.a(del_op.o)
                              c:/st/stm32cubeide_1.3.0/stm32cubeide/plugins/com.st.stm32cube.ide.mcu.externaltools.gnu-tools-for-stm32.7-2018-q2-update.win32_1.0.0.201904181610/tools/bin/../lib/gcc/arm-none-eabi/7.3.1/../../../../arm-none-eabi/lib/thumb/v7e-m\libstdc++_nano.a(del_ops.o) (operator delete(void*))
c:/st/stm32cubeide_1.3.0/stm32cubeide/plugins/com.st.stm32cube.ide.mcu.externaltools.gnu-tools-for-stm32.7-2018-q2-update.win32_1.0.0.201904181610/tools/bin/../lib/gcc/arm-none-eabi/7.3.1/../../../../arm-none-eabi/lib/thumb/v7e-m\libc_nano.a(lib_a-abort.o)
                              c:/st/stm32cubeide_1.3.0/stm32cubeide/plugins/com.st.stm32cube.ide.mcu.externaltools.gnu-tools-for-stm32.7-2018-q2-update.win32_1.0.0.201904181610/tools/bin/../lib/gcc/arm-none-eabi/7.3.1/../../../../arm-none-eabi/lib/thumb/v7e-m\libstdc++_nano.a(new_op.o) (abort)
c:/st/stm32cubeide_1.3.0/stm32cubeide/plugins/com.st.stm32cube.ide.mcu.externaltools.gnu-tools-for-stm32.7-2018-q2-update.win32_1.0.0.201904181610/tools/bin/../lib/gcc/arm-none-eabi/7.3.1/../../../../arm-none-eabi/lib/thumb/v7e-m\libc_nano.a(lib_a-errno.o)
                              Src/syscalls.o (__errno)
c:/st/stm32cubeide_1.3.0/stm32cubeide/plugins/com.st.stm32cube.ide.mcu.externaltools.gnu-tools-for-stm32.7-2018-q2-update.win32_1.0.0.201904181610/tools/bin/../lib/gcc/arm-none-eabi/7.3.1/../../../../arm-none-eabi/lib/thumb/v7e-m\libc_nano.a(lib_a-exit.o)
                              c:/st/stm32cubeide_1.3.0/stm32cubeide/plugins/com.st.stm32cube.ide.mcu.externaltools.gnu-tools-for-stm32.7-2018-q2-update.win32_1.0.0.201904181610/tools/bin/../lib/gcc/arm-none-eabi/7.3.1/../../../../arm-none-eabi/lib/thumb/v7e-m/crt0.o (exit)
c:/st/stm32cubeide_1.3.0/stm32cubeide/plugins/com.st.stm32cube.ide.mcu.externaltools.gnu-tools-for-stm32.7-2018-q2-update.win32_1.0.0.201904181610/tools/bin/../lib/gcc/arm-none-eabi/7.3.1/../../../../arm-none-eabi/lib/thumb/v7e-m\libc_nano.a(lib_a-impure.o)
                              c:/st/stm32cubeide_1.3.0/stm32cubeide/plugins/com.st.stm32cube.ide.mcu.externaltools.gnu-tools-for-stm32.7-2018-q2-update.win32_1.0.0.201904181610/tools/bin/../lib/gcc/arm-none-eabi/7.3.1/../../../../arm-none-eabi/lib/thumb/v7e-m\libc_nano.a(lib_a-exit.o) (_global_impure_ptr)
c:/st/stm32cubeide_1.3.0/stm32cubeide/plugins/com.st.stm32cube.ide.mcu.externaltools.gnu-tools-for-stm32.7-2018-q2-update.win32_1.0.0.201904181610/tools/bin/../lib/gcc/arm-none-eabi/7.3.1/../../../../arm-none-eabi/lib/thumb/v7e-m\libc_nano.a(lib_a-init.o)
                              c:/st/stm32cubeide_1.3.0/stm32cubeide/plugins/com.st.stm32cube.ide.mcu.externaltools.gnu-tools-for-stm32.7-2018-q2-update.win32_1.0.0.201904181610/tools/bin/../lib/gcc/arm-none-eabi/7.3.1/../../../../arm-none-eabi/lib/thumb/v7e-m/crt0.o (__libc_init_array)
c:/st/stm32cubeide_1.3.0/stm32cubeide/plugins/com.st.stm32cube.ide.mcu.externaltools.gnu-tools-for-stm32.7-2018-q2-update.win32_1.0.0.201904181610/tools/bin/../lib/gcc/arm-none-eabi/7.3.1/../../../../arm-none-eabi/lib/thumb/v7e-m\libc_nano.a(lib_a-malloc.o)
                              c:/st/stm32cubeide_1.3.0/stm32cubeide/plugins/com.st.stm32cube.ide.mcu.externaltools.gnu-tools-for-stm32.7-2018-q2-update.win32_1.0.0.201904181610/tools/bin/../lib/gcc/arm-none-eabi/7.3.1/../../../../arm-none-eabi/lib/thumb/v7e-m\libstdc++_nano.a(new_op.o) (malloc)
[...]
Memory Configuration

Name             Origin             Length             Attributes
RAM              0x0000000020000000 0x0000000000020000 xrw
ROM              0x0000000008000000 0x0000000000080000 xr
*default*        0x0000000000000000 0xffffffffffffffff

Linker script and memory map

LOAD c:/st/stm32cubeide_1.3.0/stm32cubeide/plugins/com.st.stm32cube.ide.mcu.externaltools.gnu-tools-for-stm32.7-2018-q2-update.win32_1.0.0.201904181610/tools/bin/../lib/gcc/arm-none-eabi/7.3.1/thumb/v7e-m/crti.o
LOAD c:/st/stm32cubeide_1.3.0/stm32cubeide/plugins/com.st.stm32cube.ide.mcu.externaltools.gnu-tools-for-stm32.7-2018-q2-update.win32_1.0.0.201904181610/tools/bin/../lib/gcc/arm-none-eabi/7.3.1/thumb/v7e-m/crtbegin.o
LOAD c:/st/stm32cubeide_1.3.0/stm32cubeide/plugins/com.st.stm32cube.ide.mcu.externaltools.gnu-tools-for-stm32.7-2018-q2-update.win32_1.0.0.201904181610/tools/bin/../lib/gcc/arm-none-eabi/7.3.1/../../../../arm-none-eabi/lib/thumb/v7e-m/crt0.o
LOAD Src/spi_readSensordata.o
LOAD Src/syscalls.o
LOAD Src/sysmem.o
LOAD Src/temp.o
LOAD Startup/startup_stm32f446retx.o
LOAD driver/src/bme280.o
LOAD driver/src/stm32f446re_gpio_driver.o
LOAD driver/src/stm32f446re_spi_driver.o
START GROUP
LOAD c:/st/stm32cubeide_1.3.0/stm32cubeide/plugins/com.st.stm32cube.ide.mcu.externaltools.gnu-tools-for-stm32.7-2018-q2-update.win32_1.0.0.201904181610/tools/bin/../lib/gcc/arm-none-eabi/7.3.1/../../../../arm-none-eabi/lib/thumb/v7e-m\libstdc++_nano.a
LOAD c:/st/stm32cubeide_1.3.0/stm32cubeide/plugins/com.st.stm32cube.ide.mcu.externaltools.gnu-tools-for-stm32.7-2018-q2-update.win32_1.0.0.201904181610/tools/bin/../lib/gcc/arm-none-eabi/7.3.1/../../../../arm-none-eabi/lib/thumb/v7e-m\libsupc++_nano.a
END GROUP
LOAD c:/st/stm32cubeide_1.3.0/stm32cubeide/plugins/com.st.stm32cube.ide.mcu.externaltools.gnu-tools-for-stm32.7-2018-q2-update.win32_1.0.0.201904181610/tools/bin/../lib/gcc/arm-none-eabi/7.3.1/../../../../arm-none-eabi/lib/thumb/v7e-m\libstdc++_nano.a
LOAD c:/st/stm32cubeide_1.3.0/stm32cubeide/plugins/com.st.stm32cube.ide.mcu.externaltools.gnu-tools-for-stm32.7-2018-q2-update.win32_1.0.0.201904181610/tools/bin/../lib/gcc/arm-none-eabi/7.3.1/../../../../arm-none-eabi/lib/thumb/v7e-m\libm.a
LOAD c:/st/stm32cubeide_1.3.0/stm32cubeide/plugins/com.st.stm32cube.ide.mcu.externaltools.gnu-tools-for-stm32.7-2018-q2-update.win32_1.0.0.201904181610/tools/bin/../lib/gcc/arm-none-eabi/7.3.1/../../../../arm-none-eabi/lib/thumb/v7e-m\libc_nano.a
START GROUP
LOAD c:/st/stm32cubeide_1.3.0/stm32cubeide/plugins/com.st.stm32cube.ide.mcu.externaltools.gnu-tools-for-stm32.7-2018-q2-update.win32_1.0.0.201904181610/tools/bin/../lib/gcc/arm-none-eabi/7.3.1/thumb/v7e-m\libgcc.a
LOAD c:/st/stm32cubeide_1.3.0/stm32cubeide/plugins/com.st.stm32cube.ide.mcu.externaltools.gnu-tools-for-stm32.7-2018-q2-update.win32_1.0.0.201904181610/tools/bin/../lib/gcc/arm-none-eabi/7.3.1/../../../../arm-none-eabi/lib/thumb/v7e-m\libc_nano.a
END GROUP
START GROUP
LOAD c:/st/stm32cubeide_1.3.0/stm32cubeide/plugins/com.st.stm32cube.ide.mcu.externaltools.gnu-tools-for-stm32.7-2018-q2-update.win32_1.0.0.201904181610/tools/bin/../lib/gcc/arm-none-eabi/7.3.1/thumb/v7e-m\libgcc.a
LOAD c:/st/stm32cubeide_1.3.0/stm32cubeide/plugins/com.st.stm32cube.ide.mcu.externaltools.gnu-tools-for-stm32.7-2018-q2-update.win32_1.0.0.201904181610/tools/bin/../lib/gcc/arm-none-eabi/7.3.1/../../../../arm-none-eabi/lib/thumb/v7e-m\libc_nano.a
LOAD c:/st/stm32cubeide_1.3.0/stm32cubeide/plugins/com.st.stm32cube.ide.mcu.externaltools.gnu-tools-for-stm32.7-2018-q2-update.win32_1.0.0.201904181610/tools/bin/../lib/gcc/arm-none-eabi/7.3.1/../../../../arm-none-eabi/lib/thumb/v7e-m\libnosys.a
END GROUP
START GROUP
LOAD c:/st/stm32cubeide_1.3.0/stm32cubeide/plugins/com.st.stm32cube.ide.mcu.externaltools.gnu-tools-for-stm32.7-2018-q2-update.win32_1.0.0.201904181610/tools/bin/../lib/gcc/arm-none-eabi/7.3.1/thumb/v7e-m\libgcc.a
LOAD c:/st/stm32cubeide_1.3.0/stm32cubeide/plugins/com.st.stm32cube.ide.mcu.externaltools.gnu-tools-for-stm32.7-2018-q2-update.win32_1.0.0.201904181610/tools/bin/../lib/gcc/arm-none-eabi/7.3.1/../../../../arm-none-eabi/lib/thumb/v7e-m\libc_nano.a
LOAD c:/st/stm32cubeide_1.3.0/stm32cubeide/plugins/com.st.stm32cube.ide.mcu.externaltools.gnu-tools-for-stm32.7-2018-q2-update.win32_1.0.0.201904181610/tools/bin/../lib/gcc/arm-none-eabi/7.3.1/../../../../arm-none-eabi/lib/thumb/v7e-m\libnosys.a
END GROUP
LOAD c:/st/stm32cubeide_1.3.0/stm32cubeide/plugins/com.st.stm32cube.ide.mcu.externaltools.gnu-tools-for-stm32.7-2018-q2-update.win32_1.0.0.201904181610/tools/bin/../lib/gcc/arm-none-eabi/7.3.1/thumb/v7e-m/crtend.o
LOAD c:/st/stm32cubeide_1.3.0/stm32cubeide/plugins/com.st.stm32cube.ide.mcu.externaltools.gnu-tools-for-stm32.7-2018-q2-update.win32_1.0.0.201904181610/tools/bin/../lib/gcc/arm-none-eabi/7.3.1/thumb/v7e-m/crtn.o
                0x0000000020020000                _estack = (ORIGIN (RAM) + LENGTH (RAM))
                0x0000000000000200                _Min_Heap_Size = 0x200
                0x0000000000000400                _Min_Stack_Size = 0x400

.isr_vector     0x0000000008000000      0x1c4
                0x0000000008000000                . = ALIGN (0x4)
 *(.isr_vector)
 .isr_vector    0x0000000008000000      0x1c4 Startup/startup_stm32f446retx.o
                0x0000000008000000                g_pfnVectors
                0x00000000080001c4                . = ALIGN (0x4)

.text           0x00000000080001c4     0x1e28
                0x00000000080001c4                . = ALIGN (0x4)
 *(.text)
 .text          0x00000000080001c4       0x40 c:/st/stm32cubeide_1.3.0/stm32cubeide/plugins/com.st.stm32cube.ide.mcu.externaltools.gnu-tools-for-stm32.7-2018-q2-update.win32_1.0.0.201904181610/tools/bin/../lib/gcc/arm-none-eabi/7.3.1/thumb/v7e-m/crtbegin.o
 *(.text*)
 .text._Z13user_spi_readhPhmPv
                0x0000000008000204       0x3c Src/spi_readSensordata.o
                0x0000000008000204                user_spi_read(unsigned char, unsigned char*, unsigned long, void*)
 .text.main     0x0000000008000240       0xd8 Src/spi_readSensordata.o
                0x0000000008000240                main
 .text.SPI1_IRQHandler
                0x0000000008000318       0x18 Src/spi_readSensordata.o
                0x0000000008000318                SPI1_IRQHandler
 .text._getpid  0x0000000008000330        0xe Src/syscalls.o
                0x0000000008000330                _getpid
 .text._kill    0x000000000800033e       0x20 Src/syscalls.o
                0x000000000800033e                _kill
 .text._exit    0x000000000800035e       0x14 Src/syscalls.o
                0x000000000800035e                _exit
 *fill*         0x0000000008000372        0x2 
 .text._sbrk    0x0000000008000374       0x58 Src/sysmem.o
                0x0000000008000374                _sbrk
 .text.bme280_init
                0x00000000080003cc       0x9e Src/temp.o
                0x00000000080003cc                bme280_init
 .text.bme280_get_regs
                0x000000000800046a       0x74 Src/temp.o
                0x000000000800046a                bme280_get_regs
 .text.bme280_set_regs
                0x00000000080004de       0xf8 Src/temp.o
                0x00000000080004de                bme280_set_regs
 .text.bme280_soft_reset
                0x00000000080005d6       0x9e Src/temp.o
                0x00000000080005d6                bme280_soft_reset
 .text.get_calib_data
                0x0000000008000674       0x88 Src/temp.o
 .text.interleave_reg_addr
                0x00000000080006fc       0x54 Src/temp.o
 .text.parse_temp_press_calib_data
                0x0000000008000750      0x15c Src/temp.o
 .text.parse_humidity_calib_data
                0x00000000080008ac       0x9a Src/temp.o
 .text.null_ptr_check
                0x0000000008000946       0x3e Src/temp.o
 .text.Reset_Handler
                0x0000000008000984       0x50 Startup/startup_stm32f446retx.o
                0x0000000008000984                Reset_Handler
 .text.Default_Handler
                0x00000000080009d4        0x2 Startup/startup_stm32f446retx.o
                0x00000000080009d4                RTC_Alarm_IRQHandler
                0x00000000080009d4                EXTI2_IRQHandler
                0x00000000080009d4                TIM8_CC_IRQHandler
                0x00000000080009d4                SPDIF_Rx_IRQHandler
                0x00000000080009d4                DebugMon_Handler
                0x00000000080009d4                SPI4_IRQHandler
                0x00000000080009d4                TIM1_CC_IRQHandler
                0x00000000080009d4                QuadSPI_IRQHandler
                0x00000000080009d4                DMA2_Stream5_IRQHandler
                0x00000000080009d4                HardFault_Handler
                0x00000000080009d4                DMA1_Stream5_IRQHandler
                0x00000000080009d4                SysTick_Handler
                0x00000000080009d4                PVD_IRQHandler
                0x00000000080009d4                SDIO_IRQHandler
                0x00000000080009d4                TAMP_STAMP_IRQHandler
                0x00000000080009d4                PendSV_Handler
                0x00000000080009d4                NMI_Handler
                0x00000000080009d4                CAN2_RX1_IRQHandler
                0x00000000080009d4                EXTI3_IRQHandler
                0x00000000080009d4                TIM8_TRG_COM_TIM14_IRQHandler
                0x00000000080009d4                TIM1_UP_TIM10_IRQHandler
                0x00000000080009d4                FMPI2C1_error_IRQHandler
                0x00000000080009d4                TIM8_UP_TIM13_IRQHandler
                0x00000000080009d4                I2C3_ER_IRQHandler
                0x00000000080009d4                EXTI0_IRQHandler
                0x00000000080009d4                I2C2_EV_IRQHandler
                0x00000000080009d4                DMA1_Stream2_IRQHandler
                0x00000000080009d4                CAN1_RX0_IRQHandler
                0x00000000080009d4                FPU_IRQHandler
                0x00000000080009d4                OTG_HS_WKUP_IRQHandler
                0x00000000080009d4                UsageFault_Handler
                0x00000000080009d4                CAN2_SCE_IRQHandler
                0x00000000080009d4                DMA2_Stream2_IRQHandler
                0x00000000080009d4                TIM6_DAC_IRQHandler
                0x00000000080009d4                TIM1_BRK_TIM9_IRQHandler
                0x00000000080009d4                DCMI_IRQHandler
                0x00000000080009d4                CAN2_RX0_IRQHandler
                0x00000000080009d4                DMA2_Stream3_IRQHandler
                0x00000000080009d4                FMPI2C1_IRQHandler
                0x00000000080009d4                SAI2_IRQHandler
                0x00000000080009d4                USART6_IRQHandler
                0x00000000080009d4                USART3_IRQHandler
                0x00000000080009d4                CAN1_RX1_IRQHandler
                0x00000000080009d4                UART5_IRQHandler
                0x00000000080009d4                DMA2_Stream0_IRQHandler
                0x00000000080009d4                TIM4_IRQHandler
                0x00000000080009d4                I2C1_EV_IRQHandler
                0x00000000080009d4                HDMI_CEC_IRQHandler
                0x00000000080009d4                DMA1_Stream6_IRQHandler
                0x00000000080009d4                DMA1_Stream1_IRQHandler
                0x00000000080009d4                UART4_IRQHandler
                0x00000000080009d4                TIM3_IRQHandler
                0x00000000080009d4                RCC_IRQHandler
                0x00000000080009d4                TIM8_BRK_TIM12_IRQHandler
                0x00000000080009d4                Default_Handler
                0x00000000080009d4                EXTI15_10_IRQHandler
                0x00000000080009d4                ADC_IRQHandler
                0x00000000080009d4                DMA1_Stream7_IRQHandler
                0x00000000080009d4                TIM7_IRQHandler
                0x00000000080009d4                CAN2_TX_IRQHandler
                0x00000000080009d4                TIM5_IRQHandler
                0x00000000080009d4                DMA2_Stream7_IRQHandler
                0x00000000080009d4                I2C3_EV_IRQHandler
                0x00000000080009d4                EXTI9_5_IRQHandler
                0x00000000080009d4                RTC_WKUP_IRQHandler
                0x00000000080009d4                SPI2_IRQHandler
                0x00000000080009d4                OTG_HS_EP1_IN_IRQHandler
                0x00000000080009d4                MemManage_Handler
                0x00000000080009d4                DMA1_Stream0_IRQHandler
                0x00000000080009d4                CAN1_TX_IRQHandler
                0x00000000080009d4                SVC_Handler
                0x00000000080009d4                EXTI4_IRQHandler
                0x00000000080009d4                OTG_HS_EP1_OUT_IRQHandler
                0x00000000080009d4                WWDG_IRQHandler
                0x00000000080009d4                TIM2_IRQHandler
                0x00000000080009d4                OTG_FS_WKUP_IRQHandler
                0x00000000080009d4                TIM1_TRG_COM_TIM11_IRQHandler
                0x00000000080009d4                OTG_HS_IRQHandler
                0x00000000080009d4                EXTI1_IRQHandler
                0x00000000080009d4                USART2_IRQHandler
                0x00000000080009d4                I2C2_ER_IRQHandler
                0x00000000080009d4                DMA2_Stream1_IRQHandler
                0x00000000080009d4                CAN1_SCE_IRQHandler
                0x00000000080009d4                FLASH_IRQHandler
                0x00000000080009d4                DMA2_Stream4_IRQHandler
                0x00000000080009d4                BusFault_Handler
                0x00000000080009d4                USART1_IRQHandler
                0x00000000080009d4                OTG_FS_IRQHandler
                0x00000000080009d4                SPI3_IRQHandler
                0x00000000080009d4                DMA1_Stream4_IRQHandler
                0x00000000080009d4                I2C1_ER_IRQHandler
                0x00000000080009d4                FMC_IRQHandler
                0x00000000080009d4                DMA2_Stream6_IRQHandler
                0x00000000080009d4                SAI1_IRQHandler
                0x00000000080009d4                DMA1_Stream3_IRQHandler
 *fill*         0x00000000080009d6        0x2 
 .text._Z21gpio_baseAddr_to_codeP13GPIO_RegDef_t
                0x00000000080009d8       0x94 driver/src/stm32f446re_gpio_driver.o
                0x00000000080009d8                gpio_baseAddr_to_code(GPIO_RegDef_t*)
 .text._ZL14get_irq_pinNumh
                0x0000000008000a6c       0x38 driver/src/stm32f446re_gpio_driver.o
 .text._ZN12GPIO_HandlerC2EP13GPIO_RegDef_thhhhhhh
                0x0000000008000aa4       0x96 driver/src/stm32f446re_gpio_driver.o
                0x0000000008000aa4                GPIO_Handler::GPIO_Handler(GPIO_RegDef_t*, unsigned char, unsigned char, unsigned char, unsigned char, unsigned char, unsigned char, unsigned char)
                0x0000000008000aa4                GPIO_Handler::GPIO_Handler(GPIO_RegDef_t*, unsigned char, unsigned char, unsigned char, unsigned char, unsigned char, unsigned char, unsigned char)
 .text._ZN12GPIO_HandlerD2Ev
                0x0000000008000b3a       0x18 driver/src/stm32f446re_gpio_driver.o
                0x0000000008000b3a                GPIO_Handler::~GPIO_Handler()
                0x0000000008000b3a                GPIO_Handler::~GPIO_Handler()
 *fill*         0x0000000008000b52        0x2 
 .text._ZN12GPIO_Handler21GPIO_PeriClockControlEv
                0x0000000008000b54       0xf4 driver/src/stm32f446re_gpio_driver.o
                0x0000000008000b54                GPIO_Handler::GPIO_PeriClockControl()
 .text._ZN12GPIO_Handler9GPIO_InitEv
                0x0000000008000c48      0x2ac driver/src/stm32f446re_gpio_driver.o
                0x0000000008000c48                GPIO_Handler::GPIO_Init()
 .text._ZN12GPIO_Handler11GPIO_DeInitEv
                0x0000000008000ef4      0x154 driver/src/stm32f446re_gpio_driver.o
                0x0000000008000ef4                GPIO_Handler::GPIO_DeInit()
 .text._ZN12GPIO_Handler23GPIO_IRQInterruptConfigEhh
                0x0000000008001048      0x108 driver/src/stm32f446re_gpio_driver.o
                0x0000000008001048                GPIO_Handler::GPIO_IRQInterruptConfig(unsigned char, unsigned char)
 .text._ZN12GPIO_Handler22GPIO_IRQPriorityConfigEhh
                0x0000000008001150       0x5e driver/src/stm32f446re_gpio_driver.o
                0x0000000008001150                GPIO_Handler::GPIO_IRQPriorityConfig(unsigned char, unsigned char)
 .text._ZN11SPI_HandlerC2EP12SPI_RegDef_thhhhhhh
                0x00000000080011ae       0xc0 driver/src/stm32f446re_spi_driver.o
                0x00000000080011ae                SPI_Handler::SPI_Handler(SPI_RegDef_t*, unsigned char, unsigned char, unsigned char, unsigned char, unsigned char, unsigned char, unsigned char)
                0x00000000080011ae                SPI_Handler::SPI_Handler(SPI_RegDef_t*, unsigned char, unsigned char, unsigned char, unsigned char, unsigned char, unsigned char, unsigned char)
 *fill*         0x000000000800126e        0x2 
 .text._ZN11SPI_Handler20SPI_PeriClockControlEv
                0x0000000008001270       0x84 driver/src/stm32f446re_spi_driver.o
                0x0000000008001270                SPI_Handler::SPI_PeriClockControl()
 .text._ZN11SPI_Handler14SPI_GPIOs_InitEv
                0x00000000080012f4      0x104 driver/src/stm32f446re_spi_driver.o
                0x00000000080012f4                SPI_Handler::SPI_GPIOs_Init()
 .text._ZN11SPI_Handler8SPI_InitEv
                0x00000000080013f8       0xb4 driver/src/stm32f446re_spi_driver.o
                0x00000000080013f8                SPI_Handler::SPI_Init()
 .text._ZN11SPI_Handler21SPI_PeripheralControlEh
                0x00000000080014ac       0x3e driver/src/stm32f446re_spi_driver.o
                0x00000000080014ac                SPI_Handler::SPI_PeripheralControl(unsigned char)
 .text._ZN11SPI_Handler17SPI_GetFlagStatusEh
                0x00000000080014ea       0x34 driver/src/stm32f446re_spi_driver.o
                0x00000000080014ea                SPI_Handler::SPI_GetFlagStatus(unsigned char)
 .text._ZN11SPI_Handler14SPI_SSOEConfigEh
                0x000000000800151e       0x3e driver/src/stm32f446re_spi_driver.o
                0x000000000800151e                SPI_Handler::SPI_SSOEConfig(unsigned char)
 .text._ZN11SPI_Handler13SPI_SSIConfigEh
                0x000000000800155c       0x3e driver/src/stm32f446re_spi_driver.o
                0x000000000800155c                SPI_Handler::SPI_SSIConfig(unsigned char)
 *fill*         0x000000000800159a        0x2 
 .text._ZN11SPI_Handler22SPI_IRQInterruptConfigEhh
                0x000000000800159c      0x108 driver/src/stm32f446re_spi_driver.o
                0x000000000800159c                SPI_Handler::SPI_IRQInterruptConfig(unsigned char, unsigned char)
 .text._ZN11SPI_Handler21SPI_IRQPriorityConfigEhh
                0x00000000080016a4       0x5e driver/src/stm32f446re_spi_driver.o
                0x00000000080016a4                SPI_Handler::SPI_IRQPriorityConfig(unsigned char, unsigned char)
 .text._ZN11SPI_Handler14SPI_SendDataITEPKhm
                0x0000000008001702       0x62 driver/src/stm32f446re_spi_driver.o
                0x0000000008001702                SPI_Handler::SPI_SendDataIT(unsigned char const*, unsigned long)
 .text._ZN11SPI_Handler17SPI_ReceiveDataITEPhm
                0x0000000008001764       0x52 driver/src/stm32f446re_spi_driver.o
                0x0000000008001764                SPI_Handler::SPI_ReceiveDataIT(unsigned char*, unsigned long)
 *fill*         0x00000000080017b6        0x2 
 .text._ZN11SPI_Handler15SPI_IRQHandlingEv
                0x00000000080017b8       0xb4 driver/src/stm32f446re_spi_driver.o
                0x00000000080017b8                SPI_Handler::SPI_IRQHandling()
 .text._ZN11SPI_Handler24spi_txe_interrupt_handleEv
                0x000000000800186c       0xa2 driver/src/stm32f446re_spi_driver.o
                0x000000000800186c                SPI_Handler::spi_txe_interrupt_handle()
 .text._ZN11SPI_Handler25spi_rxne_interrupt_handleEv
                0x000000000800190e       0xa6 driver/src/stm32f446re_spi_driver.o
                0x000000000800190e                SPI_Handler::spi_rxne_interrupt_handle()
 .text._ZN11SPI_Handler28spi_ovr_err_interrupt_handleEv
                0x00000000080019b4       0x36 driver/src/stm32f446re_spi_driver.o
                0x00000000080019b4                SPI_Handler::spi_ovr_err_interrupt_handle()
 .text._ZN11SPI_Handler16SPI_ClearOVRFlagEv
                0x00000000080019ea       0x26 driver/src/stm32f446re_spi_driver.o
                0x00000000080019ea                SPI_Handler::SPI_ClearOVRFlag()
 .text._ZN11SPI_Handler21SPI_CloseTransmissionEv
                0x0000000008001a10       0x34 driver/src/stm32f446re_spi_driver.o
                0x0000000008001a10                SPI_Handler::SPI_CloseTransmission()
 .text._ZN11SPI_Handler18SPI_CloseReceptionEv
                0x0000000008001a44       0x34 driver/src/stm32f446re_spi_driver.o
                0x0000000008001a44                SPI_Handler::SPI_CloseReception()
 .text._Z28SPI_ApplicationEventCallbackP12SPI_Handle_th
                0x0000000008001a78       0x16 driver/src/stm32f446re_spi_driver.o
                0x0000000008001a78                SPI_ApplicationEventCallback(SPI_Handle_t*, unsigned char)
 .text._ZNSt5tupleIJP12GPIO_HandlerSt14default_deleteIS0_EEEC2IS1_S3_Lb1EEEv
                0x0000000008001a8e       0x1a driver/src/stm32f446re_spi_driver.o
                0x0000000008001a8e                std::tuple<GPIO_Handler*, std::default_delete<GPIO_Handler> >::tuple<GPIO_Handler*, std::default_delete<GPIO_Handler>, true>()
                0x0000000008001a8e                std::tuple<GPIO_Handler*, std::default_delete<GPIO_Handler> >::tuple<GPIO_Handler*, std::default_delete<GPIO_Handler>, true>()
 .text._ZNSt15__uniq_ptr_implI12GPIO_HandlerSt14default_deleteIS0_EEC2Ev
                0x0000000008001aa8       0x1a driver/src/stm32f446re_spi_driver.o
                0x0000000008001aa8                std::__uniq_ptr_impl<GPIO_Handler, std::default_delete<GPIO_Handler> >::__uniq_ptr_impl()
                0x0000000008001aa8                std::__uniq_ptr_impl<GPIO_Handler, std::default_delete<GPIO_Handler> >::__uniq_ptr_impl()
 .text._ZNSt10unique_ptrI12GPIO_HandlerSt14default_deleteIS0_EEC2IS2_vEEv
                0x0000000008001ac2       0x20 driver/src/stm32f446re_spi_driver.o
                0x0000000008001ac2                std::unique_ptr<GPIO_Handler, std::default_delete<GPIO_Handler> >::unique_ptr<std::default_delete<GPIO_Handler>, void>()
                0x0000000008001ac2                std::unique_ptr<GPIO_Handler, std::default_delete<GPIO_Handler> >::unique_ptr<std::default_delete<GPIO_Handler>, void>()
 .text._ZNSt10unique_ptrI12GPIO_HandlerSt14default_deleteIS0_EE5resetEPS0_
                0x0000000008001ae2       0x3e driver/src/stm32f446re_spi_driver.o
                0x0000000008001ae2                std::unique_ptr<GPIO_Handler, std::default_delete<GPIO_Handler> >::reset(GPIO_Handler*)
 .text._ZNSt11_Tuple_implILj0EJP12GPIO_HandlerSt14default_deleteIS0_EEEC2Ev
                0x0000000008001b20       0x20 driver/src/stm32f446re_spi_driver.o
                0x0000000008001b20                std::_Tuple_impl<0u, GPIO_Handler*, std::default_delete<GPIO_Handler> >::_Tuple_impl()
                0x0000000008001b20                std::_Tuple_impl<0u, GPIO_Handler*, std::default_delete<GPIO_Handler> >::_Tuple_impl()
 .text._ZNSt15__uniq_ptr_implI12GPIO_HandlerSt14default_deleteIS0_EE6_M_ptrEv
                0x0000000008001b40       0x1a driver/src/stm32f446re_spi_driver.o
                0x0000000008001b40                std::__uniq_ptr_impl<GPIO_Handler, std::default_delete<GPIO_Handler> >::_M_ptr()
 .text._ZNSt10unique_ptrI12GPIO_HandlerSt14default_deleteIS0_EE11get_deleterEv
                0x0000000008001b5a       0x1a driver/src/stm32f446re_spi_driver.o
                0x0000000008001b5a                std::unique_ptr<GPIO_Handler, std::default_delete<GPIO_Handler> >::get_deleter()
 .text._ZNKSt14default_deleteI12GPIO_HandlerEclEPS0_
                0x0000000008001b74       0x26 driver/src/stm32f446re_spi_driver.o
                0x0000000008001b74                std::default_delete<GPIO_Handler>::operator()(GPIO_Handler*) const
 .text._ZSt4moveIRP12GPIO_HandlerEONSt16remove_referenceIT_E4typeEOS4_
                0x0000000008001b9a       0x14 driver/src/stm32f446re_spi_driver.o
                0x0000000008001b9a                std::remove_reference<GPIO_Handler*&>::type&& std::move<GPIO_Handler*&>(GPIO_Handler*&)
 .text._ZSt4swapIP12GPIO_HandlerENSt9enable_ifIXsrSt6__and_IJSt6__not_ISt15__is_tuple_likeIT_EESt21is_move_constructibleIS6_ESt18is_move_assignableIS6_EEE5valueEvE4typeERS6_SG_
                0x0000000008001bae       0x3e driver/src/stm32f446re_spi_driver.o
                0x0000000008001bae                std::enable_if<std::__and_<std::__not_<std::__is_tuple_like<GPIO_Handler*> >, std::is_move_constructible<GPIO_Handler*>, std::is_move_assignable<GPIO_Handler*> >::value, void>::type std::swap<GPIO_Handler*>(GPIO_Handler*&, GPIO_Handler*&)
 .text._ZNSt11_Tuple_implILj1EJSt14default_deleteI12GPIO_HandlerEEEC2Ev
                0x0000000008001bec       0x18 driver/src/stm32f446re_spi_driver.o
                0x0000000008001bec                std::_Tuple_impl<1u, std::default_delete<GPIO_Handler> >::_Tuple_impl()
                0x0000000008001bec                std::_Tuple_impl<1u, std::default_delete<GPIO_Handler> >::_Tuple_impl()
 .text._ZNSt10_Head_baseILj0EP12GPIO_HandlerLb0EEC2Ev
                0x0000000008001c04       0x1a driver/src/stm32f446re_spi_driver.o
                0x0000000008001c04                std::_Head_base<0u, GPIO_Handler*, false>::_Head_base()
                0x0000000008001c04                std::_Head_base<0u, GPIO_Handler*, false>::_Head_base()
 .text._ZSt3getILj0EJP12GPIO_HandlerSt14default_deleteIS0_EEERNSt13tuple_elementIXT_ESt5tupleIJDpT0_EEE4typeERS8_
                0x0000000008001c1e       0x1a driver/src/stm32f446re_spi_driver.o
                0x0000000008001c1e                std::tuple_element<0u, std::tuple<GPIO_Handler*, std::default_delete<GPIO_Handler> > >::type& std::get<0u, GPIO_Handler*, std::default_delete<GPIO_Handler> >(std::tuple<GPIO_Handler*, std::default_delete<GPIO_Handler> >&)
 .text._ZNSt15__uniq_ptr_implI12GPIO_HandlerSt14default_deleteIS0_EE10_M_deleterEv
                0x0000000008001c38       0x1a driver/src/stm32f446re_spi_driver.o
                0x0000000008001c38                std::__uniq_ptr_impl<GPIO_Handler, std::default_delete<GPIO_Handler> >::_M_deleter()
 .text._ZNSt10_Head_baseILj1ESt14default_deleteI12GPIO_HandlerELb1EEC2Ev
                0x0000000008001c52       0x14 driver/src/stm32f446re_spi_driver.o
                0x0000000008001c52                std::_Head_base<1u, std::default_delete<GPIO_Handler>, true>::_Head_base()
                0x0000000008001c52                std::_Head_base<1u, std::default_delete<GPIO_Handler>, true>::_Head_base()
 .text._ZSt12__get_helperILj0EP12GPIO_HandlerJSt14default_deleteIS0_EEERT0_RSt11_Tuple_implIXT_EJS4_DpT1_EE
                0x0000000008001c66       0x18 driver/src/stm32f446re_spi_driver.o
                0x0000000008001c66                GPIO_Handler*& std::__get_helper<0u, GPIO_Handler*, std::default_delete<GPIO_Handler> >(std::_Tuple_impl<0u, GPIO_Handler*, std::default_delete<GPIO_Handler> >&)
 .text._ZSt3getILj1EJP12GPIO_HandlerSt14default_deleteIS0_EEERNSt13tuple_elementIXT_ESt5tupleIJDpT0_EEE4typeERS8_
                0x0000000008001c7e       0x18 driver/src/stm32f446re_spi_driver.o
                0x0000000008001c7e                std::tuple_element<1u, std::tuple<GPIO_Handler*, std::default_delete<GPIO_Handler> > >::type& std::get<1u, GPIO_Handler*, std::default_delete<GPIO_Handler> >(std::tuple<GPIO_Handler*, std::default_delete<GPIO_Handler> >&)
 .text._ZNSt11_Tuple_implILj0EJP12GPIO_HandlerSt14default_deleteIS0_EEE7_M_headERS4_
                0x0000000008001c96       0x1a driver/src/stm32f446re_spi_driver.o
                0x0000000008001c96                std::_Tuple_impl<0u, GPIO_Handler*, std::default_delete<GPIO_Handler> >::_M_head(std::_Tuple_impl<0u, GPIO_Handler*, std::default_delete<GPIO_Handler> >&)
 .text._ZSt12__get_helperILj1ESt14default_deleteI12GPIO_HandlerEJEERT0_RSt11_Tuple_implIXT_EJS3_DpT1_EE
                0x0000000008001cb0       0x18 driver/src/stm32f446re_spi_driver.o
                0x0000000008001cb0                std::default_delete<GPIO_Handler>& std::__get_helper<1u, std::default_delete<GPIO_Handler>>(std::_Tuple_impl<1u, std::default_delete<GPIO_Handler>>&)
 .text._ZNSt10_Head_baseILj0EP12GPIO_HandlerLb0EE7_M_headERS2_
                0x0000000008001cc8       0x14 driver/src/stm32f446re_spi_driver.o
                0x0000000008001cc8                std::_Head_base<0u, GPIO_Handler*, false>::_M_head(std::_Head_base<0u, GPIO_Handler*, false>&)
 .text._ZNSt11_Tuple_implILj1EJSt14default_deleteI12GPIO_HandlerEEE7_M_headERS3_
                0x0000000008001cdc       0x18 driver/src/stm32f446re_spi_driver.o
                0x0000000008001cdc                std::_Tuple_impl<1u, std::default_delete<GPIO_Handler> >::_M_head(std::_Tuple_impl<1u, std::default_delete<GPIO_Handler> >&)
 .text._ZNSt10_Head_baseILj1ESt14default_deleteI12GPIO_HandlerELb1EE7_M_headERS3_
                0x0000000008001cf4       0x14 driver/src/stm32f446re_spi_driver.o
                0x0000000008001cf4                std::_Head_base<1u, std::default_delete<GPIO_Handler>, true>::_M_head(std::_Head_base<1u, std::default_delete<GPIO_Handler>, true>&)
 .text._ZdlPvj  0x0000000008001d08        0x4 c:/st/stm32cubeide_1.3.0/stm32cubeide/plugins/com.st.stm32cube.ide.mcu.externaltools.gnu-tools-for-stm32.7-2018-q2-update.win32_1.0.0.201904181610/tools/bin/../lib/gcc/arm-none-eabi/7.3.1/../../../../arm-none-eabi/lib/thumb/v7e-m\libstdc++_nano.a(del_ops.o)
                0x0000000008001d08                operator delete(void*, unsigned int)
 .text._Znwj    0x0000000008001d0c       0x22 c:/st/stm32cubeide_1.3.0/stm32cubeide/plugins/com.st.stm32cube.ide.mcu.externaltools.gnu-tools-for-stm32.7-2018-q2-update.win32_1.0.0.201904181610/tools/bin/../lib/gcc/arm-none-eabi/7.3.1/../../../../arm-none-eabi/lib/thumb/v7e-m\libstdc++_nano.a(new_op.o)
                0x0000000008001d0c                operator new(unsigned int)
 *fill*         0x0000000008001d2e        0x2 
 .text._ZSt15get_new_handlerv
                0x0000000008001d30       0x10 c:/st/stm32cubeide_1.3.0/stm32cubeide/plugins/com.st.stm32cube.ide.mcu.externaltools.gnu-tools-for-stm32.7-2018-q2-update.win32_1.0.0.201904181610/tools/bin/../lib/gcc/arm-none-eabi/7.3.1/../../../../arm-none-eabi/lib/thumb/v7e-m\libstdc++_nano.a(new_handler.o)
                0x0000000008001d30                std::get_new_handler()
 .text._ZdlPv   0x0000000008001d40        0x4 c:/st/stm32cubeide_1.3.0/stm32cubeide/plugins/com.st.stm32cube.ide.mcu.externaltools.gnu-tools-for-stm32.7-2018-q2-update.win32_1.0.0.201904181610/tools/bin/../lib/gcc/arm-none-eabi/7.3.1/../../../../arm-none-eabi/lib/thumb/v7e-m\libstdc++_nano.a(del_op.o)
                0x0000000008001d40                operator delete(void*)
 .text.abort    0x0000000008001d44        0xe c:/st/stm32cubeide_1.3.0/stm32cubeide/plugins/com.st.stm32cube.ide.mcu.externaltools.gnu-tools-for-stm32.7-2018-q2-update.win32_1.0.0.201904181610/tools/bin/../lib/gcc/arm-none-eabi/7.3.1/../../../../arm-none-eabi/lib/thumb/v7e-m\libc_nano.a(lib_a-abort.o)
                0x0000000008001d44                abort
 *fill*         0x0000000008001d52        0x2 
 .text.__errno  0x0000000008001d54        0xc c:/st/stm32cubeide_1.3.0/stm32cubeide/plugins/com.st.stm32cube.ide.mcu.externaltools.gnu-tools-for-stm32.7-2018-q2-update.win32_1.0.0.201904181610/tools/bin/../lib/gcc/arm-none-eabi/7.3.1/../../../../arm-none-eabi/lib/thumb/v7e-m\libc_nano.a(lib_a-errno.o)
                0x0000000008001d54                __errno
 .text.__libc_init_array
                0x0000000008001d60       0x48 c:/st/stm32cubeide_1.3.0/stm32cubeide/plugins/com.st.stm32cube.ide.mcu.externaltools.gnu-tools-for-stm32.7-2018-q2-update.win32_1.0.0.201904181610/tools/bin/../lib/gcc/arm-none-eabi/7.3.1/../../../../arm-none-eabi/lib/thumb/v7e-m\libc_nano.a(lib_a-init.o)
                0x0000000008001d60                __libc_init_array
 .text.malloc   0x0000000008001da8       0x10 c:/st/stm32cubeide_1.3.0/stm32cubeide/plugins/com.st.stm32cube.ide.mcu.externaltools.gnu-tools-for-stm32.7-2018-q2-update.win32_1.0.0.201904181610/tools/bin/../lib/gcc/arm-none-eabi/7.3.1/../../../../arm-none-eabi/lib/thumb/v7e-m\libc_nano.a(lib_a-malloc.o)
                0x0000000008001da8                malloc
 .text.free     0x0000000008001db8       0x10 c:/st/stm32cubeide_1.3.0/stm32cubeide/plugins/com.st.stm32cube.ide.mcu.externaltools.gnu-tools-for-stm32.7-2018-q2-update.win32_1.0.0.201904181610/tools/bin/../lib/gcc/arm-none-eabi/7.3.1/../../../../arm-none-eabi/lib/thumb/v7e-m\libc_nano.a(lib_a-malloc.o)
                0x0000000008001db8                free
 .text.memset   0x0000000008001dc8       0x10 c:/st/stm32cubeide_1.3.0/stm32cubeide/plugins/com.st.stm32cube.ide.mcu.externaltools.gnu-tools-for-stm32.7-2018-q2-update.win32_1.0.0.201904181610/tools/bin/../lib/gcc/arm-none-eabi/7.3.1/../../../../arm-none-eabi/lib/thumb/v7e-m\libc_nano.a(lib_a-memset.o)
                0x0000000008001dc8                memset
 .text._free_r  0x0000000008001dd8       0x9c c:/st/stm32cubeide_1.3.0/stm32cubeide/plugins/com.st.stm32cube.ide.mcu.externaltools.gnu-tools-for-stm32.7-2018-q2-update.win32_1.0.0.201904181610/tools/bin/../lib/gcc/arm-none-eabi/7.3.1/../../../../arm-none-eabi/lib/thumb/v7e-m\libc_nano.a(lib_a-nano-freer.o)
                0x0000000008001dd8                _free_r
 .text._malloc_r
                0x0000000008001e74       0xb4 c:/st/stm32cubeide_1.3.0/stm32cubeide/plugins/com.st.stm32cube.ide.mcu.externaltools.gnu-tools-for-stm32.7-2018-q2-update.win32_1.0.0.201904181610/tools/bin/../lib/gcc/arm-none-eabi/7.3.1/../../../../arm-none-eabi/lib/thumb/v7e-m\libc_nano.a(lib_a-nano-mallocr.o)
                0x0000000008001e74                _malloc_r
 .text._sbrk_r  0x0000000008001f28       0x20 c:/st/stm32cubeide_1.3.0/stm32cubeide/plugins/com.st.stm32cube.ide.mcu.externaltools.gnu-tools-for-stm32.7-2018-q2-update.win32_1.0.0.201904181610/tools/bin/../lib/gcc/arm-none-eabi/7.3.1/../../../../arm-none-eabi/lib/thumb/v7e-m\libc_nano.a(lib_a-sbrkr.o)
                0x0000000008001f28                _sbrk_r
 .text._raise_r
                0x0000000008001f48       0x50 c:/st/stm32cubeide_1.3.0/stm32cubeide/plugins/com.st.stm32cube.ide.mcu.externaltools.gnu-tools-for-stm32.7-2018-q2-update.win32_1.0.0.201904181610/tools/bin/../lib/gcc/arm-none-eabi/7.3.1/../../../../arm-none-eabi/lib/thumb/v7e-m\libc_nano.a(lib_a-signal.o)
                0x0000000008001f48                _raise_r
 .text.raise    0x0000000008001f98       0x10 c:/st/stm32cubeide_1.3.0/stm32cubeide/plugins/com.st.stm32cube.ide.mcu.externaltools.gnu-tools-for-stm32.7-2018-q2-update.win32_1.0.0.201904181610/tools/bin/../lib/gcc/arm-none-eabi/7.3.1/../../../../arm-none-eabi/lib/thumb/v7e-m\libc_nano.a(lib_a-signal.o)
                0x0000000008001f98                raise
 .text._kill_r  0x0000000008001fa8       0x24 c:/st/stm32cubeide_1.3.0/stm32cubeide/plugins/com.st.stm32cube.ide.mcu.externaltools.gnu-tools-for-stm32.7-2018-q2-update.win32_1.0.0.201904181610/tools/bin/../lib/gcc/arm-none-eabi/7.3.1/../../../../arm-none-eabi/lib/thumb/v7e-m\libc_nano.a(lib_a-signalr.o)
                0x0000000008001fa8                _kill_r
 .text._getpid_r
                0x0000000008001fcc        0x4 c:/st/stm32cubeide_1.3.0/stm32cubeide/plugins/com.st.stm32cube.ide.mcu.externaltools.gnu-tools-for-stm32.7-2018-q2-update.win32_1.0.0.201904181610/tools/bin/../lib/gcc/arm-none-eabi/7.3.1/../../../../arm-none-eabi/lib/thumb/v7e-m\libc_nano.a(lib_a-signalr.o)
                0x0000000008001fcc                _getpid_r
 .text.__malloc_lock
                0x0000000008001fd0        0x2 c:/st/stm32cubeide_1.3.0/stm32cubeide/plugins/com.st.stm32cube.ide.mcu.externaltools.gnu-tools-for-stm32.7-2018-q2-update.win32_1.0.0.201904181610/tools/bin/../lib/gcc/arm-none-eabi/7.3.1/../../../../arm-none-eabi/lib/thumb/v7e-m\libc_nano.a(lib_a-mlock.o)
                0x0000000008001fd0                __malloc_lock
 .text.__malloc_unlock
                0x0000000008001fd2        0x2 c:/st/stm32cubeide_1.3.0/stm32cubeide/plugins/com.st.stm32cube.ide.mcu.externaltools.gnu-tools-for-stm32.7-2018-q2-update.win32_1.0.0.201904181610/tools/bin/../lib/gcc/arm-none-eabi/7.3.1/../../../../arm-none-eabi/lib/thumb/v7e-m\libc_nano.a(lib_a-mlock.o)
                0x0000000008001fd2                __malloc_unlock
 *(.glue_7)
 .glue_7        0x0000000008001fd4        0x0 linker stubs
 *(.glue_7t)
 .glue_7t       0x0000000008001fd4        0x0 linker stubs
 *(.eh_frame)
 .eh_frame      0x0000000008001fd4        0x0 c:/st/stm32cubeide_1.3.0/stm32cubeide/plugins/com.st.stm32cube.ide.mcu.externaltools.gnu-tools-for-stm32.7-2018-q2-update.win32_1.0.0.201904181610/tools/bin/../lib/gcc/arm-none-eabi/7.3.1/thumb/v7e-m/crtbegin.o
 *(.init)
 .init          0x0000000008001fd4        0x4 c:/st/stm32cubeide_1.3.0/stm32cubeide/plugins/com.st.stm32cube.ide.mcu.externaltools.gnu-tools-for-stm32.7-2018-q2-update.win32_1.0.0.201904181610/tools/bin/../lib/gcc/arm-none-eabi/7.3.1/thumb/v7e-m/crti.o
                0x0000000008001fd4                _init
 .init          0x0000000008001fd8        0x8 c:/st/stm32cubeide_1.3.0/stm32cubeide/plugins/com.st.stm32cube.ide.mcu.externaltools.gnu-tools-for-stm32.7-2018-q2-update.win32_1.0.0.201904181610/tools/bin/../lib/gcc/arm-none-eabi/7.3.1/thumb/v7e-m/crtn.o
 *(.fini)
 .fini          0x0000000008001fe0        0x4 c:/st/stm32cubeide_1.3.0/stm32cubeide/plugins/com.st.stm32cube.ide.mcu.externaltools.gnu-tools-for-stm32.7-2018-q2-update.win32_1.0.0.201904181610/tools/bin/../lib/gcc/arm-none-eabi/7.3.1/thumb/v7e-m/crti.o
                0x0000000008001fe0                _fini
 .fini          0x0000000008001fe4        0x8 c:/st/stm32cubeide_1.3.0/stm32cubeide/plugins/com.st.stm32cube.ide.mcu.externaltools.gnu-tools-for-stm32.7-2018-q2-update.win32_1.0.0.201904181610/tools/bin/../lib/gcc/arm-none-eabi/7.3.1/thumb/v7e-m/crtn.o
                0x0000000008001fec                . = ALIGN (0x4)
                0x0000000008001fec                _etext = .

.vfp11_veneer   0x0000000008001fec        0x0
 .vfp11_veneer  0x0000000008001fec        0x0 linker stubs

.v4_bx          0x0000000008001fec        0x0
 .v4_bx         0x0000000008001fec        0x0 linker stubs

.iplt           0x0000000008001fec        0x0
 .iplt          0x0000000008001fec        0x0 c:/st/stm32cubeide_1.3.0/stm32cubeide/plugins/com.st.stm32cube.ide.mcu.externaltools.gnu-tools-for-stm32.7-2018-q2-update.win32_1.0.0.201904181610/tools/bin/../lib/gcc/arm-none-eabi/7.3.1/thumb/v7e-m/crtbegin.o

.rel.dyn        0x0000000008001fec        0x0
 .rel.iplt      0x0000000008001fec        0x0 c:/st/stm32cubeide_1.3.0/stm32cubeide/plugins/com.st.stm32cube.ide.mcu.externaltools.gnu-tools-for-stm32.7-2018-q2-update.win32_1.0.0.201904181610/tools/bin/../lib/gcc/arm-none-eabi/7.3.1/thumb/v7e-m/crtbegin.o

.rodata         0x0000000008001fec        0x0
                0x0000000008001fec                . = ALIGN (0x4)
 *(.rodata)
 *(.rodata*)
                0x0000000008001fec                . = ALIGN (0x4)

.ARM.extab      0x0000000008001fec        0x0
                0x0000000008001fec                . = ALIGN (0x4)
 *(.ARM.extab* .gnu.linkonce.armextab.*)
                0x0000000008001fec                . = ALIGN (0x4)

.ARM            0x0000000008001fec        0x0
                0x0000000008001fec                . = ALIGN (0x4)
                0x0000000008001fec                __exidx_start = .
 *(.ARM.exidx*)
                0x0000000008001fec                __exidx_end = .
                0x0000000008001fec                . = ALIGN (0x4)

.preinit_array  0x0000000008001fec        0x0
                0x0000000008001fec                . = ALIGN (0x4)
                0x0000000008001fec                PROVIDE (__preinit_array_start = .)
 *(.preinit_array*)
                0x0000000008001fec                PROVIDE (__preinit_array_end = .)
                0x0000000008001fec                . = ALIGN (0x4)

.init_array     0x0000000008001fec        0x4
                0x0000000008001fec                . = ALIGN (0x4)
                0x0000000008001fec                PROVIDE (__init_array_start = .)
 *(SORT_BY_NAME(.init_array.*))
 *(.init_array*)
 .init_array    0x0000000008001fec        0x4 c:/st/stm32cubeide_1.3.0/stm32cubeide/plugins/com.st.stm32cube.ide.mcu.externaltools.gnu-tools-for-stm32.7-2018-q2-update.win32_1.0.0.201904181610/tools/bin/../lib/gcc/arm-none-eabi/7.3.1/thumb/v7e-m/crtbegin.o
                0x0000000008001ff0                PROVIDE (__init_array_end = .)
                0x0000000008001ff0                . = ALIGN (0x4)

.fini_array     0x0000000008001ff0        0x4
                0x0000000008001ff0                . = ALIGN (0x4)
                [!provide]                        PROVIDE (__fini_array_start = .)
 *(SORT_BY_NAME(.fini_array.*))
 *(.fini_array*)
 .fini_array    0x0000000008001ff0        0x4 c:/st/stm32cubeide_1.3.0/stm32cubeide/plugins/com.st.stm32cube.ide.mcu.externaltools.gnu-tools-for-stm32.7-2018-q2-update.win32_1.0.0.201904181610/tools/bin/../lib/gcc/arm-none-eabi/7.3.1/thumb/v7e-m/crtbegin.o
                [!provide]                        PROVIDE (__fini_array_end = .)
                0x0000000008001ff4                . = ALIGN (0x4)
                0x0000000008001ff4                _sidata = LOADADDR (.data)

.data           0x0000000020000000       0x64 load address 0x0000000008001ff4
                0x0000000020000000                . = ALIGN (0x4)
                0x0000000020000000                _sdata = .
 *(.data)
 *(.data*)
 .data._impure_ptr
                0x0000000020000000        0x4 c:/st/stm32cubeide_1.3.0/stm32cubeide/plugins/com.st.stm32cube.ide.mcu.externaltools.gnu-tools-for-stm32.7-2018-q2-update.win32_1.0.0.201904181610/tools/bin/../lib/gcc/arm-none-eabi/7.3.1/../../../../arm-none-eabi/lib/thumb/v7e-m\libc_nano.a(lib_a-impure.o)
                0x0000000020000000                _impure_ptr
 .data.impure_data
                0x0000000020000004       0x60 c:/st/stm32cubeide_1.3.0/stm32cubeide/plugins/com.st.stm32cube.ide.mcu.externaltools.gnu-tools-for-stm32.7-2018-q2-update.win32_1.0.0.201904181610/tools/bin/../lib/gcc/arm-none-eabi/7.3.1/../../../../arm-none-eabi/lib/thumb/v7e-m\libc_nano.a(lib_a-impure.o)
                0x0000000020000064                . = ALIGN (0x4)
                0x0000000020000064                _edata = .

.igot.plt       0x0000000020000064        0x0 load address 0x0000000008002058
 .igot.plt      0x0000000020000064        0x0 c:/st/stm32cubeide_1.3.0/stm32cubeide/plugins/com.st.stm32cube.ide.mcu.externaltools.gnu-tools-for-stm32.7-2018-q2-update.win32_1.0.0.201904181610/tools/bin/../lib/gcc/arm-none-eabi/7.3.1/thumb/v7e-m/crtbegin.o
                0x0000000020000064                . = ALIGN (0x4)

.bss            0x0000000020000064       0x38 load address 0x0000000008002058
                0x0000000020000064                _sbss = .
                0x0000000020000064                __bss_start__ = _sbss
 *(.bss)
 .bss           0x0000000020000064       0x1c c:/st/stm32cubeide_1.3.0/stm32cubeide/plugins/com.st.stm32cube.ide.mcu.externaltools.gnu-tools-for-stm32.7-2018-q2-update.win32_1.0.0.201904181610/tools/bin/../lib/gcc/arm-none-eabi/7.3.1/thumb/v7e-m/crtbegin.o
 *(.bss*)
 .bss.SPI1_Handler
                0x0000000020000080        0x4 Src/spi_readSensordata.o
                0x0000000020000080                SPI1_Handler
 .bss.heap_end.5149
                0x0000000020000084        0x4 Src/sysmem.o
 .bss.count     0x0000000020000088        0x4 driver/src/stm32f446re_spi_driver.o
                0x0000000020000088                count
 .bss._ZN12_GLOBAL__N_113__new_handlerE
                0x000000002000008c        0x4 c:/st/stm32cubeide_1.3.0/stm32cubeide/plugins/com.st.stm32cube.ide.mcu.externaltools.gnu-tools-for-stm32.7-2018-q2-update.win32_1.0.0.201904181610/tools/bin/../lib/gcc/arm-none-eabi/7.3.1/../../../../arm-none-eabi/lib/thumb/v7e-m\libstdc++_nano.a(new_handler.o)
 .bss.__malloc_free_list
                0x0000000020000090        0x4 c:/st/stm32cubeide_1.3.0/stm32cubeide/plugins/com.st.stm32cube.ide.mcu.externaltools.gnu-tools-for-stm32.7-2018-q2-update.win32_1.0.0.201904181610/tools/bin/../lib/gcc/arm-none-eabi/7.3.1/../../../../arm-none-eabi/lib/thumb/v7e-m\libc_nano.a(lib_a-nano-mallocr.o)
                0x0000000020000090                __malloc_free_list
 .bss.__malloc_sbrk_start
                0x0000000020000094        0x4 c:/st/stm32cubeide_1.3.0/stm32cubeide/plugins/com.st.stm32cube.ide.mcu.externaltools.gnu-tools-for-stm32.7-2018-q2-update.win32_1.0.0.201904181610/tools/bin/../lib/gcc/arm-none-eabi/7.3.1/../../../../arm-none-eabi/lib/thumb/v7e-m\libc_nano.a(lib_a-nano-mallocr.o)
                0x0000000020000094                __malloc_sbrk_start
 *(COMMON)
 COMMON         0x0000000020000098        0x4 c:/st/stm32cubeide_1.3.0/stm32cubeide/plugins/com.st.stm32cube.ide.mcu.externaltools.gnu-tools-for-stm32.7-2018-q2-update.win32_1.0.0.201904181610/tools/bin/../lib/gcc/arm-none-eabi/7.3.1/../../../../arm-none-eabi/lib/thumb/v7e-m\libc_nano.a(lib_a-reent.o)
                0x0000000020000098                errno
                0x000000002000009c                . = ALIGN (0x4)
                0x000000002000009c                _ebss = .
                0x000000002000009c                __bss_end__ = _ebss

._user_heap_stack
                0x000000002000009c      0x604 load address 0x0000000008002058
                0x00000000200000a0                . = ALIGN (0x8)
 *fill*         0x000000002000009c        0x4 
                0x00000000200000a0                PROVIDE (end = .)
                [!provide]                        PROVIDE (_end = .)
                0x00000000200002a0                . = (. + _Min_Heap_Size)
 *fill*         0x00000000200000a0      0x200 
                0x00000000200006a0                . = (. + _Min_Stack_Size)
 *fill*         0x00000000200002a0      0x400 
                0x00000000200006a0                . = ALIGN (0x8)

/DISCARD/
 libc.a(*)
 libm.a(*)
 libgcc.a(*)

.ARM.attributes
                0x0000000000000000       0x2a
 *(.ARM.attributes)
 .ARM.attributes
                0x0000000000000000       0x1e c:/st/stm32cubeide_1.3.0/stm32cubeide/plugins/com.st.stm32cube.ide.mcu.externaltools.gnu-tools-for-stm32.7-2018-q2-update.win32_1.0.0.201904181610/tools/bin/../lib/gcc/arm-none-eabi/7.3.1/thumb/v7e-m/crti.o
 .ARM.attributes
                0x000000000000001e       0x2e c:/st/stm32cubeide_1.3.0/stm32cubeide/plugins/com.st.stm32cube.ide.mcu.externaltools.gnu-tools-for-stm32.7-2018-q2-update.win32_1.0.0.201904181610/tools/bin/../lib/gcc/arm-none-eabi/7.3.1/thumb/v7e-m/crtbegin.o
 .ARM.attributes
                0x000000000000004c       0x33 Src/spi_readSensordata.o
 .ARM.attributes
                0x000000000000007f       0x33 Src/syscalls.o
 .ARM.attributes
                0x00000000000000b2       0x33 Src/sysmem.o
 .ARM.attributes
                0x00000000000000e5       0x33 Src/temp.o
 .ARM.attributes
                0x0000000000000118       0x21 Startup/startup_stm32f446retx.o
 .ARM.attributes
                0x0000000000000139       0x33 driver/src/stm32f446re_gpio_driver.o
 .ARM.attributes
                0x000000000000016c       0x33 driver/src/stm32f446re_spi_driver.o
 .ARM.attributes
                0x000000000000019f       0x2e c:/st/stm32cubeide_1.3.0/stm32cubeide/plugins/com.st.stm32cube.ide.mcu.externaltools.gnu-tools-for-stm32.7-2018-q2-update.win32_1.0.0.201904181610/tools/bin/../lib/gcc/arm-none-eabi/7.3.1/../../../../arm-none-eabi/lib/thumb/v7e-m\libstdc++_nano.a(del_ops.o)
 .ARM.attributes
                0x00000000000001cd       0x2e c:/st/stm32cubeide_1.3.0/stm32cubeide/plugins/com.st.stm32cube.ide.mcu.externaltools.gnu-tools-for-stm32.7-2018-q2-update.win32_1.0.0.201904181610/tools/bin/../lib/gcc/arm-none-eabi/7.3.1/../../../../arm-none-eabi/lib/thumb/v7e-m\libstdc++_nano.a(new_op.o)
 .ARM.attributes
                0x00000000000001fb       0x2e c:/st/stm32cubeide_1.3.0/stm32cubeide/plugins/com.st.stm32cube.ide.mcu.externaltools.gnu-tools-for-stm32.7-2018-q2-update.win32_1.0.0.201904181610/tools/bin/../lib/gcc/arm-none-eabi/7.3.1/../../../../arm-none-eabi/lib/thumb/v7e-m\libstdc++_nano.a(new_handler.o)
 .ARM.attributes
                0x0000000000000229       0x2e c:/st/stm32cubeide_1.3.0/stm32cubeide/plugins/com.st.stm32cube.ide.mcu.externaltools.gnu-tools-for-stm32.7-2018-q2-update.win32_1.0.0.201904181610/tools/bin/../lib/gcc/arm-none-eabi/7.3.1/../../../../arm-none-eabi/lib/thumb/v7e-m\libstdc++_nano.a(del_op.o)
 .ARM.attributes
                0x0000000000000257       0x2e c:/st/stm32cubeide_1.3.0/stm32cubeide/plugins/com.st.stm32cube.ide.mcu.externaltools.gnu-tools-for-stm32.7-2018-q2-update.win32_1.0.0.201904181610/tools/bin/../lib/gcc/arm-none-eabi/7.3.1/../../../../arm-none-eabi/lib/thumb/v7e-m\libc_nano.a(lib_a-abort.o)
 .ARM.attributes
                0x0000000000000285       0x2e c:/st/stm32cubeide_1.3.0/stm32cubeide/plugins/com.st.stm32cube.ide.mcu.externaltools.gnu-tools-for-stm32.7-2018-q2-update.win32_1.0.0.201904181610/tools/bin/../lib/gcc/arm-none-eabi/7.3.1/../../../../arm-none-eabi/lib/thumb/v7e-m\libc_nano.a(lib_a-errno.o)
 .ARM.attributes
                0x00000000000002b3       0x2e c:/st/stm32cubeide_1.3.0/stm32cubeide/plugins/com.st.stm32cube.ide.mcu.externaltools.gnu-tools-for-stm32.7-2018-q2-update.win32_1.0.0.201904181610/tools/bin/../lib/gcc/arm-none-eabi/7.3.1/../../../../arm-none-eabi/lib/thumb/v7e-m\libc_nano.a(lib_a-impure.o)
 .ARM.attributes
                0x00000000000002e1       0x2e c:/st/stm32cubeide_1.3.0/stm32cubeide/plugins/com.st.stm32cube.ide.mcu.externaltools.gnu-tools-for-stm32.7-2018-q2-update.win32_1.0.0.201904181610/tools/bin/../lib/gcc/arm-none-eabi/7.3.1/../../../../arm-none-eabi/lib/thumb/v7e-m\libc_nano.a(lib_a-init.o)
 .ARM.attributes
                0x000000000000030f       0x2e c:/st/stm32cubeide_1.3.0/stm32cubeide/plugins/com.st.stm32cube.ide.mcu.externaltools.gnu-tools-for-stm32.7-2018-q2-update.win32_1.0.0.201904181610/tools/bin/../lib/gcc/arm-none-eabi/7.3.1/../../../../arm-none-eabi/lib/thumb/v7e-m\libc_nano.a(lib_a-malloc.o)
 .ARM.attributes
                0x000000000000033d       0x2e c:/st/stm32cubeide_1.3.0/stm32cubeide/plugins/com.st.stm32cube.ide.mcu.externaltools.gnu-tools-for-stm32.7-2018-q2-update.win32_1.0.0.201904181610/tools/bin/../lib/gcc/arm-none-eabi/7.3.1/../../../../arm-none-eabi/lib/thumb/v7e-m\libc_nano.a(lib_a-memset.o)
 .ARM.attributes
                0x000000000000036b       0x2e c:/st/stm32cubeide_1.3.0/stm32cubeide/plugins/com.st.stm32cube.ide.mcu.externaltools.gnu-tools-for-stm32.7-2018-q2-update.win32_1.0.0.201904181610/tools/bin/../lib/gcc/arm-none-eabi/7.3.1/../../../../arm-none-eabi/lib/thumb/v7e-m\libc_nano.a(lib_a-nano-freer.o)
 .ARM.attributes
                0x0000000000000399       0x2e c:/st/stm32cubeide_1.3.0/stm32cubeide/plugins/com.st.stm32cube.ide.mcu.externaltools.gnu-tools-for-stm32.7-2018-q2-update.win32_1.0.0.201904181610/tools/bin/../lib/gcc/arm-none-eabi/7.3.1/../../../../arm-none-eabi/lib/thumb/v7e-m\libc_nano.a(lib_a-nano-mallocr.o)
 .ARM.attributes
                0x00000000000003c7       0x2e c:/st/stm32cubeide_1.3.0/stm32cubeide/plugins/com.st.stm32cube.ide.mcu.externaltools.gnu-tools-for-stm32.7-2018-q2-update.win32_1.0.0.201904181610/tools/bin/../lib/gcc/arm-none-eabi/7.3.1/../../../../arm-none-eabi/lib/thumb/v7e-m\libc_nano.a(lib_a-sbrkr.o)
 .ARM.attributes
                0x00000000000003f5       0x2e c:/st/stm32cubeide_1.3.0/stm32cubeide/plugins/com.st.stm32cube.ide.mcu.externaltools.gnu-tools-for-stm32.7-2018-q2-update.win32_1.0.0.201904181610/tools/bin/../lib/gcc/arm-none-eabi/7.3.1/../../../../arm-none-eabi/lib/thumb/v7e-m\libc_nano.a(lib_a-signal.o)
 .ARM.attributes
                0x0000000000000423       0x2e c:/st/stm32cubeide_1.3.0/stm32cubeide/plugins/com.st.stm32cube.ide.mcu.externaltools.gnu-tools-for-stm32.7-2018-q2-update.win32_1.0.0.201904181610/tools/bin/../lib/gcc/arm-none-eabi/7.3.1/../../../../arm-none-eabi/lib/thumb/v7e-m\libc_nano.a(lib_a-signalr.o)
 .ARM.attributes
                0x0000000000000451       0x2e c:/st/stm32cubeide_1.3.0/stm32cubeide/plugins/com.st.stm32cube.ide.mcu.externaltools.gnu-tools-for-stm32.7-2018-q2-update.win32_1.0.0.201904181610/tools/bin/../lib/gcc/arm-none-eabi/7.3.1/../../../../arm-none-eabi/lib/thumb/v7e-m\libc_nano.a(lib_a-mlock.o)
 .ARM.attributes
                0x000000000000047f       0x2e c:/st/stm32cubeide_1.3.0/stm32cubeide/plugins/com.st.stm32cube.ide.mcu.externaltools.gnu-tools-for-stm32.7-2018-q2-update.win32_1.0.0.201904181610/tools/bin/../lib/gcc/arm-none-eabi/7.3.1/../../../../arm-none-eabi/lib/thumb/v7e-m\libc_nano.a(lib_a-reent.o)
 .ARM.attributes
                0x00000000000004ad       0x1e c:/st/stm32cubeide_1.3.0/stm32cubeide/plugins/com.st.stm32cube.ide.mcu.externaltools.gnu-tools-for-stm32.7-2018-q2-update.win32_1.0.0.201904181610/tools/bin/../lib/gcc/arm-none-eabi/7.3.1/thumb/v7e-m/crtn.o
OUTPUT(004_SPI_driver_CPP.elf elf32-littlearm)

.debug_info     0x0000000000000000     0xdda9
 .debug_info    0x0000000000000000     0x3c6d Src/spi_readSensordata.o
 .debug_info    0x0000000000003c6d      0xebd Src/syscalls.o
 .debug_info    0x0000000000004b2a      0x91c Src/sysmem.o
 .debug_info    0x0000000000005446     0x10e1 Src/temp.o
 .debug_info    0x0000000000006527       0x22 Startup/startup_stm32f446retx.o
 .debug_info    0x0000000000006549     0x2f6a driver/src/stm32f446re_gpio_driver.o
 .debug_info    0x00000000000094b3     0x48f6 driver/src/stm32f446re_spi_driver.o

.debug_abbrev   0x0000000000000000     0x1b58
 .debug_abbrev  0x0000000000000000      0x703 Src/spi_readSensordata.o
 .debug_abbrev  0x0000000000000703      0x261 Src/syscalls.o
 .debug_abbrev  0x0000000000000964      0x1bb Src/sysmem.o
 .debug_abbrev  0x0000000000000b1f      0x1aa Src/temp.o
 .debug_abbrev  0x0000000000000cc9       0x12 Startup/startup_stm32f446retx.o
 .debug_abbrev  0x0000000000000cdb      0x60c driver/src/stm32f446re_gpio_driver.o
 .debug_abbrev  0x00000000000012e7      0x871 driver/src/stm32f446re_spi_driver.o

.debug_aranges  0x0000000000000000      0x488
 .debug_aranges
                0x0000000000000000       0x40 Src/spi_readSensordata.o
 .debug_aranges
                0x0000000000000040       0xa8 Src/syscalls.o
 .debug_aranges
                0x00000000000000e8       0x20 Src/sysmem.o
 .debug_aranges
                0x0000000000000108      0x120 Src/temp.o
 .debug_aranges
                0x0000000000000228       0x28 Startup/startup_stm32f446retx.o
 .debug_aranges
                0x0000000000000250       0x98 driver/src/stm32f446re_gpio_driver.o
 .debug_aranges
                0x00000000000002e8      0x1a0 driver/src/stm32f446re_spi_driver.o

.debug_ranges   0x0000000000000000      0x420
 .debug_ranges  0x0000000000000000       0x30 Src/spi_readSensordata.o
 .debug_ranges  0x0000000000000030       0x98 Src/syscalls.o
 .debug_ranges  0x00000000000000c8       0x10 Src/sysmem.o
 .debug_ranges  0x00000000000000d8      0x110 Src/temp.o
 .debug_ranges  0x00000000000001e8       0x20 Startup/startup_stm32f446retx.o
 .debug_ranges  0x0000000000000208       0x88 driver/src/stm32f446re_gpio_driver.o
 .debug_ranges  0x0000000000000290      0x190 driver/src/stm32f446re_spi_driver.o

.debug_macro    0x0000000000000000     0x63c7
 .debug_macro   0x0000000000000000      0x67b Src/spi_readSensordata.o
 .debug_macro   0x000000000000067b      0xb38 Src/spi_readSensordata.o
 .debug_macro   0x00000000000011b3      0x17b Src/spi_readSensordata.o
 .debug_macro   0x000000000000132e       0x1c Src/spi_readSensordata.o
 .debug_macro   0x000000000000134a       0x22 Src/spi_readSensordata.o
 .debug_macro   0x000000000000136c       0x8e Src/spi_readSensordata.o
 .debug_macro   0x00000000000013fa       0x51 Src/spi_readSensordata.o
 .debug_macro   0x000000000000144b       0xef Src/spi_readSensordata.o
 .debug_macro   0x000000000000153a       0x6a Src/spi_readSensordata.o
 .debug_macro   0x00000000000015a4      0x1df Src/spi_readSensordata.o
 .debug_macro   0x0000000000001783      0x335 Src/spi_readSensordata.o
 .debug_macro   0x0000000000001ab8      0x168 Src/spi_readSensordata.o
 .debug_macro   0x0000000000001c20       0x10 Src/spi_readSensordata.o
 .debug_macro   0x0000000000001c30      0x3f4 Src/spi_readSensordata.o
 .debug_macro   0x0000000000002024       0x1c Src/spi_readSensordata.o
 .debug_macro   0x0000000000002040       0x18 Src/spi_readSensordata.o
 .debug_macro   0x0000000000002058       0x6e Src/spi_readSensordata.o
 .debug_macro   0x00000000000020c6       0x28 Src/spi_readSensordata.o
 .debug_macro   0x00000000000020ee       0x41 Src/spi_readSensordata.o
 .debug_macro   0x000000000000212f       0x12 Src/spi_readSensordata.o
 .debug_macro   0x0000000000002141       0x2e Src/spi_readSensordata.o
 .debug_macro   0x000000000000216f       0x19 Src/spi_readSensordata.o
 .debug_macro   0x0000000000002188       0x76 Src/spi_readSensordata.o
 .debug_macro   0x00000000000021fe       0x19 Src/spi_readSensordata.o
 .debug_macro   0x0000000000002217       0x10 Src/spi_readSensordata.o
 .debug_macro   0x0000000000002227       0x17 Src/spi_readSensordata.o
 .debug_macro   0x000000000000223e       0x10 Src/spi_readSensordata.o
 .debug_macro   0x000000000000224e       0x46 Src/spi_readSensordata.o
 .debug_macro   0x0000000000002294       0x18 Src/spi_readSensordata.o
 .debug_macro   0x00000000000022ac       0x3c Src/spi_readSensordata.o
 .debug_macro   0x00000000000022e8       0x34 Src/spi_readSensordata.o
 .debug_macro   0x000000000000231c       0x52 Src/spi_readSensordata.o
 .debug_macro   0x000000000000236e       0x1f Src/spi_readSensordata.o
 .debug_macro   0x000000000000238d       0x43 Src/spi_readSensordata.o
 .debug_macro   0x00000000000023d0       0x20 Src/spi_readSensordata.o
 .debug_macro   0x00000000000023f0      0x1a3 Src/spi_readSensordata.o
 .debug_macro   0x0000000000002593       0x1c Src/spi_readSensordata.o
 .debug_macro   0x00000000000025af       0x3c Src/spi_readSensordata.o
 .debug_macro   0x00000000000025eb      0x353 Src/spi_readSensordata.o
 .debug_macro   0x000000000000293e       0x10 Src/spi_readSensordata.o
 .debug_macro   0x000000000000294e       0x10 Src/spi_readSensordata.o
 .debug_macro   0x000000000000295e       0x33 Src/spi_readSensordata.o
 .debug_macro   0x0000000000002991      0x173 Src/spi_readSensordata.o
 .debug_macro   0x0000000000002b04       0x11 Src/spi_readSensordata.o
 .debug_macro   0x0000000000002b15       0x2f Src/spi_readSensordata.o
 .debug_macro   0x0000000000002b44       0x16 Src/spi_readSensordata.o
 .debug_macro   0x0000000000002b5a       0x11 Src/spi_readSensordata.o
 .debug_macro   0x0000000000002b6b       0x20 Src/spi_readSensordata.o
 .debug_macro   0x0000000000002b8b       0x35 Src/spi_readSensordata.o
 .debug_macro   0x0000000000002bc0       0x5e Src/spi_readSensordata.o
 .debug_macro   0x0000000000002c1e       0x16 Src/spi_readSensordata.o
 .debug_macro   0x0000000000002c34       0x4c Src/spi_readSensordata.o
 .debug_macro   0x0000000000002c80       0x5e Src/spi_readSensordata.o
 .debug_macro   0x0000000000002cde       0x10 Src/spi_readSensordata.o
 .debug_macro   0x0000000000002cee       0x16 Src/spi_readSensordata.o
 .debug_macro   0x0000000000002d04       0x16 Src/spi_readSensordata.o
 .debug_macro   0x0000000000002d1a       0x29 Src/spi_readSensordata.o
 .debug_macro   0x0000000000002d43       0x1c Src/spi_readSensordata.o
 .debug_macro   0x0000000000002d5f       0xde Src/spi_readSensordata.o
 .debug_macro   0x0000000000002e3d       0x1c Src/spi_readSensordata.o
 .debug_macro   0x0000000000002e59       0x10 Src/spi_readSensordata.o
 .debug_macro   0x0000000000002e69       0x1c Src/spi_readSensordata.o
 .debug_macro   0x0000000000002e85       0x52 Src/spi_readSensordata.o
 .debug_macro   0x0000000000002ed7       0x40 Src/spi_readSensordata.o
 .debug_macro   0x0000000000002f17       0x10 Src/spi_readSensordata.o
 .debug_macro   0x0000000000002f27       0x40 Src/spi_readSensordata.o
 .debug_macro   0x0000000000002f67       0xd7 Src/spi_readSensordata.o
 .debug_macro   0x000000000000303e       0x1c Src/spi_readSensordata.o
 .debug_macro   0x000000000000305a       0x3d Src/spi_readSensordata.o
 .debug_macro   0x0000000000003097       0x16 Src/spi_readSensordata.o
 .debug_macro   0x00000000000030ad      0x130 Src/spi_readSensordata.o
 .debug_macro   0x00000000000031dd      0x11d Src/spi_readSensordata.o
 .debug_macro   0x00000000000032fa       0x10 Src/spi_readSensordata.o
 .debug_macro   0x000000000000330a      0x241 Src/spi_readSensordata.o
 .debug_macro   0x000000000000354b       0x17 Src/spi_readSensordata.o
 .debug_macro   0x0000000000003562       0x46 Src/spi_readSensordata.o
 .debug_macro   0x00000000000035a8       0x11 Src/spi_readSensordata.o
 .debug_macro   0x00000000000035b9       0xb8 Src/spi_readSensordata.o
 .debug_macro   0x0000000000003671       0xca Src/spi_readSensordata.o
 .debug_macro   0x000000000000373b      0x245 Src/spi_readSensordata.o
 .debug_macro   0x0000000000003980      0x243 Src/syscalls.o
 .debug_macro   0x0000000000003bc3      0xa66 Src/syscalls.o
 .debug_macro   0x0000000000004629       0x40 Src/syscalls.o
 .debug_macro   0x0000000000004669       0x94 Src/syscalls.o
 .debug_macro   0x00000000000046fd       0x34 Src/syscalls.o
 .debug_macro   0x0000000000004731       0x57 Src/syscalls.o
 .debug_macro   0x0000000000004788      0x174 Src/syscalls.o
 .debug_macro   0x00000000000048fc      0x330 Src/syscalls.o
 .debug_macro   0x0000000000004c2c       0x43 Src/syscalls.o
 .debug_macro   0x0000000000004c6f       0x10 Src/syscalls.o
 .debug_macro   0x0000000000004c7f       0x35 Src/syscalls.o
 .debug_macro   0x0000000000004cb4       0x10 Src/syscalls.o
 .debug_macro   0x0000000000004cc4       0x10 Src/syscalls.o
 .debug_macro   0x0000000000004cd4       0x35 Src/syscalls.o
 .debug_macro   0x0000000000004d09      0x122 Src/syscalls.o
 .debug_macro   0x0000000000004e2b       0x10 Src/syscalls.o
 .debug_macro   0x0000000000004e3b      0x145 Src/syscalls.o
 .debug_macro   0x0000000000004f80      0x189 Src/syscalls.o
 .debug_macro   0x0000000000005109       0x16 Src/syscalls.o
 .debug_macro   0x000000000000511f       0x88 Src/syscalls.o
 .debug_macro   0x00000000000051a7      0x1ae Src/sysmem.o
 .debug_macro   0x0000000000005355      0x23b Src/sysmem.o
 .debug_macro   0x0000000000005590       0x16 Src/sysmem.o
 .debug_macro   0x00000000000055a6       0x91 Src/temp.o
 .debug_macro   0x0000000000005637      0x666 driver/src/stm32f446re_gpio_driver.o
 .debug_macro   0x0000000000005c9d       0xc4 driver/src/stm32f446re_gpio_driver.o
 .debug_macro   0x0000000000005d61      0x666 driver/src/stm32f446re_spi_driver.o

.debug_line     0x0000000000000000     0x5109
 .debug_line    0x0000000000000000     0x1207 Src/spi_readSensordata.o
 .debug_line    0x0000000000001207      0x775 Src/syscalls.o
 .debug_line    0x000000000000197c      0x595 Src/sysmem.o
 .debug_line    0x0000000000001f11      0x7c3 Src/temp.o
 .debug_line    0x00000000000026d4       0x84 Startup/startup_stm32f446retx.o
 .debug_line    0x0000000000002758     0x13f1 driver/src/stm32f446re_gpio_driver.o
 .debug_line    0x0000000000003b49     0x15c0 driver/src/stm32f446re_spi_driver.o

.debug_str      0x0000000000000000    0x12e96
 .debug_str     0x0000000000000000    0x10f0d Src/spi_readSensordata.o
                                      0x1157c (size before relaxing)
 .debug_str     0x0000000000010f0d      0xf60 Src/syscalls.o
                                       0x8897 (size before relaxing)
 .debug_str     0x0000000000011e6d       0x31 Src/sysmem.o
                                       0x7af0 (size before relaxing)
 .debug_str     0x0000000000011e9e      0x4e2 Src/temp.o
                                       0x5254 (size before relaxing)
 .debug_str     0x0000000000012380       0x31 Startup/startup_stm32f446retx.o
                                         0x7d (size before relaxing)
 .debug_str     0x00000000000123b1      0x2c3 driver/src/stm32f446re_gpio_driver.o
                                       0xeeab (size before relaxing)
 .debug_str     0x0000000000012674      0x822 driver/src/stm32f446re_spi_driver.o
                                      0x1110f (size before relaxing)

.comment        0x0000000000000000       0x7b
 .comment       0x0000000000000000       0x7b Src/spi_readSensordata.o
                                         0x7c (size before relaxing)
 .comment       0x000000000000007b       0x7c Src/syscalls.o
 .comment       0x000000000000007b       0x7c Src/sysmem.o
 .comment       0x000000000000007b       0x7c Src/temp.o
 .comment       0x000000000000007b       0x7c driver/src/stm32f446re_gpio_driver.o
 .comment       0x000000000000007b       0x7c driver/src/stm32f446re_spi_driver.o

.debug_frame    0x0000000000000000     0x15fc
 .debug_frame   0x0000000000000000       0xc4 Src/spi_readSensordata.o
 .debug_frame   0x00000000000000c4      0x2ac Src/syscalls.o
 .debug_frame   0x0000000000000370       0x34 Src/sysmem.o
 .debug_frame   0x00000000000003a4      0x504 Src/temp.o
 .debug_frame   0x00000000000008a8      0x288 driver/src/stm32f446re_gpio_driver.o
 .debug_frame   0x0000000000000b30      0x74c driver/src/stm32f446re_spi_driver.o
 .debug_frame   0x000000000000127c       0x20 c:/st/stm32cubeide_1.3.0/stm32cubeide/plugins/com.st.stm32cube.ide.mcu.externaltools.gnu-tools-for-stm32.7-2018-q2-update.win32_1.0.0.201904181610/tools/bin/../lib/gcc/arm-none-eabi/7.3.1/../../../../arm-none-eabi/lib/thumb/v7e-m\libstdc++_nano.a(del_ops.o)
 .debug_frame   0x000000000000129c       0x28 c:/st/stm32cubeide_1.3.0/stm32cubeide/plugins/com.st.stm32cube.ide.mcu.externaltools.gnu-tools-for-stm32.7-2018-q2-update.win32_1.0.0.201904181610/tools/bin/../lib/gcc/arm-none-eabi/7.3.1/../../../../arm-none-eabi/lib/thumb/v7e-m\libstdc++_nano.a(new_op.o)
 .debug_frame   0x00000000000012c4       0x30 c:/st/stm32cubeide_1.3.0/stm32cubeide/plugins/com.st.stm32cube.ide.mcu.externaltools.gnu-tools-for-stm32.7-2018-q2-update.win32_1.0.0.201904181610/tools/bin/../lib/gcc/arm-none-eabi/7.3.1/../../../../arm-none-eabi/lib/thumb/v7e-m\libstdc++_nano.a(new_handler.o)
 .debug_frame   0x00000000000012f4       0x20 c:/st/stm32cubeide_1.3.0/stm32cubeide/plugins/com.st.stm32cube.ide.mcu.externaltools.gnu-tools-for-stm32.7-2018-q2-update.win32_1.0.0.201904181610/tools/bin/../lib/gcc/arm-none-eabi/7.3.1/../../../../arm-none-eabi/lib/thumb/v7e-m\libstdc++_nano.a(del_op.o)
 .debug_frame   0x0000000000001314       0x28 c:/st/stm32cubeide_1.3.0/stm32cubeide/plugins/com.st.stm32cube.ide.mcu.externaltools.gnu-tools-for-stm32.7-2018-q2-update.win32_1.0.0.201904181610/tools/bin/../lib/gcc/arm-none-eabi/7.3.1/../../../../arm-none-eabi/lib/thumb/v7e-m\libc_nano.a(lib_a-abort.o)
 .debug_frame   0x000000000000133c       0x20 c:/st/stm32cubeide_1.3.0/stm32cubeide/plugins/com.st.stm32cube.ide.mcu.externaltools.gnu-tools-for-stm32.7-2018-q2-update.win32_1.0.0.201904181610/tools/bin/../lib/gcc/arm-none-eabi/7.3.1/../../../../arm-none-eabi/lib/thumb/v7e-m\libc_nano.a(lib_a-errno.o)
 .debug_frame   0x000000000000135c       0x2c c:/st/stm32cubeide_1.3.0/stm32cubeide/plugins/com.st.stm32cube.ide.mcu.externaltools.gnu-tools-for-stm32.7-2018-q2-update.win32_1.0.0.201904181610/tools/bin/../lib/gcc/arm-none-eabi/7.3.1/../../../../arm-none-eabi/lib/thumb/v7e-m\libc_nano.a(lib_a-init.o)
 .debug_frame   0x0000000000001388       0x30 c:/st/stm32cubeide_1.3.0/stm32cubeide/plugins/com.st.stm32cube.ide.mcu.externaltools.gnu-tools-for-stm32.7-2018-q2-update.win32_1.0.0.201904181610/tools/bin/../lib/gcc/arm-none-eabi/7.3.1/../../../../arm-none-eabi/lib/thumb/v7e-m\libc_nano.a(lib_a-malloc.o)
 .debug_frame   0x00000000000013b8       0x20 c:/st/stm32cubeide_1.3.0/stm32cubeide/plugins/com.st.stm32cube.ide.mcu.externaltools.gnu-tools-for-stm32.7-2018-q2-update.win32_1.0.0.201904181610/tools/bin/../lib/gcc/arm-none-eabi/7.3.1/../../../../arm-none-eabi/lib/thumb/v7e-m\libc_nano.a(lib_a-memset.o)
 .debug_frame   0x00000000000013d8       0x38 c:/st/stm32cubeide_1.3.0/stm32cubeide/plugins/com.st.stm32cube.ide.mcu.externaltools.gnu-tools-for-stm32.7-2018-q2-update.win32_1.0.0.201904181610/tools/bin/../lib/gcc/arm-none-eabi/7.3.1/../../../../arm-none-eabi/lib/thumb/v7e-m\libc_nano.a(lib_a-nano-freer.o)
 .debug_frame   0x0000000000001410       0x2c c:/st/stm32cubeide_1.3.0/stm32cubeide/plugins/com.st.stm32cube.ide.mcu.externaltools.gnu-tools-for-stm32.7-2018-q2-update.win32_1.0.0.201904181610/tools/bin/../lib/gcc/arm-none-eabi/7.3.1/../../../../arm-none-eabi/lib/thumb/v7e-m\libc_nano.a(lib_a-nano-mallocr.o)
 .debug_frame   0x000000000000143c       0x2c c:/st/stm32cubeide_1.3.0/stm32cubeide/plugins/com.st.stm32cube.ide.mcu.externaltools.gnu-tools-for-stm32.7-2018-q2-update.win32_1.0.0.201904181610/tools/bin/../lib/gcc/arm-none-eabi/7.3.1/../../../../arm-none-eabi/lib/thumb/v7e-m\libc_nano.a(lib_a-sbrkr.o)
 .debug_frame   0x0000000000001468       0xcc c:/st/stm32cubeide_1.3.0/stm32cubeide/plugins/com.st.stm32cube.ide.mcu.externaltools.gnu-tools-for-stm32.7-2018-q2-update.win32_1.0.0.201904181610/tools/bin/../lib/gcc/arm-none-eabi/7.3.1/../../../../arm-none-eabi/lib/thumb/v7e-m\libc_nano.a(lib_a-signal.o)
 .debug_frame   0x0000000000001534       0x3c c:/st/stm32cubeide_1.3.0/stm32cubeide/plugins/com.st.stm32cube.ide.mcu.externaltools.gnu-tools-for-stm32.7-2018-q2-update.win32_1.0.0.201904181610/tools/bin/../lib/gcc/arm-none-eabi/7.3.1/../../../../arm-none-eabi/lib/thumb/v7e-m\libc_nano.a(lib_a-signalr.o)
 .debug_frame   0x0000000000001570       0x30 c:/st/stm32cubeide_1.3.0/stm32cubeide/plugins/com.st.stm32cube.ide.mcu.externaltools.gnu-tools-for-stm32.7-2018-q2-update.win32_1.0.0.201904181610/tools/bin/../lib/gcc/arm-none-eabi/7.3.1/../../../../arm-none-eabi/lib/thumb/v7e-m\libc_nano.a(lib_a-mlock.o)
 .debug_frame   0x00000000000015a0       0x5c c:/st/stm32cubeide_1.3.0/stm32cubeide/plugins/com.st.stm32cube.ide.mcu.externaltools.gnu-tools-for-stm32.7-2018-q2-update.win32_1.0.0.201904181610/tools/bin/../lib/gcc/arm-none-eabi/7.3.1/../../../../arm-none-eabi/lib/thumb/v7e-m\libc_nano.a(lib_a-reent.o)
