bme280.c:82:29:bme280_init	32	static
bme280.c:135:29:bme280_read_uncomp_temperature	32	static
bme280.c:179:5:bme280_compensate_temperature_int32	32	static
bme280.c:222:5:bme280_compensate_temperature_int32_sixteen_bit_output	24	static
bme280.c:254:29:bme280_read_uncomp_pressure	32	static
bme280.c:299:5:bme280_compensate_pressure_int32	32	static
bme280.c:389:29:bme280_read_uncomp_humidity	32	static
bme280.c:429:5:bme280_compensate_humidity_int32	24	static
bme280.c:474:5:bme280_compensate_humidity_int32_sixteen_bit_output	24	static
bme280.c:503:29:bme280_read_uncomp_pressure_temperature_humidity	48	static
bme280.c:583:29:bme280_read_pressure_temperature_humidity	40	static
bme280.c:643:29:bme280_get_calib_param	48	static
bme280.c:783:29:bme280_get_oversamp_temperature	32	static
bme280.c:829:29:bme280_set_oversamp_temperature	32	static
bme280.c:921:29:bme280_get_oversamp_pressure	32	static
bme280.c:968:29:bme280_set_oversamp_pressure	32	static
bme280.c:1060:29:bme280_get_oversamp_humidity	32	static
bme280.c:1121:29:bme280_set_oversamp_humidity	32	static
bme280.c:1213:29:bme280_get_power_mode	32	static
bme280.c:1250:29:bme280_set_power_mode	32	static
bme280.c:1340:29:bme280_set_soft_rst	24	static
bme280.c:1376:29:bme280_get_spi3	32	static
bme280.c:1415:29:bme280_set_spi3	32	static
bme280.c:1503:29:bme280_get_filter	32	static
bme280.c:1543:29:bme280_set_filter	32	static
bme280.c:1630:29:bme280_get_standby_durn	32	static
bme280.c:1681:29:bme280_set_standby_durn	32	static
bme280.c:1841:1:bme280_get_forced_uncomp_pressure_temperature_humidity	32	static
bme280.c:1941:29:bme280_write_register	32	static
bme280.c:1973:29:bme280_read_register	32	static
bme280.c:2003:8:bme280_compensate_temperature_double	56	static
bme280.c:2036:8:bme280_compensate_pressure_double	48	static
bme280.c:2081:8:bme280_compensate_humidity_double	48	static
bme280.c:2123:5:bme280_compensate_pressure_int64	64	static
bme280.c:2189:5:bme280_compensate_pressure_int64_twentyfour_bit_output	24	static
bme280.c:2213:29:bme280_compute_wait_time	24	static
