stm32f446re_gpio_driver.cpp:18:1:GPIO_Handler::GPIO_Handler(GPIO_RegDef_t*, uint8_t, uint8_t, uint8_t, uint8_t, uint8_t, uint8_t, uint8_t)	56	static
stm32f446re_gpio_driver.cpp:42:1:GPIO_Handler::~GPIO_Handler()	0	static
stm32f446re_gpio_driver.cpp:54:6:void GPIO_Handler::gpio_peripheral_clk_control()	0	static
stm32f446re_gpio_driver.cpp:82:6:void GPIO_Handler::gpio_init()	32	static
stm32f446re_gpio_driver.cpp:160:6:void GPIO_Handler::gpio_deinit()	0	static
stm32f446re_gpio_driver.cpp:188:4:u8 GPIO_Handler::gpio_read_from_input_pin() const	0	static
stm32f446re_gpio_driver.cpp:202:10:uint16_t GPIO_Handler::gpio_read_from_input_port() const	0	static
stm32f446re_gpio_driver.cpp:216:6:void GPIO_Handler::gpio_write_to_output_pin(u8)	4	static
stm32f446re_gpio_driver.cpp:232:6:void GPIO_Handler::gpio_write_to_output_port(uint16_t)	0	static
stm32f446re_gpio_driver.cpp:245:6:void GPIO_Handler::gpio_toggle_output_pin()	0	static
stm32f446re_gpio_driver.cpp:258:6:void GPIO_Handler::gpio_irq_config(uint8_t, uint8_t)	0	static
stm32f446re_gpio_driver.cpp:293:6:void GPIO_Handler::gpio_irq_priority_config(uint8_t, uint8_t)	0	static
stm32f446re_gpio_driver.cpp:309:6:void GPIO_Handler::gpio_irq_handling()	0	static
stm32f446re_gpio_driver.cpp:314:1:cpp)	0	static
stm32f446re_gpio_driver.cpp:314:1:cpp)	0	static
