
Memory Configuration

Name             Origin             Length             Attributes
FLASH            0x08000000         0x00080000         xr
SRAM             0x20000000         0x00020000         xrw
*default*        0x00000000         0xffffffff

Linker script and memory map

LOAD main.o
LOAD stm32f407xx_gpio_driver.o
LOAD stm32_startup.o

.text           0x08000000      0xaa0
 *(.isr_vector)
 .isr_vector    0x08000000      0x188 stm32_startup.o
                0x08000000                vectors
 *(.text)
 .text          0x08000188       0x78 main.o
                0x08000188                delay
                0x080001b4                main
 .text          0x08000200      0x814 stm32f407xx_gpio_driver.o
                0x08000200                GPIO_PeriClockControl
                0x08000308                GPIO_Init
                0x08000640                GPIO_DeInit
                0x080007ac                GPIO_ReadFromInputPin
                0x080007d6                GPIO_ReadFromInputPort
                0x080007f0                GPIO_WriteToOutputPin
                0x08000838                GPIO_WriteToOutputPort
                0x08000854                GPIO_ToggleOutputPin
                0x0800087c                GPIO_IRQInterruptConfig
                0x08000984                GPIO_IRQPriorityConfig
                0x080009d6                GPIO_IRQHandling
 .text          0x08000a14       0x8c stm32_startup.o
                0x08000a14                RTC_Alarm_IRQHandler
                0x08000a14                HASH_RNG_IRQHandler
                0x08000a14                EXTI2_IRQHandler
                0x08000a14                TIM8_CC_IRQHandler
                0x08000a14                DebugMon_Handler
                0x08000a14                TIM1_CC_IRQHandler
                0x08000a14                DMA2_Stream5_IRQHandler
                0x08000a14                HardFault_Handler
                0x08000a14                DMA1_Stream5_IRQHandler
                0x08000a14                SysTick_Handler
                0x08000a14                PVD_IRQHandler
                0x08000a14                SDIO_IRQHandler
                0x08000a14                TAMP_STAMP_IRQHandler
                0x08000a14                PendSV_Handler
                0x08000a14                NMI_Handler
                0x08000a14                CAN2_RX1_IRQHandler
                0x08000a14                EXTI3_IRQHandler
                0x08000a14                TIM8_TRG_COM_TIM14_IRQHandler
                0x08000a14                TIM1_UP_TIM10_IRQHandler
                0x08000a14                TIM8_UP_TIM13_IRQHandler
                0x08000a14                I2C3_ER_IRQHandler
                0x08000a14                EXTI0_IRQHandler
                0x08000a14                I2C2_EV_IRQHandler
                0x08000a14                DMA1_Stream2_IRQHandler
                0x08000a14                CAN1_RX0_IRQHandler
                0x08000a14                FPU_IRQHandler
                0x08000a14                OTG_HS_WKUP_IRQHandler
                0x08000a14                UsageFault_Handler
                0x08000a14                CAN2_SCE_IRQHandler
                0x08000a14                DMA2_Stream2_IRQHandler
                0x08000a14                SPI1_IRQHandler
                0x08000a14                TIM6_DAC_IRQHandler
                0x08000a14                TIM1_BRK_TIM9_IRQHandler
                0x08000a14                DCMI_IRQHandler
                0x08000a14                CAN2_RX0_IRQHandler
                0x08000a14                DMA2_Stream3_IRQHandler
                0x08000a14                USART6_IRQHandler
                0x08000a14                USART3_IRQHandler
                0x08000a14                CRYP_IRQHandler
                0x08000a14                DMA2_Stream6_IRQHandler
                0x08000a14                CAN1_RX1_IRQHandler
                0x08000a14                UART5_IRQHandler
                0x08000a14                DMA2_Stream0_IRQHandler
                0x08000a14                TIM4_IRQHandler
                0x08000a14                I2C1_EV_IRQHandler
                0x08000a14                DMA1_Stream6_IRQHandler
                0x08000a14                DMA1_Stream1_IRQHandler
                0x08000a14                UART4_IRQHandler
                0x08000a14                TIM3_IRQHandler
                0x08000a14                RCC_IRQHandler
                0x08000a14                TIM8_BRK_TIM12_IRQHandler
                0x08000a14                Default_Handler
                0x08000a14                EXTI15_10_IRQHandler
                0x08000a14                ADC_IRQHandler
                0x08000a14                DMA1_Stream7_IRQHandler
                0x08000a14                TIM7_IRQHandler
                0x08000a14                CAN2_TX_IRQHandler
                0x08000a14                TIM5_IRQHandler
                0x08000a14                DMA2_Stream7_IRQHandler
                0x08000a14                I2C3_EV_IRQHandler
                0x08000a14                EXTI9_5_IRQHandler
                0x08000a14                RTC_WKUP_IRQHandler
                0x08000a14                ETH_WKUP_IRQHandler
                0x08000a14                SPI2_IRQHandler
                0x08000a14                OTG_HS_EP1_IN_IRQHandler
                0x08000a14                MemManage_Handler
                0x08000a14                DMA1_Stream0_IRQHandler
                0x08000a14                CAN1_TX_IRQHandler
                0x08000a14                SVC_Handler
                0x08000a14                EXTI4_IRQHandler
                0x08000a14                FSMC_IRQHandler
                0x08000a14                ETH_IRQHandler
                0x08000a14                OTG_HS_EP1_OUT_IRQHandler
                0x08000a14                WWDG_IRQHandler
                0x08000a14                TIM2_IRQHandler
                0x08000a14                OTG_FS_WKUP_IRQHandler
                0x08000a14                TIM1_TRG_COM_TIM11_IRQHandler
                0x08000a14                OTG_HS_IRQHandler
                0x08000a14                EXTI1_IRQHandler
                0x08000a14                USART2_IRQHandler
                0x08000a14                I2C2_ER_IRQHandler
                0x08000a14                DMA2_Stream1_IRQHandler
                0x08000a14                CAN1_SCE_IRQHandler
                0x08000a14                DMA2_Stream4_IRQHandler
                0x08000a14                BusFault_Handler
                0x08000a14                USART1_IRQHandler
                0x08000a14                OTG_FS_IRQHandler
                0x08000a14                SPI3_IRQHandler
                0x08000a14                DMA1_Stream4_IRQHandler
                0x08000a14                I2C1_ER_IRQHandler
                0x08000a14                DMA1_Stream3_IRQHandler
                0x08000a1a                Reset_Handler
 *(.rodata)
                0x08000aa0                . = ALIGN (0x4)
                0x08000aa0                _etext = .
                0x08000aa0                _la_data = LOADADDR (.data)

.glue_7         0x08000aa0        0x0
 .glue_7        0x08000aa0        0x0 linker stubs

.glue_7t        0x08000aa0        0x0
 .glue_7t       0x08000aa0        0x0 linker stubs

.vfp11_veneer   0x08000aa0        0x0
 .vfp11_veneer  0x08000aa0        0x0 linker stubs

.v4_bx          0x08000aa0        0x0
 .v4_bx         0x08000aa0        0x0 linker stubs

.iplt           0x08000aa0        0x0
 .iplt          0x08000aa0        0x0 main.o

.rel.dyn        0x08000aa0        0x0
 .rel.iplt      0x08000aa0        0x0 main.o

.data           0x20000000        0x0 load address 0x08000aa0
                0x20000000                _sdata = .
 *(.data)
 .data          0x20000000        0x0 main.o
 .data          0x20000000        0x0 stm32f407xx_gpio_driver.o
 .data          0x20000000        0x0 stm32_startup.o
                0x20000000                . = ALIGN (0x4)
                0x20000000                _edata = .

.igot.plt       0x20000000        0x0 load address 0x08000aa0
 .igot.plt      0x20000000        0x0 main.o

.bss            0x20000000        0x0 load address 0x08000aa0
                0x20000000                _sbss = .
 *(.bss)
 .bss           0x20000000        0x0 main.o
 .bss           0x20000000        0x0 stm32f407xx_gpio_driver.o
 .bss           0x20000000        0x0 stm32_startup.o
 *(COMMON)
                0x20000000                . = ALIGN (0x4)
                0x20000000                _ebss = .
OUTPUT(final.elf elf32-littlearm)
LOAD linker stubs

.comment        0x00000000       0x4c
 .comment       0x00000000       0x4c main.o
                                 0x4d (size before relaxing)
 .comment       0x0000004c       0x4d stm32f407xx_gpio_driver.o
 .comment       0x0000004c       0x4d stm32_startup.o

.ARM.attributes
                0x00000000       0x2e
 .ARM.attributes
                0x00000000       0x2e main.o
 .ARM.attributes
                0x0000002e       0x2e stm32f407xx_gpio_driver.o
 .ARM.attributes
                0x0000005c       0x2e stm32_startup.o
