Archive member included to satisfy reference by file (symbol)

c:/program files (x86)/gnu arm embedded toolchain/9 2020-q2-update/bin/../lib/gcc/arm-none-eabi/9.3.1/../../../../arm-none-eabi/lib/thumb/v7e-m/nofp\libc_nano.a(lib_a-errno.o)
                              syscalls.o (__errno)
c:/program files (x86)/gnu arm embedded toolchain/9 2020-q2-update/bin/../lib/gcc/arm-none-eabi/9.3.1/../../../../arm-none-eabi/lib/thumb/v7e-m/nofp\libc_nano.a(lib_a-exit.o)
                              c:/program files (x86)/gnu arm embedded toolchain/9 2020-q2-update/bin/../lib/gcc/arm-none-eabi/9.3.1/../../../../arm-none-eabi/lib/thumb/v7e-m/nofp/crt0.o (exit)
c:/program files (x86)/gnu arm embedded toolchain/9 2020-q2-update/bin/../lib/gcc/arm-none-eabi/9.3.1/../../../../arm-none-eabi/lib/thumb/v7e-m/nofp\libc_nano.a(lib_a-impure.o)
                              c:/program files (x86)/gnu arm embedded toolchain/9 2020-q2-update/bin/../lib/gcc/arm-none-eabi/9.3.1/../../../../arm-none-eabi/lib/thumb/v7e-m/nofp\libc_nano.a(lib_a-exit.o) (_global_impure_ptr)
c:/program files (x86)/gnu arm embedded toolchain/9 2020-q2-update/bin/../lib/gcc/arm-none-eabi/9.3.1/../../../../arm-none-eabi/lib/thumb/v7e-m/nofp\libc_nano.a(lib_a-init.o)
                              c:/program files (x86)/gnu arm embedded toolchain/9 2020-q2-update/bin/../lib/gcc/arm-none-eabi/9.3.1/../../../../arm-none-eabi/lib/thumb/v7e-m/nofp/crt0.o (__libc_init_array)
c:/program files (x86)/gnu arm embedded toolchain/9 2020-q2-update/bin/../lib/gcc/arm-none-eabi/9.3.1/../../../../arm-none-eabi/lib/thumb/v7e-m/nofp\libc_nano.a(lib_a-memset.o)
                              c:/program files (x86)/gnu arm embedded toolchain/9 2020-q2-update/bin/../lib/gcc/arm-none-eabi/9.3.1/../../../../arm-none-eabi/lib/thumb/v7e-m/nofp/crt0.o (memset)

Memory Configuration

Name             Origin             Length             Attributes
FLASH            0x08000000         0x00080000         xr
SRAM             0x20000000         0x00020000         xrw
*default*        0x00000000         0xffffffff

Linker script and memory map

LOAD c:/program files (x86)/gnu arm embedded toolchain/9 2020-q2-update/bin/../lib/gcc/arm-none-eabi/9.3.1/thumb/v7e-m/nofp/crti.o
LOAD c:/program files (x86)/gnu arm embedded toolchain/9 2020-q2-update/bin/../lib/gcc/arm-none-eabi/9.3.1/thumb/v7e-m/nofp/crtbegin.o
LOAD c:/program files (x86)/gnu arm embedded toolchain/9 2020-q2-update/bin/../lib/gcc/arm-none-eabi/9.3.1/../../../../arm-none-eabi/lib/thumb/v7e-m/nofp/crt0.o
LOAD main.o
LOAD stm32f407xx_gpio_driver.o
LOAD stm32_startup.o
LOAD syscalls.o
START GROUP
LOAD c:/program files (x86)/gnu arm embedded toolchain/9 2020-q2-update/bin/../lib/gcc/arm-none-eabi/9.3.1/thumb/v7e-m/nofp\libgcc.a
LOAD c:/program files (x86)/gnu arm embedded toolchain/9 2020-q2-update/bin/../lib/gcc/arm-none-eabi/9.3.1/../../../../arm-none-eabi/lib/thumb/v7e-m/nofp\libc_nano.a
END GROUP
START GROUP
LOAD c:/program files (x86)/gnu arm embedded toolchain/9 2020-q2-update/bin/../lib/gcc/arm-none-eabi/9.3.1/thumb/v7e-m/nofp\libgcc.a
LOAD c:/program files (x86)/gnu arm embedded toolchain/9 2020-q2-update/bin/../lib/gcc/arm-none-eabi/9.3.1/../../../../arm-none-eabi/lib/thumb/v7e-m/nofp\libc_nano.a
END GROUP
LOAD c:/program files (x86)/gnu arm embedded toolchain/9 2020-q2-update/bin/../lib/gcc/arm-none-eabi/9.3.1/thumb/v7e-m/nofp/crtend.o
LOAD c:/program files (x86)/gnu arm embedded toolchain/9 2020-q2-update/bin/../lib/gcc/arm-none-eabi/9.3.1/thumb/v7e-m/nofp/crtn.o

.text           0x08000000      0xe64
 *(.isr_vector)
 .isr_vector    0x08000000      0x188 stm32_startup.o
                0x08000000                vectors
 *(.text)
 .text          0x08000188        0x0 c:/program files (x86)/gnu arm embedded toolchain/9 2020-q2-update/bin/../lib/gcc/arm-none-eabi/9.3.1/thumb/v7e-m/nofp/crti.o
 .text          0x08000188       0x40 c:/program files (x86)/gnu arm embedded toolchain/9 2020-q2-update/bin/../lib/gcc/arm-none-eabi/9.3.1/thumb/v7e-m/nofp/crtbegin.o
 .text          0x080001c8       0x7c c:/program files (x86)/gnu arm embedded toolchain/9 2020-q2-update/bin/../lib/gcc/arm-none-eabi/9.3.1/../../../../arm-none-eabi/lib/thumb/v7e-m/nofp/crt0.o
                0x080001c8                _stack_init
                0x080001d0                _start
                0x080001d0                _mainCRTStartup
 .text          0x08000244       0x78 main.o
                0x08000244                delay
                0x08000270                main
 .text          0x080002bc      0x814 stm32f407xx_gpio_driver.o
                0x080002bc                GPIO_PeriClockControl
                0x080003c4                GPIO_Init
                0x080006fc                GPIO_DeInit
                0x08000868                GPIO_ReadFromInputPin
                0x08000892                GPIO_ReadFromInputPort
                0x080008ac                GPIO_WriteToOutputPin
                0x080008f4                GPIO_WriteToOutputPort
                0x08000910                GPIO_ToggleOutputPin
                0x08000938                GPIO_IRQInterruptConfig
                0x08000a40                GPIO_IRQPriorityConfig
                0x08000a92                GPIO_IRQHandling
 .text          0x08000ad0       0x90 stm32_startup.o
                0x08000ad0                RTC_Alarm_IRQHandler
                0x08000ad0                HASH_RNG_IRQHandler
                0x08000ad0                EXTI2_IRQHandler
                0x08000ad0                TIM8_CC_IRQHandler
                0x08000ad0                DebugMon_Handler
                0x08000ad0                TIM1_CC_IRQHandler
                0x08000ad0                DMA2_Stream5_IRQHandler
                0x08000ad0                HardFault_Handler
                0x08000ad0                DMA1_Stream5_IRQHandler
                0x08000ad0                SysTick_Handler
                0x08000ad0                PVD_IRQHandler
                0x08000ad0                SDIO_IRQHandler
                0x08000ad0                TAMP_STAMP_IRQHandler
                0x08000ad0                PendSV_Handler
                0x08000ad0                NMI_Handler
                0x08000ad0                CAN2_RX1_IRQHandler
                0x08000ad0                EXTI3_IRQHandler
                0x08000ad0                TIM8_TRG_COM_TIM14_IRQHandler
                0x08000ad0                TIM1_UP_TIM10_IRQHandler
                0x08000ad0                TIM8_UP_TIM13_IRQHandler
                0x08000ad0                I2C3_ER_IRQHandler
                0x08000ad0                EXTI0_IRQHandler
                0x08000ad0                I2C2_EV_IRQHandler
                0x08000ad0                DMA1_Stream2_IRQHandler
                0x08000ad0                CAN1_RX0_IRQHandler
                0x08000ad0                FPU_IRQHandler
                0x08000ad0                OTG_HS_WKUP_IRQHandler
                0x08000ad0                UsageFault_Handler
                0x08000ad0                CAN2_SCE_IRQHandler
                0x08000ad0                DMA2_Stream2_IRQHandler
                0x08000ad0                SPI1_IRQHandler
                0x08000ad0                TIM6_DAC_IRQHandler
                0x08000ad0                TIM1_BRK_TIM9_IRQHandler
                0x08000ad0                DCMI_IRQHandler
                0x08000ad0                CAN2_RX0_IRQHandler
                0x08000ad0                DMA2_Stream3_IRQHandler
                0x08000ad0                USART6_IRQHandler
                0x08000ad0                USART3_IRQHandler
                0x08000ad0                CRYP_IRQHandler
                0x08000ad0                DMA2_Stream6_IRQHandler
                0x08000ad0                CAN1_RX1_IRQHandler
                0x08000ad0                UART5_IRQHandler
                0x08000ad0                DMA2_Stream0_IRQHandler
                0x08000ad0                TIM4_IRQHandler
                0x08000ad0                I2C1_EV_IRQHandler
                0x08000ad0                DMA1_Stream6_IRQHandler
                0x08000ad0                DMA1_Stream1_IRQHandler
                0x08000ad0                UART4_IRQHandler
                0x08000ad0                TIM3_IRQHandler
                0x08000ad0                RCC_IRQHandler
                0x08000ad0                TIM8_BRK_TIM12_IRQHandler
                0x08000ad0                Default_Handler
                0x08000ad0                EXTI15_10_IRQHandler
                0x08000ad0                ADC_IRQHandler
                0x08000ad0                DMA1_Stream7_IRQHandler
                0x08000ad0                TIM7_IRQHandler
                0x08000ad0                CAN2_TX_IRQHandler
                0x08000ad0                TIM5_IRQHandler
                0x08000ad0                DMA2_Stream7_IRQHandler
                0x08000ad0                I2C3_EV_IRQHandler
                0x08000ad0                EXTI9_5_IRQHandler
                0x08000ad0                RTC_WKUP_IRQHandler
                0x08000ad0                ETH_WKUP_IRQHandler
                0x08000ad0                SPI2_IRQHandler
                0x08000ad0                OTG_HS_EP1_IN_IRQHandler
                0x08000ad0                MemManage_Handler
                0x08000ad0                DMA1_Stream0_IRQHandler
                0x08000ad0                CAN1_TX_IRQHandler
                0x08000ad0                SVC_Handler
                0x08000ad0                EXTI4_IRQHandler
                0x08000ad0                FSMC_IRQHandler
                0x08000ad0                ETH_IRQHandler
                0x08000ad0                OTG_HS_EP1_OUT_IRQHandler
                0x08000ad0                WWDG_IRQHandler
                0x08000ad0                TIM2_IRQHandler
                0x08000ad0                OTG_FS_WKUP_IRQHandler
                0x08000ad0                TIM1_TRG_COM_TIM11_IRQHandler
                0x08000ad0                OTG_HS_IRQHandler
                0x08000ad0                EXTI1_IRQHandler
                0x08000ad0                USART2_IRQHandler
                0x08000ad0                I2C2_ER_IRQHandler
                0x08000ad0                DMA2_Stream1_IRQHandler
                0x08000ad0                CAN1_SCE_IRQHandler
                0x08000ad0                DMA2_Stream4_IRQHandler
                0x08000ad0                BusFault_Handler
                0x08000ad0                USART1_IRQHandler
                0x08000ad0                OTG_FS_IRQHandler
                0x08000ad0                SPI3_IRQHandler
                0x08000ad0                DMA1_Stream4_IRQHandler
                0x08000ad0                I2C1_ER_IRQHandler
                0x08000ad0                DMA1_Stream3_IRQHandler
                0x08000ad6                Reset_Handler
 .text          0x08000b60      0x25c syscalls.o
                0x08000b60                initialise_monitor_handles
                0x08000b6c                _getpid
                0x08000b7a                _kill
                0x08000b9a                _exit
                0x08000bae                _read
                0x08000be8                _write
                0x08000c20                _close
                0x08000c36                _fstat
                0x08000c54                _isatty
                0x08000c68                _lseek
                0x08000c80                _open
                0x08000c9a                _wait
                0x08000cb8                _unlink
                0x08000cd6                _times
                0x08000cec                _stat
                0x08000d0a                _link
                0x08000d2a                _fork
                0x08000d40                _execve
                0x08000d62                _sbrk
 .text          0x08000dbc        0x0 c:/program files (x86)/gnu arm embedded toolchain/9 2020-q2-update/bin/../lib/gcc/arm-none-eabi/9.3.1/../../../../arm-none-eabi/lib/thumb/v7e-m/nofp\libc_nano.a(lib_a-errno.o)
 .text          0x08000dbc        0x0 c:/program files (x86)/gnu arm embedded toolchain/9 2020-q2-update/bin/../lib/gcc/arm-none-eabi/9.3.1/../../../../arm-none-eabi/lib/thumb/v7e-m/nofp\libc_nano.a(lib_a-exit.o)
 .text          0x08000dbc        0x0 c:/program files (x86)/gnu arm embedded toolchain/9 2020-q2-update/bin/../lib/gcc/arm-none-eabi/9.3.1/../../../../arm-none-eabi/lib/thumb/v7e-m/nofp\libc_nano.a(lib_a-impure.o)
 .text          0x08000dbc        0x0 c:/program files (x86)/gnu arm embedded toolchain/9 2020-q2-update/bin/../lib/gcc/arm-none-eabi/9.3.1/../../../../arm-none-eabi/lib/thumb/v7e-m/nofp\libc_nano.a(lib_a-init.o)
 .text          0x08000dbc        0x0 c:/program files (x86)/gnu arm embedded toolchain/9 2020-q2-update/bin/../lib/gcc/arm-none-eabi/9.3.1/../../../../arm-none-eabi/lib/thumb/v7e-m/nofp\libc_nano.a(lib_a-memset.o)
 .text          0x08000dbc        0x0 c:/program files (x86)/gnu arm embedded toolchain/9 2020-q2-update/bin/../lib/gcc/arm-none-eabi/9.3.1/thumb/v7e-m/nofp/crtend.o
 .text          0x08000dbc        0x0 c:/program files (x86)/gnu arm embedded toolchain/9 2020-q2-update/bin/../lib/gcc/arm-none-eabi/9.3.1/thumb/v7e-m/nofp/crtn.o
 *(.text.*)
 .text.__errno  0x08000dbc        0xc c:/program files (x86)/gnu arm embedded toolchain/9 2020-q2-update/bin/../lib/gcc/arm-none-eabi/9.3.1/../../../../arm-none-eabi/lib/thumb/v7e-m/nofp\libc_nano.a(lib_a-errno.o)
                0x08000dbc                __errno
 .text.exit     0x08000dc8       0x28 c:/program files (x86)/gnu arm embedded toolchain/9 2020-q2-update/bin/../lib/gcc/arm-none-eabi/9.3.1/../../../../arm-none-eabi/lib/thumb/v7e-m/nofp\libc_nano.a(lib_a-exit.o)
                0x08000dc8                exit
 .text.__libc_init_array
                0x08000df0       0x48 c:/program files (x86)/gnu arm embedded toolchain/9 2020-q2-update/bin/../lib/gcc/arm-none-eabi/9.3.1/../../../../arm-none-eabi/lib/thumb/v7e-m/nofp\libc_nano.a(lib_a-init.o)
                0x08000df0                __libc_init_array
 .text.memset   0x08000e38       0x10 c:/program files (x86)/gnu arm embedded toolchain/9 2020-q2-update/bin/../lib/gcc/arm-none-eabi/9.3.1/../../../../arm-none-eabi/lib/thumb/v7e-m/nofp\libc_nano.a(lib_a-memset.o)
                0x08000e38                memset
 *(.init)
 .init          0x08000e48        0x4 c:/program files (x86)/gnu arm embedded toolchain/9 2020-q2-update/bin/../lib/gcc/arm-none-eabi/9.3.1/thumb/v7e-m/nofp/crti.o
                0x08000e48                _init
 .init          0x08000e4c        0x8 c:/program files (x86)/gnu arm embedded toolchain/9 2020-q2-update/bin/../lib/gcc/arm-none-eabi/9.3.1/thumb/v7e-m/nofp/crtn.o
 *(.fini)
 .fini          0x08000e54        0x4 c:/program files (x86)/gnu arm embedded toolchain/9 2020-q2-update/bin/../lib/gcc/arm-none-eabi/9.3.1/thumb/v7e-m/nofp/crti.o
                0x08000e54                _fini
 .fini          0x08000e58        0x8 c:/program files (x86)/gnu arm embedded toolchain/9 2020-q2-update/bin/../lib/gcc/arm-none-eabi/9.3.1/thumb/v7e-m/nofp/crtn.o
 *(.rodata)
 *(.rodata.*)
 .rodata._global_impure_ptr
                0x08000e60        0x4 c:/program files (x86)/gnu arm embedded toolchain/9 2020-q2-update/bin/../lib/gcc/arm-none-eabi/9.3.1/../../../../arm-none-eabi/lib/thumb/v7e-m/nofp\libc_nano.a(lib_a-impure.o)
                0x08000e60                _global_impure_ptr
                0x08000e64                . = ALIGN (0x4)
                0x08000e64                _etext = .
                0x08000e70                _la_data = LOADADDR (.data)

.glue_7         0x08000e64        0x0
 .glue_7        0x08000e64        0x0 linker stubs

.glue_7t        0x08000e64        0x0
 .glue_7t       0x08000e64        0x0 linker stubs

.vfp11_veneer   0x08000e64        0x0
 .vfp11_veneer  0x08000e64        0x0 linker stubs

.v4_bx          0x08000e64        0x0
 .v4_bx         0x08000e64        0x0 linker stubs

.iplt           0x08000e64        0x0
 .iplt          0x08000e64        0x0 c:/program files (x86)/gnu arm embedded toolchain/9 2020-q2-update/bin/../lib/gcc/arm-none-eabi/9.3.1/thumb/v7e-m/nofp/crtbegin.o

.eh_frame       0x08000e64        0x4
 .eh_frame      0x08000e64        0x0 c:/program files (x86)/gnu arm embedded toolchain/9 2020-q2-update/bin/../lib/gcc/arm-none-eabi/9.3.1/thumb/v7e-m/nofp/crtbegin.o
 .eh_frame      0x08000e64        0x4 c:/program files (x86)/gnu arm embedded toolchain/9 2020-q2-update/bin/../lib/gcc/arm-none-eabi/9.3.1/thumb/v7e-m/nofp/crtend.o

.ARM.extab      0x08000e68        0x0
 .ARM.extab     0x08000e68        0x0 c:/program files (x86)/gnu arm embedded toolchain/9 2020-q2-update/bin/../lib/gcc/arm-none-eabi/9.3.1/../../../../arm-none-eabi/lib/thumb/v7e-m/nofp/crt0.o

.ARM.exidx      0x08000e68        0x8
 .ARM.exidx     0x08000e68        0x8 c:/program files (x86)/gnu arm embedded toolchain/9 2020-q2-update/bin/../lib/gcc/arm-none-eabi/9.3.1/../../../../arm-none-eabi/lib/thumb/v7e-m/nofp/crt0.o
                                 0x10 (size before relaxing)

.rel.dyn        0x08000e70        0x0
 .rel.iplt      0x08000e70        0x0 c:/program files (x86)/gnu arm embedded toolchain/9 2020-q2-update/bin/../lib/gcc/arm-none-eabi/9.3.1/thumb/v7e-m/nofp/crtbegin.o

.data           0x20000000       0x6c load address 0x08000e70
                0x20000000                _sdata = .
 *(.data)
 .data          0x20000000        0x0 c:/program files (x86)/gnu arm embedded toolchain/9 2020-q2-update/bin/../lib/gcc/arm-none-eabi/9.3.1/thumb/v7e-m/nofp/crti.o
 .data          0x20000000        0x4 c:/program files (x86)/gnu arm embedded toolchain/9 2020-q2-update/bin/../lib/gcc/arm-none-eabi/9.3.1/thumb/v7e-m/nofp/crtbegin.o
                0x20000000                __dso_handle
 .data          0x20000004        0x0 c:/program files (x86)/gnu arm embedded toolchain/9 2020-q2-update/bin/../lib/gcc/arm-none-eabi/9.3.1/../../../../arm-none-eabi/lib/thumb/v7e-m/nofp/crt0.o
 .data          0x20000004        0x0 main.o
 .data          0x20000004        0x0 stm32f407xx_gpio_driver.o
 .data          0x20000004        0x0 stm32_startup.o
 .data          0x20000004        0x4 syscalls.o
                0x20000004                environ
 .data          0x20000008        0x0 c:/program files (x86)/gnu arm embedded toolchain/9 2020-q2-update/bin/../lib/gcc/arm-none-eabi/9.3.1/../../../../arm-none-eabi/lib/thumb/v7e-m/nofp\libc_nano.a(lib_a-errno.o)
 .data          0x20000008        0x0 c:/program files (x86)/gnu arm embedded toolchain/9 2020-q2-update/bin/../lib/gcc/arm-none-eabi/9.3.1/../../../../arm-none-eabi/lib/thumb/v7e-m/nofp\libc_nano.a(lib_a-exit.o)
 .data          0x20000008        0x0 c:/program files (x86)/gnu arm embedded toolchain/9 2020-q2-update/bin/../lib/gcc/arm-none-eabi/9.3.1/../../../../arm-none-eabi/lib/thumb/v7e-m/nofp\libc_nano.a(lib_a-impure.o)
 .data          0x20000008        0x0 c:/program files (x86)/gnu arm embedded toolchain/9 2020-q2-update/bin/../lib/gcc/arm-none-eabi/9.3.1/../../../../arm-none-eabi/lib/thumb/v7e-m/nofp\libc_nano.a(lib_a-init.o)
 .data          0x20000008        0x0 c:/program files (x86)/gnu arm embedded toolchain/9 2020-q2-update/bin/../lib/gcc/arm-none-eabi/9.3.1/../../../../arm-none-eabi/lib/thumb/v7e-m/nofp\libc_nano.a(lib_a-memset.o)
 .data          0x20000008        0x0 c:/program files (x86)/gnu arm embedded toolchain/9 2020-q2-update/bin/../lib/gcc/arm-none-eabi/9.3.1/thumb/v7e-m/nofp/crtend.o
 .data          0x20000008        0x0 c:/program files (x86)/gnu arm embedded toolchain/9 2020-q2-update/bin/../lib/gcc/arm-none-eabi/9.3.1/thumb/v7e-m/nofp/crtn.o
 *(.data.*)
 .data._impure_ptr
                0x20000008        0x4 c:/program files (x86)/gnu arm embedded toolchain/9 2020-q2-update/bin/../lib/gcc/arm-none-eabi/9.3.1/../../../../arm-none-eabi/lib/thumb/v7e-m/nofp\libc_nano.a(lib_a-impure.o)
                0x20000008                _impure_ptr
 .data.impure_data
                0x2000000c       0x60 c:/program files (x86)/gnu arm embedded toolchain/9 2020-q2-update/bin/../lib/gcc/arm-none-eabi/9.3.1/../../../../arm-none-eabi/lib/thumb/v7e-m/nofp\libc_nano.a(lib_a-impure.o)
                0x2000006c                . = ALIGN (0x4)
                0x2000006c                _edata = .

.init_array     0x2000006c        0x4 load address 0x08000edc
 .init_array    0x2000006c        0x4 c:/program files (x86)/gnu arm embedded toolchain/9 2020-q2-update/bin/../lib/gcc/arm-none-eabi/9.3.1/thumb/v7e-m/nofp/crtbegin.o

.fini_array     0x20000070        0x4 load address 0x08000ee0
 .fini_array    0x20000070        0x4 c:/program files (x86)/gnu arm embedded toolchain/9 2020-q2-update/bin/../lib/gcc/arm-none-eabi/9.3.1/thumb/v7e-m/nofp/crtbegin.o

.igot.plt       0x20000074        0x0 load address 0x08000ee4
 .igot.plt      0x20000074        0x0 c:/program files (x86)/gnu arm embedded toolchain/9 2020-q2-update/bin/../lib/gcc/arm-none-eabi/9.3.1/thumb/v7e-m/nofp/crtbegin.o

.bss            0x20000074       0x24 load address 0x08000ee4
                0x20000074                _sbss = .
                0x20000074                __bss_start__ = _sbss
 *(.bss)
 .bss           0x20000074        0x0 c:/program files (x86)/gnu arm embedded toolchain/9 2020-q2-update/bin/../lib/gcc/arm-none-eabi/9.3.1/thumb/v7e-m/nofp/crti.o
 .bss           0x20000074       0x1c c:/program files (x86)/gnu arm embedded toolchain/9 2020-q2-update/bin/../lib/gcc/arm-none-eabi/9.3.1/thumb/v7e-m/nofp/crtbegin.o
 .bss           0x20000090        0x0 c:/program files (x86)/gnu arm embedded toolchain/9 2020-q2-update/bin/../lib/gcc/arm-none-eabi/9.3.1/../../../../arm-none-eabi/lib/thumb/v7e-m/nofp/crt0.o
 .bss           0x20000090        0x0 main.o
 .bss           0x20000090        0x0 stm32f407xx_gpio_driver.o
 .bss           0x20000090        0x0 stm32_startup.o
 .bss           0x20000090        0x8 syscalls.o
                0x20000090                __env
 .bss           0x20000098        0x0 c:/program files (x86)/gnu arm embedded toolchain/9 2020-q2-update/bin/../lib/gcc/arm-none-eabi/9.3.1/../../../../arm-none-eabi/lib/thumb/v7e-m/nofp\libc_nano.a(lib_a-errno.o)
 .bss           0x20000098        0x0 c:/program files (x86)/gnu arm embedded toolchain/9 2020-q2-update/bin/../lib/gcc/arm-none-eabi/9.3.1/../../../../arm-none-eabi/lib/thumb/v7e-m/nofp\libc_nano.a(lib_a-exit.o)
 .bss           0x20000098        0x0 c:/program files (x86)/gnu arm embedded toolchain/9 2020-q2-update/bin/../lib/gcc/arm-none-eabi/9.3.1/../../../../arm-none-eabi/lib/thumb/v7e-m/nofp\libc_nano.a(lib_a-impure.o)
 .bss           0x20000098        0x0 c:/program files (x86)/gnu arm embedded toolchain/9 2020-q2-update/bin/../lib/gcc/arm-none-eabi/9.3.1/../../../../arm-none-eabi/lib/thumb/v7e-m/nofp\libc_nano.a(lib_a-init.o)
 .bss           0x20000098        0x0 c:/program files (x86)/gnu arm embedded toolchain/9 2020-q2-update/bin/../lib/gcc/arm-none-eabi/9.3.1/../../../../arm-none-eabi/lib/thumb/v7e-m/nofp\libc_nano.a(lib_a-memset.o)
 .bss           0x20000098        0x0 c:/program files (x86)/gnu arm embedded toolchain/9 2020-q2-update/bin/../lib/gcc/arm-none-eabi/9.3.1/thumb/v7e-m/nofp/crtend.o
 .bss           0x20000098        0x0 c:/program files (x86)/gnu arm embedded toolchain/9 2020-q2-update/bin/../lib/gcc/arm-none-eabi/9.3.1/thumb/v7e-m/nofp/crtn.o
 *(.bss.*)
 *(COMMON)
                0x20000098                . = ALIGN (0x4)
                0x20000098                _ebss = .
                0x20000098                __bss_end__ = _ebss
                0x20000098                . = ALIGN (0x4)
                0x20000098                end = .
OUTPUT(final.elf elf32-littlearm)
LOAD linker stubs

.ARM.attributes
                0x00000000       0x2a
 .ARM.attributes
                0x00000000       0x1e c:/program files (x86)/gnu arm embedded toolchain/9 2020-q2-update/bin/../lib/gcc/arm-none-eabi/9.3.1/thumb/v7e-m/nofp/crti.o
 .ARM.attributes
                0x0000001e       0x2e c:/program files (x86)/gnu arm embedded toolchain/9 2020-q2-update/bin/../lib/gcc/arm-none-eabi/9.3.1/thumb/v7e-m/nofp/crtbegin.o
 .ARM.attributes
                0x0000004c       0x1c c:/program files (x86)/gnu arm embedded toolchain/9 2020-q2-update/bin/../lib/gcc/arm-none-eabi/9.3.1/../../../../arm-none-eabi/lib/thumb/v7e-m/nofp/crt0.o
 .ARM.attributes
                0x00000068       0x2e main.o
 .ARM.attributes
                0x00000096       0x2e stm32f407xx_gpio_driver.o
 .ARM.attributes
                0x000000c4       0x2e stm32_startup.o
 .ARM.attributes
                0x000000f2       0x2e syscalls.o
 .ARM.attributes
                0x00000120       0x2e c:/program files (x86)/gnu arm embedded toolchain/9 2020-q2-update/bin/../lib/gcc/arm-none-eabi/9.3.1/../../../../arm-none-eabi/lib/thumb/v7e-m/nofp\libc_nano.a(lib_a-errno.o)
 .ARM.attributes
                0x0000014e       0x2e c:/program files (x86)/gnu arm embedded toolchain/9 2020-q2-update/bin/../lib/gcc/arm-none-eabi/9.3.1/../../../../arm-none-eabi/lib/thumb/v7e-m/nofp\libc_nano.a(lib_a-exit.o)
 .ARM.attributes
                0x0000017c       0x2e c:/program files (x86)/gnu arm embedded toolchain/9 2020-q2-update/bin/../lib/gcc/arm-none-eabi/9.3.1/../../../../arm-none-eabi/lib/thumb/v7e-m/nofp\libc_nano.a(lib_a-impure.o)
 .ARM.attributes
                0x000001aa       0x2e c:/program files (x86)/gnu arm embedded toolchain/9 2020-q2-update/bin/../lib/gcc/arm-none-eabi/9.3.1/../../../../arm-none-eabi/lib/thumb/v7e-m/nofp\libc_nano.a(lib_a-init.o)
 .ARM.attributes
                0x000001d8       0x2e c:/program files (x86)/gnu arm embedded toolchain/9 2020-q2-update/bin/../lib/gcc/arm-none-eabi/9.3.1/../../../../arm-none-eabi/lib/thumb/v7e-m/nofp\libc_nano.a(lib_a-memset.o)
 .ARM.attributes
                0x00000206       0x2e c:/program files (x86)/gnu arm embedded toolchain/9 2020-q2-update/bin/../lib/gcc/arm-none-eabi/9.3.1/thumb/v7e-m/nofp/crtend.o
 .ARM.attributes
                0x00000234       0x1e c:/program files (x86)/gnu arm embedded toolchain/9 2020-q2-update/bin/../lib/gcc/arm-none-eabi/9.3.1/thumb/v7e-m/nofp/crtn.o

.comment        0x00000000       0x4c
 .comment       0x00000000       0x4c main.o
                                 0x4d (size before relaxing)
 .comment       0x0000004c       0x4d stm32f407xx_gpio_driver.o
 .comment       0x0000004c       0x4d stm32_startup.o
 .comment       0x0000004c       0x4d syscalls.o

.debug_frame    0x00000000       0x94
 .debug_frame   0x00000000       0x20 c:/program files (x86)/gnu arm embedded toolchain/9 2020-q2-update/bin/../lib/gcc/arm-none-eabi/9.3.1/../../../../arm-none-eabi/lib/thumb/v7e-m/nofp\libc_nano.a(lib_a-errno.o)
 .debug_frame   0x00000020       0x28 c:/program files (x86)/gnu arm embedded toolchain/9 2020-q2-update/bin/../lib/gcc/arm-none-eabi/9.3.1/../../../../arm-none-eabi/lib/thumb/v7e-m/nofp\libc_nano.a(lib_a-exit.o)
 .debug_frame   0x00000048       0x2c c:/program files (x86)/gnu arm embedded toolchain/9 2020-q2-update/bin/../lib/gcc/arm-none-eabi/9.3.1/../../../../arm-none-eabi/lib/thumb/v7e-m/nofp\libc_nano.a(lib_a-init.o)
 .debug_frame   0x00000074       0x20 c:/program files (x86)/gnu arm embedded toolchain/9 2020-q2-update/bin/../lib/gcc/arm-none-eabi/9.3.1/../../../../arm-none-eabi/lib/thumb/v7e-m/nofp\libc_nano.a(lib_a-memset.o)
