stm32f4xx.h:180:16:uint8_t gpio_baseAddr_to_code(GPIO_RegDef_t*)	16	static
stm32f446re_gpio_driver.cpp:25:1:GPIO_Handler::GPIO_Handler(GPIO_RegDef_t*, uint8_t, uint8_t, uint8_t, uint8_t, uint8_t, uint8_t, uint8_t)	32	static
stm32f446re_gpio_driver.cpp:60:1:GPIO_Handler::~GPIO_Handler()	16	static
stm32f446re_gpio_driver.cpp:65:6:void GPIO_Handler::GPIO_PeriClockControl()	16	static
stm32f446re_gpio_driver.cpp:86:6:void GPIO_Handler::GPIO_Init()	32	static
stm32f446re_gpio_driver.cpp:159:6:void GPIO_Handler::GPIO_DeInit()	16	static
stm32f446re_gpio_driver.cpp:187:9:uint8_t GPIO_Handler::GPIO_ReadFromInputPin() const	24	static
stm32f446re_gpio_driver.cpp:193:10:uint16_t GPIO_Handler::GPIO_ReadFromInputPort() const	24	static
stm32f446re_gpio_driver.cpp:199:6:void GPIO_Handler::GPIO_WriteToOutputPin(uint8_t)	16	static
stm32f446re_gpio_driver.cpp:208:6:void GPIO_Handler::GPIO_WriteToOutputPort(uint16_t)	16	static
stm32f446re_gpio_driver.cpp:213:6:void GPIO_Handler::GPIO_ToggleOutputPin()	16	static
stm32f446re_gpio_driver.cpp:227:6:void GPIO_Handler::GPIO_IRQInterruptConfig(uint8_t, uint8_t)	16	static
stm32f446re_gpio_driver.cpp:255:6:void GPIO_Handler::GPIO_IRQPriorityConfig(uint8_t, uint8_t)	24	static
stm32f446re_gpio_driver.cpp:264:6:void GPIO_Handler::GPIO_IRQHandling()	16	static
stm32f446re_gpio_driver.cpp:272:23:uint8_t get_irq_pinNum(uint8_t)	16	static
