std_function.h:299:7:) [with _Res = unsigned char; _Functor = unsigned char (*)(unsigned char, unsigned char*, long unsigned int); _ArgTypes = {unsigned char, unsigned char*, long unsigned int}]	12	static
std_function.h:212:2:static bool std::_Function_base::_Base_manager<_Functor>::_M_manager(std::_Any_data&, const std::_Any_data&, std::_Manager_operation) [with _Functor = unsigned char (*)(unsigned char, unsigned char*, long unsigned int)]	0	static
std_function.h:299:7:) [with _Res = unsigned char; _Functor = unsigned char (*)(unsigned char, const unsigned char*, long unsigned int); _ArgTypes = {unsigned char, const unsigned char*, long unsigned int}]	12	static
std_function.h:212:2:static bool std::_Function_base::_Base_manager<_Functor>::_M_manager(std::_Any_data&, const std::_Any_data&, std::_Manager_operation) [with _Functor = unsigned char (*)(unsigned char, const unsigned char*, long unsigned int)]	0	static
std_function.h:314:7:) [with _Functor = void (*)(long unsigned int); _ArgTypes = {long unsigned int}]	0	static
std_function.h:212:2:static bool std::_Function_base::_Base_manager<_Functor>::_M_manager(std::_Any_data&, const std::_Any_data&, std::_Manager_operation) [with _Functor = void (*)(long unsigned int)]	0	static
spi_readSensordata.cpp:97:6:void user_delay_us(u32)	0	static
spi_readSensordata.cpp:102:4:u8 user_spi_read(u8, u8*, u32)	88	static
spi_readSensordata.cpp:120:4:u8 user_spi_write(u8, const u8*, u32)	48	static
spi_readSensordata.cpp:74:6:void InitilizePeripheral()	96	static
spi_readSensordata.cpp:40:5:int main()	56	static
spi_readSensordata.cpp:172:10:void SPI1_IRQHandler()	0	static
spi_readSensordata.cpp:176:1:cpp)	0	static
spi_readSensordata.cpp:176:1:cpp)	8	static
