gthr-default.h:229:1:int __gthread_key_delete(__gthread_key_t)	16	static
ios_base.h:83:3:constexpr std::_Ios_Fmtflags std::operator&(std::_Ios_Fmtflags, std::_Ios_Fmtflags)	16	static
ios_base.h:87:3:constexpr std::_Ios_Fmtflags std::operator|(std::_Ios_Fmtflags, std::_Ios_Fmtflags)	16	static
ios_base.h:95:3:constexpr std::_Ios_Fmtflags std::operator~(std::_Ios_Fmtflags)	16	static
ios_base.h:99:3:const std::_Ios_Fmtflags& std::operator|=(std::_Ios_Fmtflags&, std::_Ios_Fmtflags)	16	static
ios_base.h:103:3:const std::_Ios_Fmtflags& std::operator&=(std::_Ios_Fmtflags&, std::_Ios_Fmtflags)	16	static
ios_base.h:663:5:std::ios_base::fmtflags std::ios_base::setf(std::ios_base::fmtflags, std::ios_base::fmtflags)	40	static
ios_base.h:1041:3:std::ios_base& std::fixed(std::ios_base&)	16	static
iomanip:195:3:std::_Setprecision std::setprecision(int)	16	static
spi_readSensordata.cpp:45:6:void user_delay_us(uint32_t, void*)	24	static
spi_readSensordata.cpp:53:8:int8_t user_spi_read(uint8_t, uint8_t*, uint32_t, void*)	88	static
spi_readSensordata.cpp:71:8:int8_t user_spi_write(uint8_t, const uint8_t*, uint32_t, void*)	56	static
spi_readSensordata.cpp:85:6:void printSensorData(const bme280_data&)	40	static
spi_readSensordata.cpp:97:5:int main()	40	static
spi_readSensordata.cpp:141:6:void InitilizePeripheral()	40	static
spi_readSensordata.cpp:166:10:void SPI1_IRQHandler()	8	static
spi_readSensordata.cpp:170:1:void __static_initialization_and_destruction_0(int, int)	16	static
spi_readSensordata.cpp:170:1:cpp)	8	static
spi_readSensordata.cpp:170:1:cpp)	8	static
