temp.c:404:8:bme280_init	24	static
temp.c:459:8:bme280_get_regs	40	static
temp.c:496:8:bme280_set_regs	64	static
temp.c:567:8:bme280_set_sensor_settings	24	static
temp.c:612:8:bme280_get_sensor_settings	24	static
temp.c:637:8:bme280_set_sensor_mode	24	static
temp.c:670:8:bme280_get_sensor_mode	24	static
temp.c:696:8:bme280_soft_reset	24	static
temp.c:741:8:bme280_get_sensor_data	48	static
temp.c:782:6:bme280_parse_sensor_data	32	static
temp.c:812:8:bme280_compensate_data	40	static
temp.c:857:10:bme280_cal_meas_delay	32	static
temp.c:907:15:set_osr_settings	32	static
temp.c:927:15:set_osr_humidity_settings	24	static
temp.c:960:15:set_osr_press_temp_settings	32	static
temp.c:993:15:set_filter_standby_settings	32	static
temp.c:1026:13:fill_filter_settings	16	static
temp.c:1035:13:fill_standby_settings	16	static
temp.c:1044:13:fill_osr_press_settings	16	static
temp.c:1053:13:fill_osr_temp_settings	16	static
temp.c:1063:13:parse_device_settings	16	static
temp.c:1075:15:write_power_mode	24	static
temp.c:1101:15:put_device_to_sleep	32	static
temp.c:1127:15:reload_device_settings	24	static
temp.c:1147:15:compensate_temperature	64	static
temp.c:1178:15:compensate_pressure	72	static
temp.c:1226:15:compensate_humidity	96	static
temp.c:1453:15:get_calib_data	48	static
temp.c:1491:13:interleave_reg_addr	32	static
temp.c:1506:13:parse_temp_press_calib_data	24	static
temp.c:1529:13:parse_humidity_calib_data	32	static
temp.c:1552:16:are_settings_changed	24	static
temp.c:1574:15:null_ptr_check	24	static
